Archive member included to satisfy reference by file (symbol)

c:/program files (x86)/gnu arm embedded toolchain/10 2021.07/bin/../lib/gcc/arm-none-eabi/10.3.1/../../../../arm-none-eabi/lib/thumb/v7-m/nofp\libg.a(lib_a-exit.o)
                              c:/program files (x86)/gnu arm embedded toolchain/10 2021.07/bin/../lib/gcc/arm-none-eabi/10.3.1/../../../../arm-none-eabi/lib/thumb/v7-m/nofp/crt0.o (exit)
c:/program files (x86)/gnu arm embedded toolchain/10 2021.07/bin/../lib/gcc/arm-none-eabi/10.3.1/../../../../arm-none-eabi/lib/thumb/v7-m/nofp\libg.a(lib_a-impure.o)
                              c:/program files (x86)/gnu arm embedded toolchain/10 2021.07/bin/../lib/gcc/arm-none-eabi/10.3.1/../../../../arm-none-eabi/lib/thumb/v7-m/nofp\libg.a(lib_a-exit.o) (_global_impure_ptr)
c:/program files (x86)/gnu arm embedded toolchain/10 2021.07/bin/../lib/gcc/arm-none-eabi/10.3.1/../../../../arm-none-eabi/lib/thumb/v7-m/nofp\libg.a(lib_a-init.o)
                              c:/program files (x86)/gnu arm embedded toolchain/10 2021.07/bin/../lib/gcc/arm-none-eabi/10.3.1/../../../../arm-none-eabi/lib/thumb/v7-m/nofp/crt0.o (__libc_init_array)
c:/program files (x86)/gnu arm embedded toolchain/10 2021.07/bin/../lib/gcc/arm-none-eabi/10.3.1/../../../../arm-none-eabi/lib/thumb/v7-m/nofp\libg.a(lib_a-iprintf.o)
                              objdir/main_cw521.o (iprintf)
c:/program files (x86)/gnu arm embedded toolchain/10 2021.07/bin/../lib/gcc/arm-none-eabi/10.3.1/../../../../arm-none-eabi/lib/thumb/v7-m/nofp\libg.a(lib_a-memcpy.o)
                              objdir/flash_efc.o (memcpy)
c:/program files (x86)/gnu arm embedded toolchain/10 2021.07/bin/../lib/gcc/arm-none-eabi/10.3.1/../../../../arm-none-eabi/lib/thumb/v7-m/nofp\libg.a(lib_a-memset.o)
                              c:/program files (x86)/gnu arm embedded toolchain/10 2021.07/bin/../lib/gcc/arm-none-eabi/10.3.1/../../../../arm-none-eabi/lib/thumb/v7-m/nofp/crt0.o (memset)
c:/program files (x86)/gnu arm embedded toolchain/10 2021.07/bin/../lib/gcc/arm-none-eabi/10.3.1/../../../../arm-none-eabi/lib/thumb/v7-m/nofp\libg.a(lib_a-setbuf.o)
                              objdir/main_cw521.o (setbuf)
c:/program files (x86)/gnu arm embedded toolchain/10 2021.07/bin/../lib/gcc/arm-none-eabi/10.3.1/../../../../arm-none-eabi/lib/thumb/v7-m/nofp\libg.a(lib_a-setvbuf.o)
                              c:/program files (x86)/gnu arm embedded toolchain/10 2021.07/bin/../lib/gcc/arm-none-eabi/10.3.1/../../../../arm-none-eabi/lib/thumb/v7-m/nofp\libg.a(lib_a-setbuf.o) (setvbuf)
c:/program files (x86)/gnu arm embedded toolchain/10 2021.07/bin/../lib/gcc/arm-none-eabi/10.3.1/../../../../arm-none-eabi/lib/thumb/v7-m/nofp\libg.a(lib_a-sprintf.o)
                              objdir/main_cw521.o (sprintf)
c:/program files (x86)/gnu arm embedded toolchain/10 2021.07/bin/../lib/gcc/arm-none-eabi/10.3.1/../../../../arm-none-eabi/lib/thumb/v7-m/nofp\libg.a(lib_a-strlen-stub.o)
                              objdir/naeusb/naeusb_default.o (strlen)
c:/program files (x86)/gnu arm embedded toolchain/10 2021.07/bin/../lib/gcc/arm-none-eabi/10.3.1/../../../../arm-none-eabi/lib/thumb/v7-m/nofp\libg.a(lib_a-strncpy.o)
                              objdir/naeusb/naeusb_default.o (strncpy)
c:/program files (x86)/gnu arm embedded toolchain/10 2021.07/bin/../lib/gcc/arm-none-eabi/10.3.1/../../../../arm-none-eabi/lib/thumb/v7-m/nofp\libg.a(lib_a-svfprintf.o)
                              c:/program files (x86)/gnu arm embedded toolchain/10 2021.07/bin/../lib/gcc/arm-none-eabi/10.3.1/../../../../arm-none-eabi/lib/thumb/v7-m/nofp\libg.a(lib_a-sprintf.o) (_svfprintf_r)
c:/program files (x86)/gnu arm embedded toolchain/10 2021.07/bin/../lib/gcc/arm-none-eabi/10.3.1/../../../../arm-none-eabi/lib/thumb/v7-m/nofp\libg.a(lib_a-vfiprintf.o)
                              c:/program files (x86)/gnu arm embedded toolchain/10 2021.07/bin/../lib/gcc/arm-none-eabi/10.3.1/../../../../arm-none-eabi/lib/thumb/v7-m/nofp\libg.a(lib_a-iprintf.o) (_vfiprintf_r)
c:/program files (x86)/gnu arm embedded toolchain/10 2021.07/bin/../lib/gcc/arm-none-eabi/10.3.1/../../../../arm-none-eabi/lib/thumb/v7-m/nofp\libg.a(lib_a-wsetup.o)
                              c:/program files (x86)/gnu arm embedded toolchain/10 2021.07/bin/../lib/gcc/arm-none-eabi/10.3.1/../../../../arm-none-eabi/lib/thumb/v7-m/nofp\libg.a(lib_a-vfiprintf.o) (__swsetup_r)
c:/program files (x86)/gnu arm embedded toolchain/10 2021.07/bin/../lib/gcc/arm-none-eabi/10.3.1/../../../../arm-none-eabi/lib/thumb/v7-m/nofp\libg.a(lib_a-__call_atexit.o)
                              c:/program files (x86)/gnu arm embedded toolchain/10 2021.07/bin/../lib/gcc/arm-none-eabi/10.3.1/../../../../arm-none-eabi/lib/thumb/v7-m/nofp\libg.a(lib_a-exit.o) (__call_exitprocs)
c:/program files (x86)/gnu arm embedded toolchain/10 2021.07/bin/../lib/gcc/arm-none-eabi/10.3.1/../../../../arm-none-eabi/lib/thumb/v7-m/nofp\libg.a(lib_a-atexit.o)
[...]
Memory Configuration

Name             Origin             Length             Attributes
flash0           0x00080000         0x00020000         w !xr
flash1           0x00100000         0x00020000         w !xr
sram0            0x20000000         0x00008000         w !xr
sram1            0x20080000         0x00004000         w !xr
rom              0x000e0000         0x00040000         xr
ram              0x20078000         0x0000c000         xrw
*default*        0x00000000         0xffffffff

Linker script and memory map

LOAD c:/program files (x86)/gnu arm embedded toolchain/10 2021.07/bin/../lib/gcc/arm-none-eabi/10.3.1/thumb/v7-m/nofp/crti.o
LOAD c:/program files (x86)/gnu arm embedded toolchain/10 2021.07/bin/../lib/gcc/arm-none-eabi/10.3.1/thumb/v7-m/nofp/crtbegin.o
LOAD c:/program files (x86)/gnu arm embedded toolchain/10 2021.07/bin/../lib/gcc/arm-none-eabi/10.3.1/../../../../arm-none-eabi/lib/thumb/v7-m/nofp/crt0.o
LOAD objdir/main_cw521.o
LOAD objdir/naeusb_ballistic.o
LOAD objdir/naeusb/naeusb.o
LOAD objdir/naeusb/naeusb_default.o
LOAD objdir/naeusb/udc.o
LOAD objdir/naeusb/usb_xmem.o
LOAD objdir/flash_efc.o
LOAD objdir/cycle_counter.o
LOAD objdir/usart.o
LOAD objdir/smc.o
LOAD objdir/pio_handler.o
LOAD objdir/udphs_device.o
LOAD objdir/write.o
LOAD objdir/led.o
LOAD objdir/startup_sam3u.o
LOAD objdir/spi.o
LOAD objdir/sysclk.o
LOAD objdir/pmc.o
LOAD objdir/udi_vendor.o
LOAD objdir/efc.o
LOAD objdir/pio.o
LOAD objdir/exceptions.o
LOAD objdir/chipid.o
LOAD objdir/twi.o
LOAD objdir/sleep.o
LOAD objdir/syscalls.o
LOAD objdir/uart.o
LOAD objdir/init.o
LOAD objdir/circbuffer.o
LOAD objdir/interrupt_sam_nvic.o
LOAD objdir/read.o
LOAD objdir/udi_vendor_desc.o
LOAD objdir/system_sam3u.o
LOAD objdir/tc.o
LOAD objdir/sleepmgr.o
LOAD objdir/ui_cw305.o
LOAD objdir/usart_serial.o
START GROUP
LOAD c:/program files (x86)/gnu arm embedded toolchain/10 2021.07/bin/../lib/gcc/arm-none-eabi/10.3.1/../../../../arm-none-eabi/lib/thumb/v7-m/nofp\libm.a
END GROUP
LOAD c:/program files (x86)/gnu arm embedded toolchain/10 2021.07/bin/../lib/gcc/arm-none-eabi/10.3.1/../../../../arm-none-eabi/lib/thumb/v7-m/nofp\libm.a
START GROUP
LOAD c:/program files (x86)/gnu arm embedded toolchain/10 2021.07/bin/../lib/gcc/arm-none-eabi/10.3.1/thumb/v7-m/nofp\libgcc.a
LOAD c:/program files (x86)/gnu arm embedded toolchain/10 2021.07/bin/../lib/gcc/arm-none-eabi/10.3.1/../../../../arm-none-eabi/lib/thumb/v7-m/nofp\libg.a
LOAD c:/program files (x86)/gnu arm embedded toolchain/10 2021.07/bin/../lib/gcc/arm-none-eabi/10.3.1/../../../../arm-none-eabi/lib/thumb/v7-m/nofp\libc.a
END GROUP
LOAD c:/program files (x86)/gnu arm embedded toolchain/10 2021.07/bin/../lib/gcc/arm-none-eabi/10.3.1/thumb/v7-m/nofp/crtend.o
LOAD c:/program files (x86)/gnu arm embedded toolchain/10 2021.07/bin/../lib/gcc/arm-none-eabi/10.3.1/thumb/v7-m/nofp/crtn.o
                0x00004000                __stack_size__ = DEFINED (__stack_size__)?__stack_size__:0x4000
                0x20083ffc                __ram_end__ = ((ORIGIN (ram) + LENGTH (ram)) - 0x4)

.text           0x00080000     0xaffc
                0x00080000                . = ALIGN (0x4)
                0x00080000                _sfixed = .
 *(.vectors .vectors.*)
 .vectors       0x00080000       0xbc objdir/startup_sam3u.o
                0x00080000                exception_table
 *(.text .text.* .gnu.linkonce.t.*)
 .text          0x000800bc       0x40 c:/program files (x86)/gnu arm embedded toolchain/10 2021.07/bin/../lib/gcc/arm-none-eabi/10.3.1/thumb/v7-m/nofp/crtbegin.o
 .text.usart_serial_getchar
                0x000800fc       0x9c objdir/main_cw521.o
 .text.usart_serial_putchar
                0x00080198       0x94 objdir/main_cw521.o
 .text.startup.main
                0x0008022c      0x2dc objdir/main_cw521.o
                0x0008022c                main
 .text.ctrl_testmem
                0x00080508      0x128 objdir/naeusb_ballistic.o
                0x00080508                ctrl_testmem
 .text.ctrl_readmem_ctrl
                0x00080630       0x38 objdir/naeusb_ballistic.o
                0x00080630                ctrl_readmem_ctrl
 .text.ctrl_writemem_ctrl
                0x00080668       0x50 objdir/naeusb_ballistic.o
                0x00080668                ctrl_writemem_ctrl
 .text.ctrl_writemem_bulk
                0x000806b8       0x2c objdir/naeusb_ballistic.o
                0x000806b8                ctrl_writemem_bulk
 .text.ctrl_readmem_bulk
                0x000806e4       0x38 objdir/naeusb_ballistic.o
                0x000806e4                ctrl_readmem_bulk
 .text.ctrl_readmem_rng_bulk
                0x0008071c       0x38 objdir/naeusb_ballistic.o
                0x0008071c                ctrl_readmem_rng_bulk
 .text.ballistic_setup_in_received
                0x00080754       0x48 objdir/naeusb_ballistic.o
                0x00080754                ballistic_setup_in_received
 .text.main_vendor_bulk_in_received
                0x0008079c       0x24 objdir/naeusb_ballistic.o
                0x0008079c                main_vendor_bulk_in_received
 .text.main_vendor_bulk_out_received
                0x000807c0       0x64 objdir/naeusb_ballistic.o
                0x000807c0                main_vendor_bulk_out_received
 .text.ctrl_writemem_rng
                0x00080824       0x94 objdir/naeusb_ballistic.o
                0x00080824                ctrl_writemem_rng
 .text.ballistic_setup_out_received
                0x000808b8       0x78 objdir/naeusb_ballistic.o
                0x000808b8                ballistic_setup_out_received
 .text.ballistic_register_handlers
                0x00080930       0x24 objdir/naeusb_ballistic.o
                0x00080930                ballistic_register_handlers
 .text.naeusb_add_in_handler
                0x00080954       0x28 objdir/naeusb/naeusb.o
                0x00080954                naeusb_add_in_handler
 .text.naeusb_add_out_handler
                0x0008097c       0x28 objdir/naeusb/naeusb.o
                0x0008097c                naeusb_add_out_handler
 .text.main_suspend_action
                0x000809a4        0x8 objdir/naeusb/naeusb.o
                0x000809a4                main_suspend_action
 .text.main_resume_action
                0x000809ac        0x8 objdir/naeusb/naeusb.o
                0x000809ac                main_resume_action
 .text.main_sof_action
                0x000809b4       0x24 objdir/naeusb/naeusb.o
                0x000809b4                main_sof_action
 .text.main_vendor_enable
                0x000809d8       0x28 objdir/naeusb/naeusb.o
                0x000809d8                main_vendor_enable
 .text.main_vendor_disable
                0x00080a00        0xc objdir/naeusb/naeusb.o
                0x00080a00                main_vendor_disable
 .text.main_setup_out_received
                0x00080a0c       0x50 objdir/naeusb/naeusb.o
                0x00080a0c                main_setup_out_received
 .text.main_setup_in_received
                0x00080a5c       0x38 objdir/naeusb/naeusb.o
                0x00080a5c                main_setup_in_received
 .text.naeusb_setup_out_received
                0x00080a94       0x1c objdir/naeusb/naeusb_default.o
                0x00080a94                naeusb_setup_out_received
 .text.naeusb_sam_cfg_out
                0x00080ab0       0xb4 objdir/naeusb/naeusb_default.o
                0x00080ab0                naeusb_sam_cfg_out
 .text.naeusb_setup_in_received
                0x00080b64       0x70 objdir/naeusb/naeusb_default.o
                0x00080b64                naeusb_setup_in_received
 .text.naeusb_register_handlers
                0x00080bd4       0x24 objdir/naeusb/naeusb_default.o
                0x00080bd4                naeusb_register_handlers
 .text.udc_valid_address
                0x00080bf8       0x14 objdir/naeusb/udc.o
 .text.udc_update_iface_desc.part.0
                0x00080c0c       0x60 objdir/naeusb/udc.o
 .text.udc_iface_enable.part.0
                0x00080c6c       0x5c objdir/naeusb/udc.o
 .text.udc_iface_disable.part.0
                0x00080cc8       0xb0 objdir/naeusb/udc.o
 .text.udc_get_interface_desc
                0x00080d78        0xc objdir/naeusb/udc.o
                0x00080d78                udc_get_interface_desc
 .text.udc_start
                0x00080d84        0x8 objdir/naeusb/udc.o
                0x00080d84                udc_start
 .text.udc_reset
                0x00080d8c       0x98 objdir/naeusb/udc.o
                0x00080d8c                udc_reset
 .text.udc_sof_notify
                0x00080e24       0x50 objdir/naeusb/udc.o
                0x00080e24                udc_sof_notify
 .text.udc_process_setup
                0x00080e74      0x6dc objdir/naeusb/udc.o
                0x00080e74                udc_process_setup
 .text.FPGA_setlock
                0x00081550       0x30 objdir/naeusb/usb_xmem.o
                0x00081550                FPGA_setlock
 .text.FPGA_releaselock
                0x00081580        0xc objdir/naeusb/usb_xmem.o
                0x00081580                FPGA_releaselock
 .text.FPGA_lockstatus
                0x0008158c        0xc objdir/naeusb/usb_xmem.o
                0x0008158c                FPGA_lockstatus
 .text.flash_read_unique_id
                0x00081598       0x4c objdir/flash_efc.o
                0x00081598                flash_read_unique_id
 .text.usart_write
                0x000815e4       0x14 objdir/usart.o
                0x000815e4                usart_write
 .text.usart_read
                0x000815f8       0x18 objdir/usart.o
                0x000815f8                usart_read
 .text.smc_set_setup_timing
                0x00081610        0xc objdir/smc.o
                0x00081610                smc_set_setup_timing
 .text.smc_set_pulse_timing
                0x0008161c        0xc objdir/smc.o
                0x0008161c                smc_set_pulse_timing
 .text.smc_set_cycle_timing
                0x00081628        0xc objdir/smc.o
                0x00081628                smc_set_cycle_timing
 .text.smc_set_mode
                0x00081634       0x10 objdir/smc.o
                0x00081634                smc_set_mode
 .text.PIOA_Handler
                0x00081644       0xcc objdir/pio_handler.o
                0x00081644                PIOA_Handler
 .text.PIOB_Handler
                0x00081710       0xcc objdir/pio_handler.o
                0x00081710                PIOB_Handler
 .text.PIOC_Handler
                0x000817dc       0xcc objdir/pio_handler.o
                0x000817dc                PIOC_Handler
 .text.udd_ep_trans_done
                0x000818a8      0x1cc objdir/udphs_device.o
 .text.udd_ctrl_in_sent
                0x00081a74      0x1a0 objdir/udphs_device.o
 .text.UDPHS_Handler
                0x00081c14      0x830 objdir/udphs_device.o
                0x00081c14                UDPHS_Handler
 .text.udd_attach
                0x00082444       0xd0 objdir/udphs_device.o
                0x00082444                udd_attach
 .text.udd_enable
                0x00082514       0xc0 objdir/udphs_device.o
                0x00082514                udd_enable
 .text.udd_detach
                0x000825d4       0x74 objdir/udphs_device.o
                0x000825d4                udd_detach
 .text.udd_is_high_speed
                0x00082648       0x10 objdir/udphs_device.o
                0x00082648                udd_is_high_speed
 .text.udd_set_address
                0x00082658       0x28 objdir/udphs_device.o
                0x00082658                udd_set_address
 .text.udd_getaddress
                0x00082680       0x10 objdir/udphs_device.o
                0x00082680                udd_getaddress
 .text.udd_get_frame_number
                0x00082690       0x10 objdir/udphs_device.o
                0x00082690                udd_get_frame_number
 .text.udd_set_setup_payload
                0x000826a0        0xc objdir/udphs_device.o
                0x000826a0                udd_set_setup_payload
 .text.udd_ep_free
                0x000826ac       0x84 objdir/udphs_device.o
                0x000826ac                udd_ep_free
 .text.udd_ep_is_halted
                0x00082730       0x34 objdir/udphs_device.o
                0x00082730                udd_ep_is_halted
 .text.udd_ep_set_halt
                0x00082764       0xa8 objdir/udphs_device.o
                0x00082764                udd_ep_set_halt
 .text.udd_ep_clear_halt
                0x0008280c       0xcc objdir/udphs_device.o
                0x0008280c                udd_ep_clear_halt
 .text.udd_ep_run
                0x000828d8       0xd8 objdir/udphs_device.o
                0x000828d8                udd_ep_run
 .text.udd_ep_alloc
                0x000829b0      0x32c objdir/udphs_device.o
                0x000829b0                udd_ep_alloc
 .text.udd_ep_abort
                0x00082cdc       0xa8 objdir/udphs_device.o
                0x00082cdc                udd_ep_abort
 .text.udd_test_mode_j
                0x00082d84       0x24 objdir/udphs_device.o
                0x00082d84                udd_test_mode_j
 .text.udd_test_mode_k
                0x00082da8       0x24 objdir/udphs_device.o
                0x00082da8                udd_test_mode_k
 .text.udd_test_mode_se0_nak
                0x00082dcc       0x18 objdir/udphs_device.o
                0x00082dcc                udd_test_mode_se0_nak
 .text.udd_test_mode_packet
                0x00082de4       0x9c objdir/udphs_device.o
                0x00082de4                udd_test_mode_packet
 .text._write   0x00082e80       0x4c objdir/write.o
                0x00082e80                _write
 .text.LED_Off  0x00082ecc       0x18 objdir/led.o
                0x00082ecc                LED_Off
 .text.LED_On   0x00082ee4       0x18 objdir/led.o
                0x00082ee4                LED_On
 .text.Reset_Handler
                0x00082efc       0x8c objdir/startup_sam3u.o
                0x00082efc                Reset_Handler
 .text.sysclk_enable_usb
                0x00082f88       0x34 objdir/sysclk.o
                0x00082f88                sysclk_enable_usb
 .text.sysclk_init
                0x00082fbc       0x7c objdir/sysclk.o
                0x00082fbc                sysclk_init
 .text.pmc_switch_mck_to_mainck
                0x00083038       0x5c objdir/pmc.o
                0x00083038                pmc_switch_mck_to_mainck
 .text.pmc_switch_mck_to_pllack
                0x00083094       0x5c objdir/pmc.o
                0x00083094                pmc_switch_mck_to_pllack
 .text.pmc_osc_enable_main_xtal
                0x000830f0       0x24 objdir/pmc.o
                0x000830f0                pmc_osc_enable_main_xtal
 .text.pmc_osc_is_ready_main_xtal
                0x00083114       0x10 objdir/pmc.o
                0x00083114                pmc_osc_is_ready_main_xtal
 .text.pmc_osc_is_ready_mainck
                0x00083124       0x10 objdir/pmc.o
                0x00083124                pmc_osc_is_ready_mainck
 .text.pmc_mainck_osc_select
                0x00083134       0x28 objdir/pmc.o
                0x00083134                pmc_mainck_osc_select
 .text.pmc_disable_pllack
                0x0008315c       0x10 objdir/pmc.o
                0x0008315c                pmc_disable_pllack
 .text.pmc_is_locked_pllack
                0x0008316c       0x10 objdir/pmc.o
                0x0008316c                pmc_is_locked_pllack
 .text.pmc_disable_upll_clock
                0x0008317c       0x10 objdir/pmc.o
                0x0008317c                pmc_disable_upll_clock
 .text.pmc_is_locked_upll
                0x0008318c       0x10 objdir/pmc.o
                0x0008318c                pmc_is_locked_upll
 .text.pmc_enable_periph_clk
                0x0008319c       0x24 objdir/pmc.o
                0x0008319c                pmc_enable_periph_clk
 .text.pmc_disable_periph_clk
                0x000831c0       0x24 objdir/pmc.o
                0x000831c0                pmc_disable_periph_clk
 .text.pmc_set_fast_startup_input
                0x000831e4       0x14 objdir/pmc.o
                0x000831e4                pmc_set_fast_startup_input
 .text.pmc_enable_waitmode
                0x000831f8       0x34 objdir/pmc.o
                0x000831f8                pmc_enable_waitmode
 .text.udi_vendor_getsetting
                0x0008322c        0xc objdir/udi_vendor.o
                0x0008322c                udi_vendor_getsetting
 .text.udi_vendor_disable
                0x00083238       0x14 objdir/udi_vendor.o
                0x00083238                udi_vendor_disable
 .text.udi_vendor_setup
                0x0008324c       0x30 objdir/udi_vendor.o
                0x0008324c                udi_vendor_setup
 .text.udi_vendor_enable
                0x0008327c       0x28 objdir/udi_vendor.o
                0x0008327c                udi_vendor_enable
 .text.udi_vendor_bulk_in_run
                0x000832a4       0x20 objdir/udi_vendor.o
                0x000832a4                udi_vendor_bulk_in_run
 .text.udi_vendor_bulk_out_run
                0x000832c4       0x20 objdir/udi_vendor.o
                0x000832c4                udi_vendor_bulk_out_run
 .text.efc_perform_command
                0x000832e4       0x4c objdir/efc.o
                0x000832e4                efc_perform_command
 .text.pio_get_interrupt_status
                0x00083330        0x4 objdir/pio.o
                0x00083330                pio_get_interrupt_status
 .text.pio_get_interrupt_mask
                0x00083334        0x4 objdir/pio.o
                0x00083334                pio_get_interrupt_mask
 .text.pio_set_pin_high
                0x00083338       0x1c objdir/pio.o
                0x00083338                pio_set_pin_high
 .text.pio_set_pin_low
                0x00083354       0x1c objdir/pio.o
                0x00083354                pio_set_pin_low
 .text.pio_configure_pin
                0x00083370       0xf8 objdir/pio.o
                0x00083370                pio_configure_pin
 .text.pio_configure_pin_group
                0x00083468       0xc4 objdir/pio.o
                0x00083468                pio_configure_pin_group
 .text.Dummy_Handler
                0x0008352c        0x4 objdir/exceptions.o
                0x0008352c                DebugMon_Handler
                0x0008352c                DMAC_Handler
                0x0008352c                HardFault_Handler
                0x0008352c                TC2_Handler
                0x0008352c                SPI_Handler
                0x0008352c                SysTick_Handler
                0x0008352c                USART3_Handler
                0x0008352c                TWI1_Handler
                0x0008352c                PendSV_Handler
                0x0008352c                NMI_Handler
                0x0008352c                ADC_Handler
                0x0008352c                SMC_Handler
                0x0008352c                USART0_Handler
                0x0008352c                RTT_Handler
                0x0008352c                EFC1_Handler
                0x0008352c                ADC12B_Handler
                0x0008352c                RTC_Handler
                0x0008352c                UsageFault_Handler
                0x0008352c                WDT_Handler
                0x0008352c                TC1_Handler
                0x0008352c                HSMCI_Handler
                0x0008352c                Dummy_Handler
                0x0008352c                TWI0_Handler
                0x0008352c                USART1_Handler
                0x0008352c                SSC_Handler
                0x0008352c                EFC0_Handler
                0x0008352c                PMC_Handler
                0x0008352c                PWM_Handler
                0x0008352c                MemManage_Handler
                0x0008352c                SUPC_Handler
                0x0008352c                SVC_Handler
                0x0008352c                USART2_Handler
                0x0008352c                UART_Handler
                0x0008352c                BusFault_Handler
                0x0008352c                RSTC_Handler
                0x0008352c                TC0_Handler
 .text.pmc_sleep
                0x00083530      0x264 objdir/sleep.o
                0x00083530                pmc_sleep
 .text.pmc_is_wakeup_clocks_restored
                0x00083794       0x10 objdir/sleep.o
                0x00083794                pmc_is_wakeup_clocks_restored
 .text._sbrk    0x000837a4       0x40 objdir/syscalls.o
                0x000837a4                _sbrk
 .text._close   0x000837e4        0x8 objdir/syscalls.o
                0x000837e4                _close
 .text._fstat   0x000837ec        0xc objdir/syscalls.o
                0x000837ec                _fstat
 .text._isatty  0x000837f8        0x4 objdir/syscalls.o
                0x000837f8                _isatty
 .text._lseek   0x000837fc        0x4 objdir/syscalls.o
                0x000837fc                _lseek
 .text._exit    0x00083800       0x14 objdir/syscalls.o
                0x00083800                _exit
 .text._kill    0x00083814        0x4 objdir/syscalls.o
                0x00083814                _kill
 .text._getpid  0x00083818        0x8 objdir/syscalls.o
                0x00083818                _getpid
 .text.uart_init
                0x00083820       0x38 objdir/uart.o
                0x00083820                uart_init
 .text.uart_write
                0x00083858       0x10 objdir/uart.o
                0x00083858                uart_write
 .text.uart_read
                0x00083868       0x10 objdir/uart.o
                0x00083868                uart_read
 .text.board_init
                0x00083878       0x6c objdir/init.o
                0x00083878                board_init
 .text.cpu_irq_enter_critical
                0x000838e4       0x40 objdir/interrupt_sam_nvic.o
                0x000838e4                cpu_irq_enter_critical
 .text.cpu_irq_leave_critical
                0x00083924       0x2c objdir/interrupt_sam_nvic.o
                0x00083924                cpu_irq_leave_critical
 .text._read    0x00083950       0x40 objdir/read.o
                0x00083950                _read
 .text.SystemCoreClockUpdate
                0x00083990       0xec objdir/system_sam3u.o
                0x00083990                SystemCoreClockUpdate
 .text.ui_init  0x00083a7c       0x1c objdir/ui_cw305.o
                0x00083a7c                ui_init
 .text.ui_powerdown
                0x00083a98       0x24 objdir/ui_cw305.o
                0x00083a98                ui_powerdown
 .text.ui_wakeup
                0x00083abc       0x1c objdir/ui_cw305.o
                0x00083abc                ui_wakeup
 .text.ui_process
                0x00083ad8       0x58 objdir/ui_cw305.o
                0x00083ad8                ui_process
 .text.__libc_init_array
                0x00083b30       0x48 c:/program files (x86)/gnu arm embedded toolchain/10 2021.07/bin/../lib/gcc/arm-none-eabi/10.3.1/../../../../arm-none-eabi/lib/thumb/v7-m/nofp\libg.a(lib_a-init.o)
                0x00083b30                __libc_init_array
 .text.iprintf  0x00083b78       0x28 c:/program files (x86)/gnu arm embedded toolchain/10 2021.07/bin/../lib/gcc/arm-none-eabi/10.3.1/../../../../arm-none-eabi/lib/thumb/v7-m/nofp\libg.a(lib_a-iprintf.o)
                0x00083b78                iprintf
 .text          0x00083ba0       0xec c:/program files (x86)/gnu arm embedded toolchain/10 2021.07/bin/../lib/gcc/arm-none-eabi/10.3.1/../../../../arm-none-eabi/lib/thumb/v7-m/nofp\libg.a(lib_a-memcpy.o)
                0x00083ba0                memcpy
 .text.memset   0x00083c8c       0xa4 c:/program files (x86)/gnu arm embedded toolchain/10 2021.07/bin/../lib/gcc/arm-none-eabi/10.3.1/../../../../arm-none-eabi/lib/thumb/v7-m/nofp\libg.a(lib_a-memset.o)
                0x00083c8c                memset
 .text.setbuf   0x00083d30       0x10 c:/program files (x86)/gnu arm embedded toolchain/10 2021.07/bin/../lib/gcc/arm-none-eabi/10.3.1/../../../../arm-none-eabi/lib/thumb/v7-m/nofp\libg.a(lib_a-setbuf.o)
                0x00083d30                setbuf
 .text.setvbuf  0x00083d40      0x1b0 c:/program files (x86)/gnu arm embedded toolchain/10 2021.07/bin/../lib/gcc/arm-none-eabi/10.3.1/../../../../arm-none-eabi/lib/thumb/v7-m/nofp\libg.a(lib_a-setvbuf.o)
                0x00083d40                setvbuf
 .text.sprintf  0x00083ef0       0x44 c:/program files (x86)/gnu arm embedded toolchain/10 2021.07/bin/../lib/gcc/arm-none-eabi/10.3.1/../../../../arm-none-eabi/lib/thumb/v7-m/nofp\libg.a(lib_a-sprintf.o)
                0x00083ef0                sprintf
 .text.strlen   0x00083f34       0x5c c:/program files (x86)/gnu arm embedded toolchain/10 2021.07/bin/../lib/gcc/arm-none-eabi/10.3.1/../../../../arm-none-eabi/lib/thumb/v7-m/nofp\libg.a(lib_a-strlen-stub.o)
                0x00083f34                strlen
 .text.strncpy  0x00083f90       0x68 c:/program files (x86)/gnu arm embedded toolchain/10 2021.07/bin/../lib/gcc/arm-none-eabi/10.3.1/../../../../arm-none-eabi/lib/thumb/v7-m/nofp\libg.a(lib_a-strncpy.o)
                0x00083f90                strncpy
 .text._svfprintf_r
                0x00083ff8     0x1aa4 c:/program files (x86)/gnu arm embedded toolchain/10 2021.07/bin/../lib/gcc/arm-none-eabi/10.3.1/../../../../arm-none-eabi/lib/thumb/v7-m/nofp\libg.a(lib_a-svfprintf.o)
                0x00083ff8                _svfprintf_r
 .text.__sprint_r.part.0
                0x00085a9c       0x78 c:/program files (x86)/gnu arm embedded toolchain/10 2021.07/bin/../lib/gcc/arm-none-eabi/10.3.1/../../../../arm-none-eabi/lib/thumb/v7-m/nofp\libg.a(lib_a-vfiprintf.o)
 .text._vfiprintf_r
                0x00085b14      0xd98 c:/program files (x86)/gnu arm embedded toolchain/10 2021.07/bin/../lib/gcc/arm-none-eabi/10.3.1/../../../../arm-none-eabi/lib/thumb/v7-m/nofp\libg.a(lib_a-vfiprintf.o)
                0x00085b14                _vfiprintf_r
 .text.__sbprintf
                0x000868ac       0x84 c:/program files (x86)/gnu arm embedded toolchain/10 2021.07/bin/../lib/gcc/arm-none-eabi/10.3.1/../../../../arm-none-eabi/lib/thumb/v7-m/nofp\libg.a(lib_a-vfiprintf.o)
 .text.__swsetup_r
                0x00086930       0xd4 c:/program files (x86)/gnu arm embedded toolchain/10 2021.07/bin/../lib/gcc/arm-none-eabi/10.3.1/../../../../arm-none-eabi/lib/thumb/v7-m/nofp\libg.a(lib_a-wsetup.o)
                0x00086930                __swsetup_r
 .text.startup.register_fini
                0x00086a04       0x14 c:/program files (x86)/gnu arm embedded toolchain/10 2021.07/bin/../lib/gcc/arm-none-eabi/10.3.1/../../../../arm-none-eabi/lib/thumb/v7-m/nofp\libg.a(lib_a-__call_atexit.o)
 .text.atexit   0x00086a18        0xc c:/program files (x86)/gnu arm embedded toolchain/10 2021.07/bin/../lib/gcc/arm-none-eabi/10.3.1/../../../../arm-none-eabi/lib/thumb/v7-m/nofp\libg.a(lib_a-atexit.o)
                0x00086a18                atexit
 .text.quorem   0x00086a24      0x12c c:/program files (x86)/gnu arm embedded toolchain/10 2021.07/bin/../lib/gcc/arm-none-eabi/10.3.1/../../../../arm-none-eabi/lib/thumb/v7-m/nofp\libg.a(lib_a-dtoa.o)
 .text._dtoa_r  0x00086b50      0xecc c:/program files (x86)/gnu arm embedded toolchain/10 2021.07/bin/../lib/gcc/arm-none-eabi/10.3.1/../../../../arm-none-eabi/lib/thumb/v7-m/nofp\libg.a(lib_a-dtoa.o)
                0x00086b50                _dtoa_r
 .text.__sflush_r
                0x00087a1c      0x124 c:/program files (x86)/gnu arm embedded toolchain/10 2021.07/bin/../lib/gcc/arm-none-eabi/10.3.1/../../../../arm-none-eabi/lib/thumb/v7-m/nofp\libg.a(lib_a-fflush.o)
                0x00087a1c                __sflush_r
 .text._fflush_r
                0x00087b40       0x5c c:/program files (x86)/gnu arm embedded toolchain/10 2021.07/bin/../lib/gcc/arm-none-eabi/10.3.1/../../../../arm-none-eabi/lib/thumb/v7-m/nofp\libg.a(lib_a-fflush.o)
                0x00087b40                _fflush_r
 .text._cleanup_r
                0x00087b9c        0xc c:/program files (x86)/gnu arm embedded toolchain/10 2021.07/bin/../lib/gcc/arm-none-eabi/10.3.1/../../../../arm-none-eabi/lib/thumb/v7-m/nofp\libg.a(lib_a-findfp.o)
                0x00087b9c                _cleanup_r
 .text.__sinit  0x00087ba8      0x10c c:/program files (x86)/gnu arm embedded toolchain/10 2021.07/bin/../lib/gcc/arm-none-eabi/10.3.1/../../../../arm-none-eabi/lib/thumb/v7-m/nofp\libg.a(lib_a-findfp.o)
                0x00087ba8                __sinit
 .text.__sfp_lock_acquire
                0x00087cb4        0xc c:/program files (x86)/gnu arm embedded toolchain/10 2021.07/bin/../lib/gcc/arm-none-eabi/10.3.1/../../../../arm-none-eabi/lib/thumb/v7-m/nofp\libg.a(lib_a-findfp.o)
                0x00087cb4                __sfp_lock_acquire
 .text.__sfp_lock_release
                0x00087cc0        0xc c:/program files (x86)/gnu arm embedded toolchain/10 2021.07/bin/../lib/gcc/arm-none-eabi/10.3.1/../../../../arm-none-eabi/lib/thumb/v7-m/nofp\libg.a(lib_a-findfp.o)
                0x00087cc0                __sfp_lock_release
 .text.__libc_fini_array
                0x00087ccc       0x2c c:/program files (x86)/gnu arm embedded toolchain/10 2021.07/bin/../lib/gcc/arm-none-eabi/10.3.1/../../../../arm-none-eabi/lib/thumb/v7-m/nofp\libg.a(lib_a-fini.o)
                0x00087ccc                __libc_fini_array
 .text.__fputwc
                0x00087cf8       0xa0 c:/program files (x86)/gnu arm embedded toolchain/10 2021.07/bin/../lib/gcc/arm-none-eabi/10.3.1/../../../../arm-none-eabi/lib/thumb/v7-m/nofp\libg.a(lib_a-fputwc.o)
                0x00087cf8                __fputwc
 .text._fputwc_r
                0x00087d98       0x68 c:/program files (x86)/gnu arm embedded toolchain/10 2021.07/bin/../lib/gcc/arm-none-eabi/10.3.1/../../../../arm-none-eabi/lib/thumb/v7-m/nofp\libg.a(lib_a-fputwc.o)
                0x00087d98                _fputwc_r
 .text._malloc_trim_r
                0x00087e00       0xa0 c:/program files (x86)/gnu arm embedded toolchain/10 2021.07/bin/../lib/gcc/arm-none-eabi/10.3.1/../../../../arm-none-eabi/lib/thumb/v7-m/nofp\libg.a(lib_a-freer.o)
                0x00087e00                _malloc_trim_r
 .text._free_r  0x00087ea0      0x200 c:/program files (x86)/gnu arm embedded toolchain/10 2021.07/bin/../lib/gcc/arm-none-eabi/10.3.1/../../../../arm-none-eabi/lib/thumb/v7-m/nofp\libg.a(lib_a-freer.o)
                0x00087ea0                _free_r
 .text.__sfvwrite_r
                0x000880a0      0x2f0 c:/program files (x86)/gnu arm embedded toolchain/10 2021.07/bin/../lib/gcc/arm-none-eabi/10.3.1/../../../../arm-none-eabi/lib/thumb/v7-m/nofp\libg.a(lib_a-fvwrite.o)
                0x000880a0                __sfvwrite_r
 .text._fwalk_reent
                0x00088390       0x48 c:/program files (x86)/gnu arm embedded toolchain/10 2021.07/bin/../lib/gcc/arm-none-eabi/10.3.1/../../../../arm-none-eabi/lib/thumb/v7-m/nofp\libg.a(lib_a-fwalk.o)
                0x00088390                _fwalk_reent
 .text.__locale_mb_cur_max
                0x000883d8        0xc c:/program files (x86)/gnu arm embedded toolchain/10 2021.07/bin/../lib/gcc/arm-none-eabi/10.3.1/../../../../arm-none-eabi/lib/thumb/v7-m/nofp\libg.a(lib_a-locale.o)
                0x000883d8                __locale_mb_cur_max
 .text._localeconv_r
                0x000883e4        0x8 c:/program files (x86)/gnu arm embedded toolchain/10 2021.07/bin/../lib/gcc/arm-none-eabi/10.3.1/../../../../arm-none-eabi/lib/thumb/v7-m/nofp\libg.a(lib_a-localeconv.o)
                0x000883e4                _localeconv_r
 .text.__retarget_lock_init_recursive
                0x000883ec        0x4 c:/program files (x86)/gnu arm embedded toolchain/10 2021.07/bin/../lib/gcc/arm-none-eabi/10.3.1/../../../../arm-none-eabi/lib/thumb/v7-m/nofp\libg.a(lib_a-lock.o)
                0x000883ec                __retarget_lock_init_recursive
 .text.__retarget_lock_close_recursive
                0x000883f0        0x4 c:/program files (x86)/gnu arm embedded toolchain/10 2021.07/bin/../lib/gcc/arm-none-eabi/10.3.1/../../../../arm-none-eabi/lib/thumb/v7-m/nofp\libg.a(lib_a-lock.o)
                0x000883f0                __retarget_lock_close_recursive
 .text.__retarget_lock_acquire_recursive
                0x000883f4        0x4 c:/program files (x86)/gnu arm embedded toolchain/10 2021.07/bin/../lib/gcc/arm-none-eabi/10.3.1/../../../../arm-none-eabi/lib/thumb/v7-m/nofp\libg.a(lib_a-lock.o)
                0x000883f4                __retarget_lock_acquire_recursive
 .text.__retarget_lock_release_recursive
                0x000883f8        0x4 c:/program files (x86)/gnu arm embedded toolchain/10 2021.07/bin/../lib/gcc/arm-none-eabi/10.3.1/../../../../arm-none-eabi/lib/thumb/v7-m/nofp\libg.a(lib_a-lock.o)
                0x000883f8                __retarget_lock_release_recursive
 .text.__smakebuf_r
                0x000883fc       0xe0 c:/program files (x86)/gnu arm embedded toolchain/10 2021.07/bin/../lib/gcc/arm-none-eabi/10.3.1/../../../../arm-none-eabi/lib/thumb/v7-m/nofp\libg.a(lib_a-makebuf.o)
                0x000883fc                __smakebuf_r
 .text.__swhatbuf_r
                0x000884dc       0x60 c:/program files (x86)/gnu arm embedded toolchain/10 2021.07/bin/../lib/gcc/arm-none-eabi/10.3.1/../../../../arm-none-eabi/lib/thumb/v7-m/nofp\libg.a(lib_a-makebuf.o)
                0x000884dc                __swhatbuf_r
 .text.malloc   0x0008853c       0x10 c:/program files (x86)/gnu arm embedded toolchain/10 2021.07/bin/../lib/gcc/arm-none-eabi/10.3.1/../../../../arm-none-eabi/lib/thumb/v7-m/nofp\libg.a(lib_a-malloc.o)
                0x0008853c                malloc
 .text._malloc_r
                0x0008854c      0x558 c:/program files (x86)/gnu arm embedded toolchain/10 2021.07/bin/../lib/gcc/arm-none-eabi/10.3.1/../../../../arm-none-eabi/lib/thumb/v7-m/nofp\libg.a(lib_a-mallocr.o)
                0x0008854c                _malloc_r
 .text.__ascii_mbtowc
                0x00088aa4       0x2c c:/program files (x86)/gnu arm embedded toolchain/10 2021.07/bin/../lib/gcc/arm-none-eabi/10.3.1/../../../../arm-none-eabi/lib/thumb/v7-m/nofp\libg.a(lib_a-mbtowc_r.o)
                0x00088aa4                __ascii_mbtowc
 .text.memchr   0x00088ad0       0x90 c:/program files (x86)/gnu arm embedded toolchain/10 2021.07/bin/../lib/gcc/arm-none-eabi/10.3.1/../../../../arm-none-eabi/lib/thumb/v7-m/nofp\libg.a(lib_a-memchr-stub.o)
                0x00088ad0                memchr
 .text.memmove  0x00088b60       0xf8 c:/program files (x86)/gnu arm embedded toolchain/10 2021.07/bin/../lib/gcc/arm-none-eabi/10.3.1/../../../../arm-none-eabi/lib/thumb/v7-m/nofp\libg.a(lib_a-memmove.o)
                0x00088b60                memmove
 .text.__malloc_lock
                0x00088c58        0xc c:/program files (x86)/gnu arm embedded toolchain/10 2021.07/bin/../lib/gcc/arm-none-eabi/10.3.1/../../../../arm-none-eabi/lib/thumb/v7-m/nofp\libg.a(lib_a-mlock.o)
                0x00088c58                __malloc_lock
 .text.__malloc_unlock
                0x00088c64        0xc c:/program files (x86)/gnu arm embedded toolchain/10 2021.07/bin/../lib/gcc/arm-none-eabi/10.3.1/../../../../arm-none-eabi/lib/thumb/v7-m/nofp\libg.a(lib_a-mlock.o)
                0x00088c64                __malloc_unlock
 .text._Balloc  0x00088c70       0x4c c:/program files (x86)/gnu arm embedded toolchain/10 2021.07/bin/../lib/gcc/arm-none-eabi/10.3.1/../../../../arm-none-eabi/lib/thumb/v7-m/nofp\libg.a(lib_a-mprec.o)
                0x00088c70                _Balloc
 .text._Bfree   0x00088cbc       0x14 c:/program files (x86)/gnu arm embedded toolchain/10 2021.07/bin/../lib/gcc/arm-none-eabi/10.3.1/../../../../arm-none-eabi/lib/thumb/v7-m/nofp\libg.a(lib_a-mprec.o)
                0x00088cbc                _Bfree
 .text.__multadd
                0x00088cd0       0xa4 c:/program files (x86)/gnu arm embedded toolchain/10 2021.07/bin/../lib/gcc/arm-none-eabi/10.3.1/../../../../arm-none-eabi/lib/thumb/v7-m/nofp\libg.a(lib_a-mprec.o)
                0x00088cd0                __multadd
 .text.__hi0bits
                0x00088d74       0x40 c:/program files (x86)/gnu arm embedded toolchain/10 2021.07/bin/../lib/gcc/arm-none-eabi/10.3.1/../../../../arm-none-eabi/lib/thumb/v7-m/nofp\libg.a(lib_a-mprec.o)
                0x00088d74                __hi0bits
 .text.__lo0bits
                0x00088db4       0x58 c:/program files (x86)/gnu arm embedded toolchain/10 2021.07/bin/../lib/gcc/arm-none-eabi/10.3.1/../../../../arm-none-eabi/lib/thumb/v7-m/nofp\libg.a(lib_a-mprec.o)
                0x00088db4                __lo0bits
 .text.__i2b    0x00088e0c       0x5c c:/program files (x86)/gnu arm embedded toolchain/10 2021.07/bin/../lib/gcc/arm-none-eabi/10.3.1/../../../../arm-none-eabi/lib/thumb/v7-m/nofp\libg.a(lib_a-mprec.o)
                0x00088e0c                __i2b
 .text.__multiply
                0x00088e68      0x15c c:/program files (x86)/gnu arm embedded toolchain/10 2021.07/bin/../lib/gcc/arm-none-eabi/10.3.1/../../../../arm-none-eabi/lib/thumb/v7-m/nofp\libg.a(lib_a-mprec.o)
                0x00088e68                __multiply
 .text.__pow5mult
                0x00088fc4       0xb8 c:/program files (x86)/gnu arm embedded toolchain/10 2021.07/bin/../lib/gcc/arm-none-eabi/10.3.1/../../../../arm-none-eabi/lib/thumb/v7-m/nofp\libg.a(lib_a-mprec.o)
                0x00088fc4                __pow5mult
 .text.__lshift
                0x0008907c       0xec c:/program files (x86)/gnu arm embedded toolchain/10 2021.07/bin/../lib/gcc/arm-none-eabi/10.3.1/../../../../arm-none-eabi/lib/thumb/v7-m/nofp\libg.a(lib_a-mprec.o)
                0x0008907c                __lshift
 .text.__mcmp   0x00089168       0x40 c:/program files (x86)/gnu arm embedded toolchain/10 2021.07/bin/../lib/gcc/arm-none-eabi/10.3.1/../../../../arm-none-eabi/lib/thumb/v7-m/nofp\libg.a(lib_a-mprec.o)
                0x00089168                __mcmp
 .text.__mdiff  0x000891a8      0x14c c:/program files (x86)/gnu arm embedded toolchain/10 2021.07/bin/../lib/gcc/arm-none-eabi/10.3.1/../../../../arm-none-eabi/lib/thumb/v7-m/nofp\libg.a(lib_a-mprec.o)
                0x000891a8                __mdiff
 .text.__d2b    0x000892f4       0xc4 c:/program files (x86)/gnu arm embedded toolchain/10 2021.07/bin/../lib/gcc/arm-none-eabi/10.3.1/../../../../arm-none-eabi/lib/thumb/v7-m/nofp\libg.a(lib_a-mprec.o)
                0x000892f4                __d2b
 .text._realloc_r
                0x000893b8      0x3dc c:/program files (x86)/gnu arm embedded toolchain/10 2021.07/bin/../lib/gcc/arm-none-eabi/10.3.1/../../../../arm-none-eabi/lib/thumb/v7-m/nofp\libg.a(lib_a-reallocr.o)
                0x000893b8                _realloc_r
 .text.frexp    0x00089794       0x70 c:/program files (x86)/gnu arm embedded toolchain/10 2021.07/bin/../lib/gcc/arm-none-eabi/10.3.1/../../../../arm-none-eabi/lib/thumb/v7-m/nofp\libg.a(lib_a-s_frexp.o)
                0x00089794                frexp
 .text._sbrk_r  0x00089804       0x24 c:/program files (x86)/gnu arm embedded toolchain/10 2021.07/bin/../lib/gcc/arm-none-eabi/10.3.1/../../../../arm-none-eabi/lib/thumb/v7-m/nofp\libg.a(lib_a-sbrkr.o)
                0x00089804                _sbrk_r
 .text.__sread  0x00089828       0x24 c:/program files (x86)/gnu arm embedded toolchain/10 2021.07/bin/../lib/gcc/arm-none-eabi/10.3.1/../../../../arm-none-eabi/lib/thumb/v7-m/nofp\libg.a(lib_a-stdio.o)
                0x00089828                __sread
 .text.__swrite
                0x0008984c       0x40 c:/program files (x86)/gnu arm embedded toolchain/10 2021.07/bin/../lib/gcc/arm-none-eabi/10.3.1/../../../../arm-none-eabi/lib/thumb/v7-m/nofp\libg.a(lib_a-stdio.o)
                0x0008984c                __swrite
 .text.__sseek  0x0008988c       0x20 c:/program files (x86)/gnu arm embedded toolchain/10 2021.07/bin/../lib/gcc/arm-none-eabi/10.3.1/../../../../arm-none-eabi/lib/thumb/v7-m/nofp\libg.a(lib_a-stdio.o)
                0x0008988c                __sseek
 .text.__sclose
                0x000898ac        0x8 c:/program files (x86)/gnu arm embedded toolchain/10 2021.07/bin/../lib/gcc/arm-none-eabi/10.3.1/../../../../arm-none-eabi/lib/thumb/v7-m/nofp\libg.a(lib_a-stdio.o)
                0x000898ac                __sclose
 .text.__ssprint_r
                0x000898b4       0xfc c:/program files (x86)/gnu arm embedded toolchain/10 2021.07/bin/../lib/gcc/arm-none-eabi/10.3.1/../../../../arm-none-eabi/lib/thumb/v7-m/nofp\libg.a(lib_a-svfiprintf.o)
                0x000898b4                __ssprint_r
 .text.__swbuf_r
                0x000899b0       0xb0 c:/program files (x86)/gnu arm embedded toolchain/10 2021.07/bin/../lib/gcc/arm-none-eabi/10.3.1/../../../../arm-none-eabi/lib/thumb/v7-m/nofp\libg.a(lib_a-wbuf.o)
                0x000899b0                __swbuf_r
 .text._wcrtomb_r
                0x00089a60       0x3c c:/program files (x86)/gnu arm embedded toolchain/10 2021.07/bin/../lib/gcc/arm-none-eabi/10.3.1/../../../../arm-none-eabi/lib/thumb/v7-m/nofp\libg.a(lib_a-wcrtomb.o)
                0x00089a60                _wcrtomb_r
 .text.__ascii_wctomb
                0x00089a9c       0x1c c:/program files (x86)/gnu arm embedded toolchain/10 2021.07/bin/../lib/gcc/arm-none-eabi/10.3.1/../../../../arm-none-eabi/lib/thumb/v7-m/nofp\libg.a(lib_a-wctomb_r.o)
                0x00089a9c                __ascii_wctomb
 .text._write_r
                0x00089ab8       0x2c c:/program files (x86)/gnu arm embedded toolchain/10 2021.07/bin/../lib/gcc/arm-none-eabi/10.3.1/../../../../arm-none-eabi/lib/thumb/v7-m/nofp\libg.a(lib_a-writer.o)
                0x00089ab8                _write_r
 .text.__register_exitproc
                0x00089ae4       0x8c c:/program files (x86)/gnu arm embedded toolchain/10 2021.07/bin/../lib/gcc/arm-none-eabi/10.3.1/../../../../arm-none-eabi/lib/thumb/v7-m/nofp\libg.a(lib_a-__atexit.o)
                0x00089ae4                __register_exitproc
 .text.__assert_func
                0x00089b70       0x40 c:/program files (x86)/gnu arm embedded toolchain/10 2021.07/bin/../lib/gcc/arm-none-eabi/10.3.1/../../../../arm-none-eabi/lib/thumb/v7-m/nofp\libg.a(lib_a-assert.o)
                0x00089b70                __assert_func
 .text._calloc_r
                0x00089bb0       0x78 c:/program files (x86)/gnu arm embedded toolchain/10 2021.07/bin/../lib/gcc/arm-none-eabi/10.3.1/../../../../arm-none-eabi/lib/thumb/v7-m/nofp\libg.a(lib_a-callocr.o)
                0x00089bb0                _calloc_r
 .text._close_r
                0x00089c28       0x24 c:/program files (x86)/gnu arm embedded toolchain/10 2021.07/bin/../lib/gcc/arm-none-eabi/10.3.1/../../../../arm-none-eabi/lib/thumb/v7-m/nofp\libg.a(lib_a-closer.o)
                0x00089c28                _close_r
 .text.__errno  0x00089c4c        0xc c:/program files (x86)/gnu arm embedded toolchain/10 2021.07/bin/../lib/gcc/arm-none-eabi/10.3.1/../../../../arm-none-eabi/lib/thumb/v7-m/nofp\libg.a(lib_a-errno.o)
                0x00089c4c                __errno
 .text._fclose_r
                0x00089c58       0xcc c:/program files (x86)/gnu arm embedded toolchain/10 2021.07/bin/../lib/gcc/arm-none-eabi/10.3.1/../../../../arm-none-eabi/lib/thumb/v7-m/nofp\libg.a(lib_a-fclose.o)
                0x00089c58                _fclose_r
 .text.fiprintf
                0x00089d24       0x28 c:/program files (x86)/gnu arm embedded toolchain/10 2021.07/bin/../lib/gcc/arm-none-eabi/10.3.1/../../../../arm-none-eabi/lib/thumb/v7-m/nofp\libg.a(lib_a-fiprintf.o)
                0x00089d24                fiprintf
 .text._fstat_r
                0x00089d4c       0x28 c:/program files (x86)/gnu arm embedded toolchain/10 2021.07/bin/../lib/gcc/arm-none-eabi/10.3.1/../../../../arm-none-eabi/lib/thumb/v7-m/nofp\libg.a(lib_a-fstatr.o)
                0x00089d4c                _fstat_r
 .text._isatty_r
                0x00089d74       0x24 c:/program files (x86)/gnu arm embedded toolchain/10 2021.07/bin/../lib/gcc/arm-none-eabi/10.3.1/../../../../arm-none-eabi/lib/thumb/v7-m/nofp\libg.a(lib_a-isattyr.o)
                0x00089d74                _isatty_r
 .text._lseek_r
                0x00089d98       0x2c c:/program files (x86)/gnu arm embedded toolchain/10 2021.07/bin/../lib/gcc/arm-none-eabi/10.3.1/../../../../arm-none-eabi/lib/thumb/v7-m/nofp\libg.a(lib_a-lseekr.o)
                0x00089d98                _lseek_r
 .text._read_r  0x00089dc4       0x2c c:/program files (x86)/gnu arm embedded toolchain/10 2021.07/bin/../lib/gcc/arm-none-eabi/10.3.1/../../../../arm-none-eabi/lib/thumb/v7-m/nofp\libg.a(lib_a-readr.o)
                0x00089dc4                _read_r
 .text.abort    0x00089df0       0x10 c:/program files (x86)/gnu arm embedded toolchain/10 2021.07/bin/../lib/gcc/arm-none-eabi/10.3.1/../../../../arm-none-eabi/lib/thumb/v7-m/nofp\libg.a(lib_a-abort.o)
                0x00089df0                abort
 .text.raise    0x00089e00       0x5c c:/program files (x86)/gnu arm embedded toolchain/10 2021.07/bin/../lib/gcc/arm-none-eabi/10.3.1/../../../../arm-none-eabi/lib/thumb/v7-m/nofp\libg.a(lib_a-signal.o)
                0x00089e00                raise
 .text._kill_r  0x00089e5c       0x28 c:/program files (x86)/gnu arm embedded toolchain/10 2021.07/bin/../lib/gcc/arm-none-eabi/10.3.1/../../../../arm-none-eabi/lib/thumb/v7-m/nofp\libg.a(lib_a-signalr.o)
                0x00089e5c                _kill_r
 .text._getpid_r
                0x00089e84        0x4 c:/program files (x86)/gnu arm embedded toolchain/10 2021.07/bin/../lib/gcc/arm-none-eabi/10.3.1/../../../../arm-none-eabi/lib/thumb/v7-m/nofp\libg.a(lib_a-signalr.o)
                0x00089e84                _getpid_r
 .text          0x00089e88      0x378 c:/program files (x86)/gnu arm embedded toolchain/10 2021.07/bin/../lib/gcc/arm-none-eabi/10.3.1/thumb/v7-m/nofp\libgcc.a(_arm_addsubdf3.o)
                0x00089e88                __aeabi_drsub
                0x00089e90                __aeabi_dsub
                0x00089e90                __subdf3
                0x00089e94                __aeabi_dadd
                0x00089e94                __adddf3
                0x0008a10c                __floatunsidf
                0x0008a10c                __aeabi_ui2d
                0x0008a12c                __floatsidf
                0x0008a12c                __aeabi_i2d
                0x0008a150                __aeabi_f2d
                0x0008a150                __extendsfdf2
                0x0008a194                __floatundidf
                0x0008a194                __aeabi_ul2d
                0x0008a1a4                __floatdidf
                0x0008a1a4                __aeabi_l2d
 .text          0x0008a200      0x424 c:/program files (x86)/gnu arm embedded toolchain/10 2021.07/bin/../lib/gcc/arm-none-eabi/10.3.1/thumb/v7-m/nofp\libgcc.a(_arm_muldivdf3.o)
                0x0008a200                __aeabi_dmul
                0x0008a200                __muldf3
                0x0008a454                __divdf3
                0x0008a454                __aeabi_ddiv
 .text          0x0008a624      0x110 c:/program files (x86)/gnu arm embedded toolchain/10 2021.07/bin/../lib/gcc/arm-none-eabi/10.3.1/thumb/v7-m/nofp\libgcc.a(_arm_cmpdf2.o)
                0x0008a624                __gtdf2
                0x0008a624                __gedf2
                0x0008a62c                __ltdf2
                0x0008a62c                __ledf2
                0x0008a634                __nedf2
                0x0008a634                __eqdf2
                0x0008a634                __cmpdf2
                0x0008a6b0                __aeabi_cdrcmple
                0x0008a6c0                __aeabi_cdcmpeq
                0x0008a6c0                __aeabi_cdcmple
                0x0008a6d0                __aeabi_dcmpeq
                0x0008a6e4                __aeabi_dcmplt
                0x0008a6f8                __aeabi_dcmple
                0x0008a70c                __aeabi_dcmpge
                0x0008a720                __aeabi_dcmpgt
 .text          0x0008a734       0x2c c:/program files (x86)/gnu arm embedded toolchain/10 2021.07/bin/../lib/gcc/arm-none-eabi/10.3.1/thumb/v7-m/nofp\libgcc.a(_arm_unorddf2.o)
                0x0008a734                __unorddf2
                0x0008a734                __aeabi_dcmpun
 .text          0x0008a760       0x50 c:/program files (x86)/gnu arm embedded toolchain/10 2021.07/bin/../lib/gcc/arm-none-eabi/10.3.1/thumb/v7-m/nofp\libgcc.a(_arm_fixdfsi.o)
                0x0008a760                __aeabi_d2iz
                0x0008a760                __fixdfsi
 .text          0x0008a7b0       0x30 c:/program files (x86)/gnu arm embedded toolchain/10 2021.07/bin/../lib/gcc/arm-none-eabi/10.3.1/thumb/v7-m/nofp\libgcc.a(_aeabi_uldivmod.o)
                0x0008a7b0                __aeabi_uldivmod
 .text          0x0008a7e0      0x2d4 c:/program files (x86)/gnu arm embedded toolchain/10 2021.07/bin/../lib/gcc/arm-none-eabi/10.3.1/thumb/v7-m/nofp\libgcc.a(_udivmoddi4.o)
                0x0008a7e0                __udivmoddi4
 .text          0x0008aab4        0x4 c:/program files (x86)/gnu arm embedded toolchain/10 2021.07/bin/../lib/gcc/arm-none-eabi/10.3.1/thumb/v7-m/nofp\libgcc.a(_dvmd_tls.o)
                0x0008aab4                __aeabi_idiv0
                0x0008aab4                __aeabi_ldiv0
 *(.glue_7t)
 .glue_7t       0x0008aab8        0x0 linker stubs
 *(.glue_7)
 .glue_7        0x0008aab8        0x0 linker stubs
 *(.rodata .rodata* .gnu.linkonce.r.*)
 .rodata.main.str1.4
                0x0008aab8       0xb4 objdir/main_cw521.o
 .rodata.BUILD_DATE
                0x0008ab6c        0xc objdir/naeusb/naeusb_default.o
 .rodata.BUILD_TIME
                0x0008ab78        0x9 objdir/naeusb/naeusb_default.o
 *fill*         0x0008ab81        0x3 
 .rodata        0x0008ab84       0x35 objdir/udphs_device.o
 *fill*         0x0008abb9        0x3 
 .rodata._exit.str1.4
                0x0008abbc       0x19 objdir/syscalls.o
 *fill*         0x0008abd5        0x3 
 .rodata._global_impure_ptr
                0x0008abd8        0x4 c:/program files (x86)/gnu arm embedded toolchain/10 2021.07/bin/../lib/gcc/arm-none-eabi/10.3.1/../../../../arm-none-eabi/lib/thumb/v7-m/nofp\libg.a(lib_a-impure.o)
                0x0008abd8                _global_impure_ptr
 .rodata._svfprintf_r.str1.4
                0x0008abdc       0x42 c:/program files (x86)/gnu arm embedded toolchain/10 2021.07/bin/../lib/gcc/arm-none-eabi/10.3.1/../../../../arm-none-eabi/lib/thumb/v7-m/nofp\libg.a(lib_a-svfprintf.o)
 *fill*         0x0008ac1e        0x2 
 .rodata.blanks.1
                0x0008ac20       0x10 c:/program files (x86)/gnu arm embedded toolchain/10 2021.07/bin/../lib/gcc/arm-none-eabi/10.3.1/../../../../arm-none-eabi/lib/thumb/v7-m/nofp\libg.a(lib_a-svfprintf.o)
 .rodata.zeroes.0
                0x0008ac30       0x10 c:/program files (x86)/gnu arm embedded toolchain/10 2021.07/bin/../lib/gcc/arm-none-eabi/10.3.1/../../../../arm-none-eabi/lib/thumb/v7-m/nofp\libg.a(lib_a-svfprintf.o)
 .rodata._vfiprintf_r.str1.4
                0x0008ac40       0x2f c:/program files (x86)/gnu arm embedded toolchain/10 2021.07/bin/../lib/gcc/arm-none-eabi/10.3.1/../../../../arm-none-eabi/lib/thumb/v7-m/nofp\libg.a(lib_a-vfiprintf.o)
 .rodata.blanks.1
                0x0008ac40       0x10 c:/program files (x86)/gnu arm embedded toolchain/10 2021.07/bin/../lib/gcc/arm-none-eabi/10.3.1/../../../../arm-none-eabi/lib/thumb/v7-m/nofp\libg.a(lib_a-vfiprintf.o)
 .rodata.zeroes.0
                0x0008ac50       0x10 c:/program files (x86)/gnu arm embedded toolchain/10 2021.07/bin/../lib/gcc/arm-none-eabi/10.3.1/../../../../arm-none-eabi/lib/thumb/v7-m/nofp\libg.a(lib_a-vfiprintf.o)
 .rodata._dtoa_r.str1.4
                0x0008ac60       0xa2 c:/program files (x86)/gnu arm embedded toolchain/10 2021.07/bin/../lib/gcc/arm-none-eabi/10.3.1/../../../../arm-none-eabi/lib/thumb/v7-m/nofp\libg.a(lib_a-dtoa.o)
                                 0xa6 (size before relaxing)
 *fill*         0x0008ad02        0x2 
 .rodata._setlocale_r.str1.4
                0x0008ad04        0xa c:/program files (x86)/gnu arm embedded toolchain/10 2021.07/bin/../lib/gcc/arm-none-eabi/10.3.1/../../../../arm-none-eabi/lib/thumb/v7-m/nofp\libg.a(lib_a-locale.o)
                                  0xd (size before relaxing)
 *fill*         0x0008ad0e        0x2 
 .rodata.str1.4
                0x0008ad10        0x2 c:/program files (x86)/gnu arm embedded toolchain/10 2021.07/bin/../lib/gcc/arm-none-eabi/10.3.1/../../../../arm-none-eabi/lib/thumb/v7-m/nofp\libg.a(lib_a-locale.o)
 *fill*         0x0008ad12        0x2 
 .rodata.__multadd.str1.4
                0x0008ad14       0x7f c:/program files (x86)/gnu arm embedded toolchain/10 2021.07/bin/../lib/gcc/arm-none-eabi/10.3.1/../../../../arm-none-eabi/lib/thumb/v7-m/nofp\libg.a(lib_a-mprec.o)
                                 0x93 (size before relaxing)
 *fill*         0x0008ad93        0x5 
 .rodata.__mprec_bigtens
                0x0008ad98       0x28 c:/program files (x86)/gnu arm embedded toolchain/10 2021.07/bin/../lib/gcc/arm-none-eabi/10.3.1/../../../../arm-none-eabi/lib/thumb/v7-m/nofp\libg.a(lib_a-mprec.o)
                0x0008ad98                __mprec_bigtens
 .rodata.__mprec_tens
                0x0008adc0       0xc8 c:/program files (x86)/gnu arm embedded toolchain/10 2021.07/bin/../lib/gcc/arm-none-eabi/10.3.1/../../../../arm-none-eabi/lib/thumb/v7-m/nofp\libg.a(lib_a-mprec.o)
                0x0008adc0                __mprec_tens
 .rodata.p05.0  0x0008ae88        0xc c:/program files (x86)/gnu arm embedded toolchain/10 2021.07/bin/../lib/gcc/arm-none-eabi/10.3.1/../../../../arm-none-eabi/lib/thumb/v7-m/nofp\libg.a(lib_a-mprec.o)
 .rodata.__assert_func.str1.4
                0x0008ae94       0x3f c:/program files (x86)/gnu arm embedded toolchain/10 2021.07/bin/../lib/gcc/arm-none-eabi/10.3.1/../../../../arm-none-eabi/lib/thumb/v7-m/nofp\libg.a(lib_a-assert.o)
                                 0x43 (size before relaxing)
 *fill*         0x0008aed3        0x1 
 .rodata._ctype_
                0x0008aed4      0x101 c:/program files (x86)/gnu arm embedded toolchain/10 2021.07/bin/../lib/gcc/arm-none-eabi/10.3.1/../../../../arm-none-eabi/lib/thumb/v7-m/nofp\libg.a(lib_a-ctype_.o)
                0x0008aed4                _ctype_
 *(.ARM.extab* .gnu.linkonce.armextab.*)
                0x0008afd8                . = ALIGN (0x4)
 *fill*         0x0008afd5        0x3 
 *(.init)
 .init          0x0008afd8        0x4 c:/program files (x86)/gnu arm embedded toolchain/10 2021.07/bin/../lib/gcc/arm-none-eabi/10.3.1/thumb/v7-m/nofp/crti.o
                0x0008afd8                _init
 .init          0x0008afdc        0x8 c:/program files (x86)/gnu arm embedded toolchain/10 2021.07/bin/../lib/gcc/arm-none-eabi/10.3.1/thumb/v7-m/nofp/crtn.o
                0x0008afe4                . = ALIGN (0x4)
                0x0008afe4                __preinit_array_start = .
 *(.preinit_array)
                0x0008afe4                __preinit_array_end = .
                0x0008afe4                . = ALIGN (0x4)
                0x0008afe4                __init_array_start = .
 *(SORT_BY_NAME(.init_array.*))
 .init_array.00000
                0x0008afe4        0x4 c:/program files (x86)/gnu arm embedded toolchain/10 2021.07/bin/../lib/gcc/arm-none-eabi/10.3.1/../../../../arm-none-eabi/lib/thumb/v7-m/nofp\libg.a(lib_a-__call_atexit.o)
 *(.init_array)
 .init_array    0x0008afe8        0x4 c:/program files (x86)/gnu arm embedded toolchain/10 2021.07/bin/../lib/gcc/arm-none-eabi/10.3.1/thumb/v7-m/nofp/crtbegin.o
                0x0008afec                __init_array_end = .
                0x0008afec                . = ALIGN (0x4)
 *crtbegin.o(.ctors)
 *(EXCLUDE_FILE(*crtend.o) .ctors)
 *(SORT_BY_NAME(.ctors.*))
 *crtend.o(.ctors)
                0x0008afec                . = ALIGN (0x4)
 *(.fini)
 .fini          0x0008afec        0x4 c:/program files (x86)/gnu arm embedded toolchain/10 2021.07/bin/../lib/gcc/arm-none-eabi/10.3.1/thumb/v7-m/nofp/crti.o
                0x0008afec                _fini
 .fini          0x0008aff0        0x8 c:/program files (x86)/gnu arm embedded toolchain/10 2021.07/bin/../lib/gcc/arm-none-eabi/10.3.1/thumb/v7-m/nofp/crtn.o
                0x0008aff8                . = ALIGN (0x4)
                0x0008aff8                __fini_array_start = .
 *(.fini_array)
 .fini_array    0x0008aff8        0x4 c:/program files (x86)/gnu arm embedded toolchain/10 2021.07/bin/../lib/gcc/arm-none-eabi/10.3.1/thumb/v7-m/nofp/crtbegin.o
 *(SORT_BY_NAME(.fini_array.*))
                0x0008affc                __fini_array_end = .
 *crtbegin.o(.dtors)
 *(EXCLUDE_FILE(*crtend.o) .dtors)
 *(SORT_BY_NAME(.dtors.*))
 *crtend.o(.dtors)
                0x0008affc                . = ALIGN (0x4)
                0x0008affc                _efixed = .
                [!provide]                PROVIDE (__exidx_start = .)

.vfp11_veneer   0x0008affc        0x0
 .vfp11_veneer  0x0008affc        0x0 linker stubs

.v4_bx          0x0008affc        0x0
 .v4_bx         0x0008affc        0x0 linker stubs

.iplt           0x0008affc        0x0
 .iplt          0x0008affc        0x0 c:/program files (x86)/gnu arm embedded toolchain/10 2021.07/bin/../lib/gcc/arm-none-eabi/10.3.1/thumb/v7-m/nofp/crtbegin.o

.igot.plt       0x0008affc        0x0
 .igot.plt      0x0008affc        0x0 c:/program files (x86)/gnu arm embedded toolchain/10 2021.07/bin/../lib/gcc/arm-none-eabi/10.3.1/thumb/v7-m/nofp/crtbegin.o

.ARM.exidx      0x0008affc        0x8
 *(.ARM.exidx* .gnu.linkonce.armexidx.*)
 .ARM.exidx     0x0008affc        0x8 c:/program files (x86)/gnu arm embedded toolchain/10 2021.07/bin/../lib/gcc/arm-none-eabi/10.3.1/thumb/v7-m/nofp\libgcc.a(_udivmoddi4.o)
                [!provide]                PROVIDE (__exidx_end = .)

.eh_frame       0x0008b004        0x0
 .eh_frame      0x0008b004        0x0 c:/program files (x86)/gnu arm embedded toolchain/10 2021.07/bin/../lib/gcc/arm-none-eabi/10.3.1/thumb/v7-m/nofp/crtbegin.o

.rel.dyn        0x0008b004        0x0
 .rel.iplt      0x0008b004        0x0 c:/program files (x86)/gnu arm embedded toolchain/10 2021.07/bin/../lib/gcc/arm-none-eabi/10.3.1/thumb/v7-m/nofp/crtbegin.o
                0x0008b004                . = ALIGN (0x4)
                0x0008b004                _etext = .

.relocate       0x20000000      0xda8 load address 0x0008b004
                0x20000000                . = ALIGN (0x4)
                0x20000000                _srelocate = .
 *(.ramfunc .ramfunc.*)
 .ramfunc       0x20000000       0xf4 objdir/efc.o
                0x20000000                efc_perform_read_sequence
                0x200000d8                efc_write_fmr
                0x200000dc                efc_perform_fcr
 .ramfunc       0x200000f4       0xf8 objdir/system_sam3u.o
                0x200000f4                SystemInit
                0x20000180                system_init_flash
 *(.data .data.*)
 .data.usb_serial_number
                0x200001ec       0x21 objdir/main_cw521.o
                0x200001ec                usb_serial_number
 *fill*         0x2000020d        0x3 
 .data.sram_size
                0x20000210        0x4 objdir/naeusb_ballistic.o
                0x20000210                sram_size
 .data.main_b_vendor_enable
                0x20000214        0x1 objdir/naeusb/naeusb.o
 *fill*         0x20000215        0x3 
 .data.MS_BOS_PACKET
                0x20000218       0x21 objdir/naeusb/udc.o
 *fill*         0x20000239        0x3 
 .data.MS_OS_DESC
                0x2000023c       0x9e objdir/naeusb/udc.o
 *fill*         0x200002da        0x2 
 .data.udc_string_desc
                0x200002dc       0x42 objdir/naeusb/udc.o
 *fill*         0x2000031e        0x2 
 .data.udc_string_desc_languageid
                0x20000320        0x4 objdir/naeusb/udc.o
 .data.udc_string_manufacturer_name
                0x20000324       0x16 objdir/naeusb/udc.o
 *fill*         0x2000033a        0x2 
 .data.udc_string_product_name
                0x2000033c       0x14 objdir/naeusb/udc.o
 .data.xram     0x20000350        0x4 objdir/naeusb/usb_xmem.o
                0x20000350                xram
 .data.udi_api_vendor
                0x20000354       0x14 objdir/udi_vendor.o
                0x20000354                udi_api_vendor
 .data.g_interrupt_enabled
                0x20000368        0x1 objdir/interrupt_sam_nvic.o
                0x20000368                g_interrupt_enabled
 *fill*         0x20000369        0x3 
 .data.udc_config
                0x2000036c       0x18 objdir/udi_vendor_desc.o
                0x2000036c                udc_config
 .data.udc_config_hs
                0x20000384        0x8 objdir/udi_vendor_desc.o
                0x20000384                udc_config_hs
 .data.udc_config_lsfs
                0x2000038c        0x8 objdir/udi_vendor_desc.o
                0x2000038c                udc_config_lsfs
 .data.udc_desc_fs
                0x20000394       0x20 objdir/udi_vendor_desc.o
                0x20000394                udc_desc_fs
 .data.udc_desc_hs
                0x200003b4       0x20 objdir/udi_vendor_desc.o
                0x200003b4                udc_desc_hs
 .data.udc_device_desc
                0x200003d4       0x12 objdir/udi_vendor_desc.o
                0x200003d4                udc_device_desc
 *fill*         0x200003e6        0x2 
 .data.udc_device_qual
                0x200003e8        0xa objdir/udi_vendor_desc.o
                0x200003e8                udc_device_qual
 *fill*         0x200003f2        0x2 
 .data.udi_apis
                0x200003f4        0x4 objdir/udi_vendor_desc.o
                0x200003f4                udi_apis
 .data.SystemCoreClock
                0x200003f8        0x4 objdir/system_sam3u.o
                0x200003f8                SystemCoreClock
 .data._impure_ptr
                0x200003fc        0x4 c:/program files (x86)/gnu arm embedded toolchain/10 2021.07/bin/../lib/gcc/arm-none-eabi/10.3.1/../../../../arm-none-eabi/lib/thumb/v7-m/nofp\libg.a(lib_a-impure.o)
                0x200003fc                _impure_ptr
 .data.impure_data
                0x20000400      0x428 c:/program files (x86)/gnu arm embedded toolchain/10 2021.07/bin/../lib/gcc/arm-none-eabi/10.3.1/../../../../arm-none-eabi/lib/thumb/v7-m/nofp\libg.a(lib_a-impure.o)
 .data.__atexit_recursive_mutex
                0x20000828        0x4 c:/program files (x86)/gnu arm embedded toolchain/10 2021.07/bin/../lib/gcc/arm-none-eabi/10.3.1/../../../../arm-none-eabi/lib/thumb/v7-m/nofp\libg.a(lib_a-__call_atexit.o)
                0x20000828                __atexit_recursive_mutex
 .data.__global_locale
                0x2000082c      0x16c c:/program files (x86)/gnu arm embedded toolchain/10 2021.07/bin/../lib/gcc/arm-none-eabi/10.3.1/../../../../arm-none-eabi/lib/thumb/v7-m/nofp\libg.a(lib_a-locale.o)
                0x2000082c                __global_locale
 .data.__malloc_av_
                0x20000998      0x408 c:/program files (x86)/gnu arm embedded toolchain/10 2021.07/bin/../lib/gcc/arm-none-eabi/10.3.1/../../../../arm-none-eabi/lib/thumb/v7-m/nofp\libg.a(lib_a-mallocr.o)
                0x20000998                __malloc_av_
 .data.__malloc_sbrk_base
                0x20000da0        0x4 c:/program files (x86)/gnu arm embedded toolchain/10 2021.07/bin/../lib/gcc/arm-none-eabi/10.3.1/../../../../arm-none-eabi/lib/thumb/v7-m/nofp\libg.a(lib_a-mallocr.o)
                0x20000da0                __malloc_sbrk_base
 .data.__malloc_trim_threshold
                0x20000da4        0x4 c:/program files (x86)/gnu arm embedded toolchain/10 2021.07/bin/../lib/gcc/arm-none-eabi/10.3.1/../../../../arm-none-eabi/lib/thumb/v7-m/nofp\libg.a(lib_a-mallocr.o)
                0x20000da4                __malloc_trim_threshold
                0x20000da8                . = ALIGN (0x4)
                0x20000da8                _erelocate = .

.bss            0x20000da8     0x29c0 load address 0x0008bdb0
                0x20000da8                . = ALIGN (0x4)
                0x20000da8                _sbss = .
                0x20000da8                _szero = .
 *(.bss .bss.*)
 .bss           0x20000da8       0x1c c:/program files (x86)/gnu arm embedded toolchain/10 2021.07/bin/../lib/gcc/arm-none-eabi/10.3.1/thumb/v7-m/nofp/crtbegin.o
 .bss.buffer    0x20000dc4     0x2328 objdir/naeusb_ballistic.o
 .bss.bulkread_address
                0x200030ec        0x4 objdir/naeusb_ballistic.o
 .bss.ctrlmemread_buf
                0x200030f0        0x4 objdir/naeusb_ballistic.o
 .bss.ctrlmemread_size
                0x200030f4        0x4 objdir/naeusb_ballistic.o
 .bss.found_err
                0x200030f8        0x4 objdir/naeusb_ballistic.o
 .bss.seed      0x200030fc       0x10 objdir/naeusb_ballistic.o
 .bss.state     0x2000310c       0x10 objdir/naeusb_ballistic.o
 .bss.ctrlbuffer
                0x2000311c       0x40 objdir/naeusb/naeusb.o
                0x2000311c                ctrlbuffer
 .bss.main_buf_loopback
                0x2000315c      0x400 objdir/naeusb/naeusb.o
                0x2000315c                main_buf_loopback
 .bss.naeusb_in_request_handlers
                0x2000355c       0x40 objdir/naeusb/naeusb.o
 .bss.naeusb_num_in_handlers
                0x2000359c        0x1 objdir/naeusb/naeusb.o
 .bss.naeusb_num_out_handlers
                0x2000359d        0x1 objdir/naeusb/naeusb.o
 *fill*         0x2000359e        0x2 
 .bss.naeusb_out_request_handlers
                0x200035a0       0x40 objdir/naeusb/naeusb.o
 .bss.respbuf   0x200035e0       0x40 objdir/naeusb/naeusb.o
                0x200035e0                respbuf
 .bss.udc_device_status
                0x20003620        0x2 objdir/naeusb/udc.o
 .bss.udc_ep_status.0
                0x20003622        0x2 objdir/naeusb/udc.o
 .bss.udc_iface_setting.1
                0x20003624        0x1 objdir/naeusb/udc.o
 .bss.udc_num_configuration
                0x20003625        0x1 objdir/naeusb/udc.o
 *fill*         0x20003626        0x2 
 .bss.udc_ptr_conf
                0x20003628        0x4 objdir/naeusb/udc.o
 .bss.udc_ptr_iface
                0x2000362c        0x4 objdir/naeusb/udc.o
 .bss._fpga_locked
                0x20003630        0x1 objdir/naeusb/usb_xmem.o
 *fill*         0x20003631        0x3 
 .bss.gs_interrupt_sources
                0x20003634       0x70 objdir/pio_handler.o
 .bss.b_shortpacket.0
                0x200036a4        0x1 objdir/udphs_device.o
 .bss.udd_b_idle
                0x200036a5        0x1 objdir/udphs_device.o
 .bss.udd_ctrl_payload_buf_cnt
                0x200036a6        0x2 objdir/udphs_device.o
 .bss.udd_ctrl_prev_payload_buf_cnt
                0x200036a8        0x2 objdir/udphs_device.o
 .bss.udd_ep_control_state
                0x200036aa        0x1 objdir/udphs_device.o
 *fill*         0x200036ab        0x1 
 .bss.udd_ep_job
                0x200036ac       0x30 objdir/udphs_device.o
 *fill*         0x200036dc        0x4 
 .bss.udd_g_ctrlreq
                0x200036e0       0x18 objdir/udphs_device.o
                0x200036e0                udd_g_ctrlreq
 .bss.ptr_put   0x200036f8        0x4 objdir/write.o
                0x200036f8                ptr_put
 .bss.stdio_base
                0x200036fc        0x4 objdir/write.o
                0x200036fc                stdio_base
 .bss.udi_vendor_alternate_setting
                0x20003700        0x1 objdir/udi_vendor.o
 .bss.b_is_sleep_clock_used
                0x20003701        0x1 objdir/sleep.o
 *fill*         0x20003702        0x2 
 .bss.callback_clocks_restored
                0x20003704        0x4 objdir/sleep.o
 .bss.heap.0    0x20003708        0x4 objdir/syscalls.o
 .bss.cpu_irq_critical_section_counter
                0x2000370c        0x4 objdir/interrupt_sam_nvic.o
 .bss.cpu_irq_prev_interrupt_state
                0x20003710        0x1 objdir/interrupt_sam_nvic.o
 *fill*         0x20003711        0x3 
 .bss.ptr_get   0x20003714        0x4 objdir/read.o
                0x20003714                ptr_get
 .bss.sleepmgr_locks
                0x20003718        0x6 objdir/sleepmgr.o
                0x20003718                sleepmgr_locks
 *fill*         0x2000371e        0x2 
 .bss.__lock___atexit_recursive_mutex
                0x20003720        0x1 c:/program files (x86)/gnu arm embedded toolchain/10 2021.07/bin/../lib/gcc/arm-none-eabi/10.3.1/../../../../arm-none-eabi/lib/thumb/v7-m/nofp\libg.a(lib_a-lock.o)
                0x20003720                __lock___atexit_recursive_mutex
 *fill*         0x20003721        0x3 
 .bss.__lock___malloc_recursive_mutex
                0x20003724        0x1 c:/program files (x86)/gnu arm embedded toolchain/10 2021.07/bin/../lib/gcc/arm-none-eabi/10.3.1/../../../../arm-none-eabi/lib/thumb/v7-m/nofp\libg.a(lib_a-lock.o)
                0x20003724                __lock___malloc_recursive_mutex
 *fill*         0x20003725        0x3 
 .bss.__lock___sfp_recursive_mutex
                0x20003728        0x1 c:/program files (x86)/gnu arm embedded toolchain/10 2021.07/bin/../lib/gcc/arm-none-eabi/10.3.1/../../../../arm-none-eabi/lib/thumb/v7-m/nofp\libg.a(lib_a-lock.o)
                0x20003728                __lock___sfp_recursive_mutex
 *fill*         0x20003729        0x3 
 .bss.__lock___sinit_recursive_mutex
                0x2000372c        0x1 c:/program files (x86)/gnu arm embedded toolchain/10 2021.07/bin/../lib/gcc/arm-none-eabi/10.3.1/../../../../arm-none-eabi/lib/thumb/v7-m/nofp\libg.a(lib_a-lock.o)
                0x2000372c                __lock___sinit_recursive_mutex
 *fill*         0x2000372d        0x3 
 .bss.__malloc_current_mallinfo
                0x20003730       0x28 c:/program files (x86)/gnu arm embedded toolchain/10 2021.07/bin/../lib/gcc/arm-none-eabi/10.3.1/../../../../arm-none-eabi/lib/thumb/v7-m/nofp\libg.a(lib_a-mallocr.o)
                0x20003730                __malloc_current_mallinfo
 .bss.__malloc_max_sbrked_mem
                0x20003758        0x4 c:/program files (x86)/gnu arm embedded toolchain/10 2021.07/bin/../lib/gcc/arm-none-eabi/10.3.1/../../../../arm-none-eabi/lib/thumb/v7-m/nofp\libg.a(lib_a-mallocr.o)
                0x20003758                __malloc_max_sbrked_mem
 .bss.__malloc_max_total_mem
                0x2000375c        0x4 c:/program files (x86)/gnu arm embedded toolchain/10 2021.07/bin/../lib/gcc/arm-none-eabi/10.3.1/../../../../arm-none-eabi/lib/thumb/v7-m/nofp\libg.a(lib_a-mallocr.o)
                0x2000375c                __malloc_max_total_mem
 .bss.__malloc_top_pad
                0x20003760        0x4 c:/program files (x86)/gnu arm embedded toolchain/10 2021.07/bin/../lib/gcc/arm-none-eabi/10.3.1/../../../../arm-none-eabi/lib/thumb/v7-m/nofp\libg.a(lib_a-mallocr.o)
                0x20003760                __malloc_top_pad
 .bss.errno     0x20003764        0x4 c:/program files (x86)/gnu arm embedded toolchain/10 2021.07/bin/../lib/gcc/arm-none-eabi/10.3.1/../../../../arm-none-eabi/lib/thumb/v7-m/nofp\libg.a(lib_a-reent.o)
                0x20003764                errno
 *(COMMON)
                0x20003768                . = ALIGN (0x4)
                0x20003768                _ebss = .
                0x20003768                _ezero = .

.stack          0x20080000     0x4000
                0x20080000                . = ALIGN (0x8)
                0x20080000                _sstack = .
                0x20084000                . = (. + __stack_size__)
 *fill*         0x20080000     0x4000 
                0x20084000                . = ALIGN (0x8)
                0x20084000                _estack = .
                0x20084000                . = ALIGN (0x4)
                0x20084000                _end = .
OUTPUT(cw521-CW521.elf elf32-littlearm)
LOAD linker stubs

.ARM.attributes
                0x00000000       0x29
 .ARM.attributes
                0x00000000       0x1d c:/program files (x86)/gnu arm embedded toolchain/10 2021.07/bin/../lib/gcc/arm-none-eabi/10.3.1/thumb/v7-m/nofp/crti.o
 .ARM.attributes
                0x0000001d       0x2d c:/program files (x86)/gnu arm embedded toolchain/10 2021.07/bin/../lib/gcc/arm-none-eabi/10.3.1/thumb/v7-m/nofp/crtbegin.o
 .ARM.attributes
                0x0000004a       0x2d objdir/main_cw521.o
 .ARM.attributes
                0x00000077       0x2d objdir/naeusb_ballistic.o
 .ARM.attributes
                0x000000a4       0x2d objdir/naeusb/naeusb.o
 .ARM.attributes
                0x000000d1       0x2d objdir/naeusb/naeusb_default.o
 .ARM.attributes
                0x000000fe       0x2d objdir/naeusb/udc.o
 .ARM.attributes
                0x0000012b       0x2d objdir/naeusb/usb_xmem.o
 .ARM.attributes
                0x00000158       0x2d objdir/flash_efc.o
 .ARM.attributes
                0x00000185       0x2d objdir/usart.o
 .ARM.attributes
                0x000001b2       0x2d objdir/smc.o
 .ARM.attributes
                0x000001df       0x2d objdir/pio_handler.o
 .ARM.attributes
                0x0000020c       0x2d objdir/udphs_device.o
 .ARM.attributes
                0x00000239       0x2d objdir/write.o
 .ARM.attributes
                0x00000266       0x2d objdir/led.o
 .ARM.attributes
                0x00000293       0x2d objdir/startup_sam3u.o
 .ARM.attributes
                0x000002c0       0x2d objdir/sysclk.o
 .ARM.attributes
                0x000002ed       0x2d objdir/pmc.o
 .ARM.attributes
                0x0000031a       0x2d objdir/udi_vendor.o
 .ARM.attributes
                0x00000347       0x2d objdir/efc.o
 .ARM.attributes
                0x00000374       0x2d objdir/pio.o
 .ARM.attributes
                0x000003a1       0x2d objdir/exceptions.o
 .ARM.attributes
                0x000003ce       0x2d objdir/sleep.o
 .ARM.attributes
                0x000003fb       0x2d objdir/syscalls.o
 .ARM.attributes
                0x00000428       0x2d objdir/uart.o
 .ARM.attributes
                0x00000455       0x2d objdir/init.o
 .ARM.attributes
                0x00000482       0x2d objdir/interrupt_sam_nvic.o
 .ARM.attributes
                0x000004af       0x2d objdir/read.o
 .ARM.attributes
                0x000004dc       0x33 objdir/udi_vendor_desc.o
 .ARM.attributes
                0x0000050f       0x2d objdir/system_sam3u.o
 .ARM.attributes
                0x0000053c       0x33 objdir/sleepmgr.o
 .ARM.attributes
                0x0000056f       0x2d objdir/ui_cw305.o
 .ARM.attributes
                0x0000059c       0x2d c:/program files (x86)/gnu arm embedded toolchain/10 2021.07/bin/../lib/gcc/arm-none-eabi/10.3.1/../../../../arm-none-eabi/lib/thumb/v7-m/nofp\libg.a(lib_a-impure.o)
 .ARM.attributes
                0x000005c9       0x2d c:/program files (x86)/gnu arm embedded toolchain/10 2021.07/bin/../lib/gcc/arm-none-eabi/10.3.1/../../../../arm-none-eabi/lib/thumb/v7-m/nofp\libg.a(lib_a-init.o)
 .ARM.attributes
                0x000005f6       0x2d c:/program files (x86)/gnu arm embedded toolchain/10 2021.07/bin/../lib/gcc/arm-none-eabi/10.3.1/../../../../arm-none-eabi/lib/thumb/v7-m/nofp\libg.a(lib_a-iprintf.o)
 .ARM.attributes
                0x00000623       0x1b c:/program files (x86)/gnu arm embedded toolchain/10 2021.07/bin/../lib/gcc/arm-none-eabi/10.3.1/../../../../arm-none-eabi/lib/thumb/v7-m/nofp\libg.a(lib_a-memcpy.o)
 .ARM.attributes
                0x0000063e       0x2d c:/program files (x86)/gnu arm embedded toolchain/10 2021.07/bin/../lib/gcc/arm-none-eabi/10.3.1/../../../../arm-none-eabi/lib/thumb/v7-m/nofp\libg.a(lib_a-memset.o)
 .ARM.attributes
                0x0000066b       0x2d c:/program files (x86)/gnu arm embedded toolchain/10 2021.07/bin/../lib/gcc/arm-none-eabi/10.3.1/../../../../arm-none-eabi/lib/thumb/v7-m/nofp\libg.a(lib_a-setbuf.o)
 .ARM.attributes
                0x00000698       0x2d c:/program files (x86)/gnu arm embedded toolchain/10 2021.07/bin/../lib/gcc/arm-none-eabi/10.3.1/../../../../arm-none-eabi/lib/thumb/v7-m/nofp\libg.a(lib_a-setvbuf.o)
 .ARM.attributes
                0x000006c5       0x2d c:/program files (x86)/gnu arm embedded toolchain/10 2021.07/bin/../lib/gcc/arm-none-eabi/10.3.1/../../../../arm-none-eabi/lib/thumb/v7-m/nofp\libg.a(lib_a-sprintf.o)
 .ARM.attributes
                0x000006f2       0x2d c:/program files (x86)/gnu arm embedded toolchain/10 2021.07/bin/../lib/gcc/arm-none-eabi/10.3.1/../../../../arm-none-eabi/lib/thumb/v7-m/nofp\libg.a(lib_a-strlen-stub.o)
 .ARM.attributes
                0x0000071f       0x2d c:/program files (x86)/gnu arm embedded toolchain/10 2021.07/bin/../lib/gcc/arm-none-eabi/10.3.1/../../../../arm-none-eabi/lib/thumb/v7-m/nofp\libg.a(lib_a-strncpy.o)
 .ARM.attributes
                0x0000074c       0x2d c:/program files (x86)/gnu arm embedded toolchain/10 2021.07/bin/../lib/gcc/arm-none-eabi/10.3.1/../../../../arm-none-eabi/lib/thumb/v7-m/nofp\libg.a(lib_a-svfprintf.o)
 .ARM.attributes
                0x00000779       0x2d c:/program files (x86)/gnu arm embedded toolchain/10 2021.07/bin/../lib/gcc/arm-none-eabi/10.3.1/../../../../arm-none-eabi/lib/thumb/v7-m/nofp\libg.a(lib_a-vfiprintf.o)
 .ARM.attributes
                0x000007a6       0x2d c:/program files (x86)/gnu arm embedded toolchain/10 2021.07/bin/../lib/gcc/arm-none-eabi/10.3.1/../../../../arm-none-eabi/lib/thumb/v7-m/nofp\libg.a(lib_a-wsetup.o)
 .ARM.attributes
                0x000007d3       0x2d c:/program files (x86)/gnu arm embedded toolchain/10 2021.07/bin/../lib/gcc/arm-none-eabi/10.3.1/../../../../arm-none-eabi/lib/thumb/v7-m/nofp\libg.a(lib_a-__call_atexit.o)
 .ARM.attributes
                0x00000800       0x2d c:/program files (x86)/gnu arm embedded toolchain/10 2021.07/bin/../lib/gcc/arm-none-eabi/10.3.1/../../../../arm-none-eabi/lib/thumb/v7-m/nofp\libg.a(lib_a-atexit.o)
 .ARM.attributes
                0x0000082d       0x2d c:/program files (x86)/gnu arm embedded toolchain/10 2021.07/bin/../lib/gcc/arm-none-eabi/10.3.1/../../../../arm-none-eabi/lib/thumb/v7-m/nofp\libg.a(lib_a-dtoa.o)
 .ARM.attributes
                0x0000085a       0x2d c:/program files (x86)/gnu arm embedded toolchain/10 2021.07/bin/../lib/gcc/arm-none-eabi/10.3.1/../../../../arm-none-eabi/lib/thumb/v7-m/nofp\libg.a(lib_a-fflush.o)
 .ARM.attributes
                0x00000887       0x2d c:/program files (x86)/gnu arm embedded toolchain/10 2021.07/bin/../lib/gcc/arm-none-eabi/10.3.1/../../../../arm-none-eabi/lib/thumb/v7-m/nofp\libg.a(lib_a-findfp.o)
 .ARM.attributes
                0x000008b4       0x2d c:/program files (x86)/gnu arm embedded toolchain/10 2021.07/bin/../lib/gcc/arm-none-eabi/10.3.1/../../../../arm-none-eabi/lib/thumb/v7-m/nofp\libg.a(lib_a-fini.o)
 .ARM.attributes
                0x000008e1       0x2d c:/program files (x86)/gnu arm embedded toolchain/10 2021.07/bin/../lib/gcc/arm-none-eabi/10.3.1/../../../../arm-none-eabi/lib/thumb/v7-m/nofp\libg.a(lib_a-fputwc.o)
 .ARM.attributes
                0x0000090e       0x2d c:/program files (x86)/gnu arm embedded toolchain/10 2021.07/bin/../lib/gcc/arm-none-eabi/10.3.1/../../../../arm-none-eabi/lib/thumb/v7-m/nofp\libg.a(lib_a-freer.o)
 .ARM.attributes
                0x0000093b       0x2d c:/program files (x86)/gnu arm embedded toolchain/10 2021.07/bin/../lib/gcc/arm-none-eabi/10.3.1/../../../../arm-none-eabi/lib/thumb/v7-m/nofp\libg.a(lib_a-fvwrite.o)
 .ARM.attributes
                0x00000968       0x2d c:/program files (x86)/gnu arm embedded toolchain/10 2021.07/bin/../lib/gcc/arm-none-eabi/10.3.1/../../../../arm-none-eabi/lib/thumb/v7-m/nofp\libg.a(lib_a-fwalk.o)
 .ARM.attributes
                0x00000995       0x2d c:/program files (x86)/gnu arm embedded toolchain/10 2021.07/bin/../lib/gcc/arm-none-eabi/10.3.1/../../../../arm-none-eabi/lib/thumb/v7-m/nofp\libg.a(lib_a-locale.o)
 .ARM.attributes
                0x000009c2       0x2d c:/program files (x86)/gnu arm embedded toolchain/10 2021.07/bin/../lib/gcc/arm-none-eabi/10.3.1/../../../../arm-none-eabi/lib/thumb/v7-m/nofp\libg.a(lib_a-localeconv.o)
 .ARM.attributes
                0x000009ef       0x2d c:/program files (x86)/gnu arm embedded toolchain/10 2021.07/bin/../lib/gcc/arm-none-eabi/10.3.1/../../../../arm-none-eabi/lib/thumb/v7-m/nofp\libg.a(lib_a-lock.o)
 .ARM.attributes
                0x00000a1c       0x2d c:/program files (x86)/gnu arm embedded toolchain/10 2021.07/bin/../lib/gcc/arm-none-eabi/10.3.1/../../../../arm-none-eabi/lib/thumb/v7-m/nofp\libg.a(lib_a-makebuf.o)
 .ARM.attributes
                0x00000a49       0x2d c:/program files (x86)/gnu arm embedded toolchain/10 2021.07/bin/../lib/gcc/arm-none-eabi/10.3.1/../../../../arm-none-eabi/lib/thumb/v7-m/nofp\libg.a(lib_a-malloc.o)
 .ARM.attributes
                0x00000a76       0x2d c:/program files (x86)/gnu arm embedded toolchain/10 2021.07/bin/../lib/gcc/arm-none-eabi/10.3.1/../../../../arm-none-eabi/lib/thumb/v7-m/nofp\libg.a(lib_a-mallocr.o)
 .ARM.attributes
                0x00000aa3       0x2d c:/program files (x86)/gnu arm embedded toolchain/10 2021.07/bin/../lib/gcc/arm-none-eabi/10.3.1/../../../../arm-none-eabi/lib/thumb/v7-m/nofp\libg.a(lib_a-mbtowc_r.o)
 .ARM.attributes
                0x00000ad0       0x2d c:/program files (x86)/gnu arm embedded toolchain/10 2021.07/bin/../lib/gcc/arm-none-eabi/10.3.1/../../../../arm-none-eabi/lib/thumb/v7-m/nofp\libg.a(lib_a-memchr-stub.o)
 .ARM.attributes
                0x00000afd       0x2d c:/program files (x86)/gnu arm embedded toolchain/10 2021.07/bin/../lib/gcc/arm-none-eabi/10.3.1/../../../../arm-none-eabi/lib/thumb/v7-m/nofp\libg.a(lib_a-memmove.o)
 .ARM.attributes
                0x00000b2a       0x2d c:/program files (x86)/gnu arm embedded toolchain/10 2021.07/bin/../lib/gcc/arm-none-eabi/10.3.1/../../../../arm-none-eabi/lib/thumb/v7-m/nofp\libg.a(lib_a-mlock.o)
 .ARM.attributes
                0x00000b57       0x2d c:/program files (x86)/gnu arm embedded toolchain/10 2021.07/bin/../lib/gcc/arm-none-eabi/10.3.1/../../../../arm-none-eabi/lib/thumb/v7-m/nofp\libg.a(lib_a-mprec.o)
 .ARM.attributes
                0x00000b84       0x2d c:/program files (x86)/gnu arm embedded toolchain/10 2021.07/bin/../lib/gcc/arm-none-eabi/10.3.1/../../../../arm-none-eabi/lib/thumb/v7-m/nofp\libg.a(lib_a-reallocr.o)
 .ARM.attributes
                0x00000bb1       0x2d c:/program files (x86)/gnu arm embedded toolchain/10 2021.07/bin/../lib/gcc/arm-none-eabi/10.3.1/../../../../arm-none-eabi/lib/thumb/v7-m/nofp\libg.a(lib_a-s_frexp.o)
 .ARM.attributes
                0x00000bde       0x2d c:/program files (x86)/gnu arm embedded toolchain/10 2021.07/bin/../lib/gcc/arm-none-eabi/10.3.1/../../../../arm-none-eabi/lib/thumb/v7-m/nofp\libg.a(lib_a-sbrkr.o)
 .ARM.attributes
                0x00000c0b       0x2d c:/program files (x86)/gnu arm embedded toolchain/10 2021.07/bin/../lib/gcc/arm-none-eabi/10.3.1/../../../../arm-none-eabi/lib/thumb/v7-m/nofp\libg.a(lib_a-stdio.o)
 .ARM.attributes
                0x00000c38       0x2d c:/program files (x86)/gnu arm embedded toolchain/10 2021.07/bin/../lib/gcc/arm-none-eabi/10.3.1/../../../../arm-none-eabi/lib/thumb/v7-m/nofp\libg.a(lib_a-svfiprintf.o)
 .ARM.attributes
                0x00000c65       0x2d c:/program files (x86)/gnu arm embedded toolchain/10 2021.07/bin/../lib/gcc/arm-none-eabi/10.3.1/../../../../arm-none-eabi/lib/thumb/v7-m/nofp\libg.a(lib_a-wbuf.o)
 .ARM.attributes
                0x00000c92       0x2d c:/program files (x86)/gnu arm embedded toolchain/10 2021.07/bin/../lib/gcc/arm-none-eabi/10.3.1/../../../../arm-none-eabi/lib/thumb/v7-m/nofp\libg.a(lib_a-wcrtomb.o)
 .ARM.attributes
                0x00000cbf       0x2d c:/program files (x86)/gnu arm embedded toolchain/10 2021.07/bin/../lib/gcc/arm-none-eabi/10.3.1/../../../../arm-none-eabi/lib/thumb/v7-m/nofp\libg.a(lib_a-wctomb_r.o)
 .ARM.attributes
                0x00000cec       0x2d c:/program files (x86)/gnu arm embedded toolchain/10 2021.07/bin/../lib/gcc/arm-none-eabi/10.3.1/../../../../arm-none-eabi/lib/thumb/v7-m/nofp\libg.a(lib_a-writer.o)
 .ARM.attributes
                0x00000d19       0x2d c:/program files (x86)/gnu arm embedded toolchain/10 2021.07/bin/../lib/gcc/arm-none-eabi/10.3.1/../../../../arm-none-eabi/lib/thumb/v7-m/nofp\libg.a(lib_a-__atexit.o)
 .ARM.attributes
                0x00000d46       0x2d c:/program files (x86)/gnu arm embedded toolchain/10 2021.07/bin/../lib/gcc/arm-none-eabi/10.3.1/../../../../arm-none-eabi/lib/thumb/v7-m/nofp\libg.a(lib_a-assert.o)
 .ARM.attributes
                0x00000d73       0x2d c:/program files (x86)/gnu arm embedded toolchain/10 2021.07/bin/../lib/gcc/arm-none-eabi/10.3.1/../../../../arm-none-eabi/lib/thumb/v7-m/nofp\libg.a(lib_a-callocr.o)
 .ARM.attributes
                0x00000da0       0x2d c:/program files (x86)/gnu arm embedded toolchain/10 2021.07/bin/../lib/gcc/arm-none-eabi/10.3.1/../../../../arm-none-eabi/lib/thumb/v7-m/nofp\libg.a(lib_a-closer.o)
 .ARM.attributes
                0x00000dcd       0x2d c:/program files (x86)/gnu arm embedded toolchain/10 2021.07/bin/../lib/gcc/arm-none-eabi/10.3.1/../../../../arm-none-eabi/lib/thumb/v7-m/nofp\libg.a(lib_a-ctype_.o)
 .ARM.attributes
                0x00000dfa       0x2d c:/program files (x86)/gnu arm embedded toolchain/10 2021.07/bin/../lib/gcc/arm-none-eabi/10.3.1/../../../../arm-none-eabi/lib/thumb/v7-m/nofp\libg.a(lib_a-errno.o)
 .ARM.attributes
                0x00000e27       0x2d c:/program files (x86)/gnu arm embedded toolchain/10 2021.07/bin/../lib/gcc/arm-none-eabi/10.3.1/../../../../arm-none-eabi/lib/thumb/v7-m/nofp\libg.a(lib_a-fclose.o)
 .ARM.attributes
                0x00000e54       0x2d c:/program files (x86)/gnu arm embedded toolchain/10 2021.07/bin/../lib/gcc/arm-none-eabi/10.3.1/../../../../arm-none-eabi/lib/thumb/v7-m/nofp\libg.a(lib_a-fiprintf.o)
 .ARM.attributes
                0x00000e81       0x2d c:/program files (x86)/gnu arm embedded toolchain/10 2021.07/bin/../lib/gcc/arm-none-eabi/10.3.1/../../../../arm-none-eabi/lib/thumb/v7-m/nofp\libg.a(lib_a-fstatr.o)
 .ARM.attributes
                0x00000eae       0x2d c:/program files (x86)/gnu arm embedded toolchain/10 2021.07/bin/../lib/gcc/arm-none-eabi/10.3.1/../../../../arm-none-eabi/lib/thumb/v7-m/nofp\libg.a(lib_a-isattyr.o)
 .ARM.attributes
                0x00000edb       0x2d c:/program files (x86)/gnu arm embedded toolchain/10 2021.07/bin/../lib/gcc/arm-none-eabi/10.3.1/../../../../arm-none-eabi/lib/thumb/v7-m/nofp\libg.a(lib_a-lseekr.o)
 .ARM.attributes
                0x00000f08       0x2d c:/program files (x86)/gnu arm embedded toolchain/10 2021.07/bin/../lib/gcc/arm-none-eabi/10.3.1/../../../../arm-none-eabi/lib/thumb/v7-m/nofp\libg.a(lib_a-readr.o)
 .ARM.attributes
                0x00000f35       0x2d c:/program files (x86)/gnu arm embedded toolchain/10 2021.07/bin/../lib/gcc/arm-none-eabi/10.3.1/../../../../arm-none-eabi/lib/thumb/v7-m/nofp\libg.a(lib_a-reent.o)
 .ARM.attributes
                0x00000f62       0x2d c:/program files (x86)/gnu arm embedded toolchain/10 2021.07/bin/../lib/gcc/arm-none-eabi/10.3.1/../../../../arm-none-eabi/lib/thumb/v7-m/nofp\libg.a(lib_a-abort.o)
 .ARM.attributes
                0x00000f8f       0x2d c:/program files (x86)/gnu arm embedded toolchain/10 2021.07/bin/../lib/gcc/arm-none-eabi/10.3.1/../../../../arm-none-eabi/lib/thumb/v7-m/nofp\libg.a(lib_a-signal.o)
 .ARM.attributes
                0x00000fbc       0x2d c:/program files (x86)/gnu arm embedded toolchain/10 2021.07/bin/../lib/gcc/arm-none-eabi/10.3.1/../../../../arm-none-eabi/lib/thumb/v7-m/nofp\libg.a(lib_a-signalr.o)
 .ARM.attributes
                0x00000fe9       0x1d c:/program files (x86)/gnu arm embedded toolchain/10 2021.07/bin/../lib/gcc/arm-none-eabi/10.3.1/thumb/v7-m/nofp\libgcc.a(_arm_addsubdf3.o)
 .ARM.attributes
                0x00001006       0x1d c:/program files (x86)/gnu arm embedded toolchain/10 2021.07/bin/../lib/gcc/arm-none-eabi/10.3.1/thumb/v7-m/nofp\libgcc.a(_arm_muldivdf3.o)
 .ARM.attributes
                0x00001023       0x1d c:/program files (x86)/gnu arm embedded toolchain/10 2021.07/bin/../lib/gcc/arm-none-eabi/10.3.1/thumb/v7-m/nofp\libgcc.a(_arm_cmpdf2.o)
 .ARM.attributes
                0x00001040       0x1d c:/program files (x86)/gnu arm embedded toolchain/10 2021.07/bin/../lib/gcc/arm-none-eabi/10.3.1/thumb/v7-m/nofp\libgcc.a(_arm_unorddf2.o)
 .ARM.attributes
                0x0000105d       0x1d c:/program files (x86)/gnu arm embedded toolchain/10 2021.07/bin/../lib/gcc/arm-none-eabi/10.3.1/thumb/v7-m/nofp\libgcc.a(_arm_fixdfsi.o)
 .ARM.attributes
                0x0000107a       0x1d c:/program files (x86)/gnu arm embedded toolchain/10 2021.07/bin/../lib/gcc/arm-none-eabi/10.3.1/thumb/v7-m/nofp\libgcc.a(_aeabi_uldivmod.o)
 .ARM.attributes
                0x00001097       0x2d c:/program files (x86)/gnu arm embedded toolchain/10 2021.07/bin/../lib/gcc/arm-none-eabi/10.3.1/thumb/v7-m/nofp\libgcc.a(_udivmoddi4.o)
 .ARM.attributes
                0x000010c4       0x1d c:/program files (x86)/gnu arm embedded toolchain/10 2021.07/bin/../lib/gcc/arm-none-eabi/10.3.1/thumb/v7-m/nofp\libgcc.a(_dvmd_tls.o)
 .ARM.attributes
                0x000010e1       0x1d c:/program files (x86)/gnu arm embedded toolchain/10 2021.07/bin/../lib/gcc/arm-none-eabi/10.3.1/thumb/v7-m/nofp/crtn.o

.comment        0x00000000       0x49
 .comment       0x00000000       0x49 objdir/main_cw521.o
                                 0x4a (size before relaxing)
 .comment       0x00000049       0x4a objdir/naeusb_ballistic.o
 .comment       0x00000049       0x4a objdir/naeusb/naeusb.o
 .comment       0x00000049       0x4a objdir/naeusb/naeusb_default.o
 .comment       0x00000049       0x4a objdir/naeusb/udc.o
 .comment       0x00000049       0x4a objdir/naeusb/usb_xmem.o
 .comment       0x00000049       0x4a objdir/flash_efc.o
 .comment       0x00000049       0x4a objdir/usart.o
 .comment       0x00000049       0x4a objdir/smc.o
 .comment       0x00000049       0x4a objdir/pio_handler.o
 .comment       0x00000049       0x4a objdir/udphs_device.o
 .comment       0x00000049       0x4a objdir/write.o
 .comment       0x00000049       0x4a objdir/led.o
 .comment       0x00000049       0x4a objdir/startup_sam3u.o
 .comment       0x00000049       0x4a objdir/sysclk.o
 .comment       0x00000049       0x4a objdir/pmc.o
 .comment       0x00000049       0x4a objdir/udi_vendor.o
 .comment       0x00000049       0x4a objdir/efc.o
 .comment       0x00000049       0x4a objdir/pio.o
 .comment       0x00000049       0x4a objdir/exceptions.o
 .comment       0x00000049       0x4a objdir/sleep.o
 .comment       0x00000049       0x4a objdir/syscalls.o
 .comment       0x00000049       0x4a objdir/uart.o
 .comment       0x00000049       0x4a objdir/init.o
 .comment       0x00000049       0x4a objdir/interrupt_sam_nvic.o
 .comment       0x00000049       0x4a objdir/read.o
 .comment       0x00000049       0x4a objdir/udi_vendor_desc.o
 .comment       0x00000049       0x4a objdir/system_sam3u.o
 .comment       0x00000049       0x4a objdir/sleepmgr.o
 .comment       0x00000049       0x4a objdir/ui_cw305.o

.debug_info     0x00000000    0x17a9e
 .debug_info    0x00000000     0x2178 objdir/main_cw521.o
 .debug_info    0x00002178      0xb94 objdir/naeusb_ballistic.o
 .debug_info    0x00002d0c      0x53f objdir/naeusb/naeusb.o
 .debug_info    0x0000324b      0x6c9 objdir/naeusb/naeusb_default.o
 .debug_info    0x00003914     0x1d30 objdir/naeusb/udc.o
 .debug_info    0x00005644      0xb46 objdir/naeusb/usb_xmem.o
 .debug_info    0x0000618a     0x19ed objdir/flash_efc.o
 .debug_info    0x00007b77     0x27a2 objdir/usart.o
 .debug_info    0x0000a319      0xa51 objdir/smc.o
 .debug_info    0x0000ad6a     0x1103 objdir/pio_handler.o
 .debug_info    0x0000be6d     0x3dea objdir/udphs_device.o
 .debug_info    0x0000fc57      0x19a objdir/write.o
 .debug_info    0x0000fdf1      0x1e2 objdir/led.o
 .debug_info    0x0000ffd3      0x410 objdir/startup_sam3u.o
 .debug_info    0x000103e3      0xa0a objdir/sysclk.o
 .debug_info    0x00010ded     0x10d4 objdir/pmc.o
 .debug_info    0x00011ec1      0x503 objdir/udi_vendor.o
 .debug_info    0x000123c4      0x7c0 objdir/efc.o
 .debug_info    0x00012b84     0x197c objdir/pio.o
 .debug_info    0x00014500       0xec objdir/exceptions.o
 .debug_info    0x000145ec      0xae5 objdir/sleep.o
 .debug_info    0x000150d1      0x520 objdir/syscalls.o
 .debug_info    0x000155f1      0x8e8 objdir/uart.o
 .debug_info    0x00015ed9      0x82c objdir/init.o
 .debug_info    0x00016705      0x1e2 objdir/interrupt_sam_nvic.o
 .debug_info    0x000168e7      0x198 objdir/read.o
 .debug_info    0x00016a7f      0x7dc objdir/udi_vendor_desc.o
 .debug_info    0x0001725b      0x457 objdir/system_sam3u.o
 .debug_info    0x000176b2      0x15a objdir/sleepmgr.o
 .debug_info    0x0001780c      0x292 objdir/ui_cw305.o

.debug_abbrev   0x00000000     0x478a
 .debug_abbrev  0x00000000      0x496 objdir/main_cw521.o
 .debug_abbrev  0x00000496      0x3cc objdir/naeusb_ballistic.o
 .debug_abbrev  0x00000862      0x289 objdir/naeusb/naeusb.o
 .debug_abbrev  0x00000aeb      0x30c objdir/naeusb/naeusb_default.o
 .debug_abbrev  0x00000df7      0x4a9 objdir/naeusb/udc.o
 .debug_abbrev  0x000012a0      0x33d objdir/naeusb/usb_xmem.o
 .debug_abbrev  0x000015dd      0x2f0 objdir/flash_efc.o
 .debug_abbrev  0x000018cd      0x34c objdir/usart.o
 .debug_abbrev  0x00001c19      0x1be objdir/smc.o
 .debug_abbrev  0x00001dd7      0x379 objdir/pio_handler.o
 .debug_abbrev  0x00002150      0x63e objdir/udphs_device.o
 .debug_abbrev  0x0000278e       0xe8 objdir/write.o
 .debug_abbrev  0x00002876      0x104 objdir/led.o
 .debug_abbrev  0x0000297a      0x15a objdir/startup_sam3u.o
 .debug_abbrev  0x00002ad4      0x2c5 objdir/sysclk.o
 .debug_abbrev  0x00002d99      0x2a6 objdir/pmc.o
 .debug_abbrev  0x0000303f      0x25a objdir/udi_vendor.o
 .debug_abbrev  0x00003299      0x305 objdir/efc.o
 .debug_abbrev  0x0000359e      0x305 objdir/pio.o
 .debug_abbrev  0x000038a3       0x70 objdir/exceptions.o
 .debug_abbrev  0x00003913      0x28b objdir/sleep.o
 .debug_abbrev  0x00003b9e      0x1b9 objdir/syscalls.o
 .debug_abbrev  0x00003d57      0x21f objdir/uart.o
 .debug_abbrev  0x00003f76      0x1fd objdir/init.o
 .debug_abbrev  0x00004173      0x133 objdir/interrupt_sam_nvic.o
 .debug_abbrev  0x000042a6      0x107 objdir/read.o
 .debug_abbrev  0x000043ad      0x148 objdir/udi_vendor_desc.o
 .debug_abbrev  0x000044f5      0x107 objdir/system_sam3u.o
 .debug_abbrev  0x000045fc       0xa9 objdir/sleepmgr.o
 .debug_abbrev  0x000046a5       0xe5 objdir/ui_cw305.o

.debug_loc      0x00000000     0xd545
 .debug_loc     0x00000000      0x499 objdir/main_cw521.o
 .debug_loc     0x00000499      0x7fa objdir/naeusb_ballistic.o
 .debug_loc     0x00000c93      0x1ec objdir/naeusb/naeusb.o
 .debug_loc     0x00000e7f      0x114 objdir/naeusb/naeusb_default.o