Archive member included to satisfy reference by file (symbol)

c:/program files (x86)/gnu arm embedded toolchain/10 2021.07/bin/../lib/gcc/arm-none-eabi/10.3.1/../../../../arm-none-eabi/lib/thumb/v7-m/nofp\libg.a(lib_a-exit.o)
                              c:/program files (x86)/gnu arm embedded toolchain/10 2021.07/bin/../lib/gcc/arm-none-eabi/10.3.1/../../../../arm-none-eabi/lib/thumb/v7-m/nofp/crt0.o (exit)
c:/program files (x86)/gnu arm embedded toolchain/10 2021.07/bin/../lib/gcc/arm-none-eabi/10.3.1/../../../../arm-none-eabi/lib/thumb/v7-m/nofp\libg.a(lib_a-impure.o)
                              c:/program files (x86)/gnu arm embedded toolchain/10 2021.07/bin/../lib/gcc/arm-none-eabi/10.3.1/../../../../arm-none-eabi/lib/thumb/v7-m/nofp\libg.a(lib_a-exit.o) (_global_impure_ptr)
c:/program files (x86)/gnu arm embedded toolchain/10 2021.07/bin/../lib/gcc/arm-none-eabi/10.3.1/../../../../arm-none-eabi/lib/thumb/v7-m/nofp\libg.a(lib_a-init.o)
                              c:/program files (x86)/gnu arm embedded toolchain/10 2021.07/bin/../lib/gcc/arm-none-eabi/10.3.1/../../../../arm-none-eabi/lib/thumb/v7-m/nofp/crt0.o (__libc_init_array)
c:/program files (x86)/gnu arm embedded toolchain/10 2021.07/bin/../lib/gcc/arm-none-eabi/10.3.1/../../../../arm-none-eabi/lib/thumb/v7-m/nofp\libg.a(lib_a-iprintf.o)
                              objdir/main_cw521.o (iprintf)
c:/program files (x86)/gnu arm embedded toolchain/10 2021.07/bin/../lib/gcc/arm-none-eabi/10.3.1/../../../../arm-none-eabi/lib/thumb/v7-m/nofp\libg.a(lib_a-memcpy.o)
                              objdir/flash_efc.o (memcpy)
c:/program files (x86)/gnu arm embedded toolchain/10 2021.07/bin/../lib/gcc/arm-none-eabi/10.3.1/../../../../arm-none-eabi/lib/thumb/v7-m/nofp\libg.a(lib_a-memset.o)
                              c:/program files (x86)/gnu arm embedded toolchain/10 2021.07/bin/../lib/gcc/arm-none-eabi/10.3.1/../../../../arm-none-eabi/lib/thumb/v7-m/nofp/crt0.o (memset)
c:/program files (x86)/gnu arm embedded toolchain/10 2021.07/bin/../lib/gcc/arm-none-eabi/10.3.1/../../../../arm-none-eabi/lib/thumb/v7-m/nofp\libg.a(lib_a-setbuf.o)
                              objdir/main_cw521.o (setbuf)
c:/program files (x86)/gnu arm embedded toolchain/10 2021.07/bin/../lib/gcc/arm-none-eabi/10.3.1/../../../../arm-none-eabi/lib/thumb/v7-m/nofp\libg.a(lib_a-setvbuf.o)
                              c:/program files (x86)/gnu arm embedded toolchain/10 2021.07/bin/../lib/gcc/arm-none-eabi/10.3.1/../../../../arm-none-eabi/lib/thumb/v7-m/nofp\libg.a(lib_a-setbuf.o) (setvbuf)
c:/program files (x86)/gnu arm embedded toolchain/10 2021.07/bin/../lib/gcc/arm-none-eabi/10.3.1/../../../../arm-none-eabi/lib/thumb/v7-m/nofp\libg.a(lib_a-sprintf.o)
                              objdir/main_cw521.o (sprintf)
c:/program files (x86)/gnu arm embedded toolchain/10 2021.07/bin/../lib/gcc/arm-none-eabi/10.3.1/../../../../arm-none-eabi/lib/thumb/v7-m/nofp\libg.a(lib_a-strlen-stub.o)
                              objdir/naeusb/naeusb_default.o (strlen)
c:/program files (x86)/gnu arm embedded toolchain/10 2021.07/bin/../lib/gcc/arm-none-eabi/10.3.1/../../../../arm-none-eabi/lib/thumb/v7-m/nofp\libg.a(lib_a-strncpy.o)
                              objdir/naeusb/naeusb_default.o (strncpy)
c:/program files (x86)/gnu arm embedded toolchain/10 2021.07/bin/../lib/gcc/arm-none-eabi/10.3.1/../../../../arm-none-eabi/lib/thumb/v7-m/nofp\libg.a(lib_a-svfprintf.o)
                              c:/program files (x86)/gnu arm embedded toolchain/10 2021.07/bin/../lib/gcc/arm-none-eabi/10.3.1/../../../../arm-none-eabi/lib/thumb/v7-m/nofp\libg.a(lib_a-sprintf.o) (_svfprintf_r)
c:/program files (x86)/gnu arm embedded toolchain/10 2021.07/bin/../lib/gcc/arm-none-eabi/10.3.1/../../../../arm-none-eabi/lib/thumb/v7-m/nofp\libg.a(lib_a-vfiprintf.o)
                              c:/program files (x86)/gnu arm embedded toolchain/10 2021.07/bin/../lib/gcc/arm-none-eabi/10.3.1/../../../../arm-none-eabi/lib/thumb/v7-m/nofp\libg.a(lib_a-iprintf.o) (_vfiprintf_r)
c:/program files (x86)/gnu arm embedded toolchain/10 2021.07/bin/../lib/gcc/arm-none-eabi/10.3.1/../../../../arm-none-eabi/lib/thumb/v7-m/nofp\libg.a(lib_a-wsetup.o)
                              c:/program files (x86)/gnu arm embedded toolchain/10 2021.07/bin/../lib/gcc/arm-none-eabi/10.3.1/../../../../arm-none-eabi/lib/thumb/v7-m/nofp\libg.a(lib_a-vfiprintf.o) (__swsetup_r)
c:/program files (x86)/gnu arm embedded toolchain/10 2021.07/bin/../lib/gcc/arm-none-eabi/10.3.1/../../../../arm-none-eabi/lib/thumb/v7-m/nofp\libg.a(lib_a-__call_atexit.o)
                              c:/program files (x86)/gnu arm embedded toolchain/10 2021.07/bin/../lib/gcc/arm-none-eabi/10.3.1/../../../../arm-none-eabi/lib/thumb/v7-m/nofp\libg.a(lib_a-exit.o) (__call_exitprocs)
c:/program files (x86)/gnu arm embedded toolchain/10 2021.07/bin/../lib/gcc/arm-none-eabi/10.3.1/../../../../arm-none-eabi/lib/thumb/v7-m/nofp\libg.a(lib_a-atexit.o)
[...]
Memory Configuration

Name             Origin             Length             Attributes
flash0           0x00080000         0x00020000         w !xr
flash1           0x00100000         0x00020000         w !xr
sram0            0x20000000         0x00008000         w !xr
sram1            0x20080000         0x00004000         w !xr
rom              0x000e0000         0x00040000         xr
ram              0x20078000         0x0000c000         xrw
*default*        0x00000000         0xffffffff

Linker script and memory map

LOAD c:/program files (x86)/gnu arm embedded toolchain/10 2021.07/bin/../lib/gcc/arm-none-eabi/10.3.1/thumb/v7-m/nofp/crti.o
LOAD c:/program files (x86)/gnu arm embedded toolchain/10 2021.07/bin/../lib/gcc/arm-none-eabi/10.3.1/thumb/v7-m/nofp/crtbegin.o
LOAD c:/program files (x86)/gnu arm embedded toolchain/10 2021.07/bin/../lib/gcc/arm-none-eabi/10.3.1/../../../../arm-none-eabi/lib/thumb/v7-m/nofp/crt0.o
LOAD objdir/main_cw521.o
LOAD objdir/naeusb_ballistic.o
LOAD objdir/naeusb/naeusb.o
LOAD objdir/naeusb/naeusb_default.o
LOAD objdir/naeusb/udc.o
LOAD objdir/naeusb/usb_xmem.o
LOAD objdir/flash_efc.o
LOAD objdir/cycle_counter.o
LOAD objdir/usart.o
LOAD objdir/smc.o
LOAD objdir/pio_handler.o
LOAD objdir/udphs_device.o
LOAD objdir/write.o
LOAD objdir/led.o
LOAD objdir/startup_sam3u.o
LOAD objdir/spi.o
LOAD objdir/sysclk.o
LOAD objdir/pmc.o
LOAD objdir/udi_vendor.o
LOAD objdir/efc.o
LOAD objdir/pio.o
LOAD objdir/exceptions.o
LOAD objdir/chipid.o
LOAD objdir/twi.o
LOAD objdir/sleep.o
LOAD objdir/syscalls.o
LOAD objdir/uart.o
LOAD objdir/init.o
LOAD objdir/circbuffer.o
LOAD objdir/interrupt_sam_nvic.o
LOAD objdir/read.o
LOAD objdir/udi_vendor_desc.o
LOAD objdir/system_sam3u.o
LOAD objdir/tc.o
LOAD objdir/sleepmgr.o
LOAD objdir/ui_cw305.o
LOAD objdir/usart_serial.o
START GROUP
LOAD c:/program files (x86)/gnu arm embedded toolchain/10 2021.07/bin/../lib/gcc/arm-none-eabi/10.3.1/../../../../arm-none-eabi/lib/thumb/v7-m/nofp\libm.a
END GROUP
LOAD c:/program files (x86)/gnu arm embedded toolchain/10 2021.07/bin/../lib/gcc/arm-none-eabi/10.3.1/../../../../arm-none-eabi/lib/thumb/v7-m/nofp\libm.a
START GROUP
LOAD c:/program files (x86)/gnu arm embedded toolchain/10 2021.07/bin/../lib/gcc/arm-none-eabi/10.3.1/thumb/v7-m/nofp\libgcc.a
LOAD c:/program files (x86)/gnu arm embedded toolchain/10 2021.07/bin/../lib/gcc/arm-none-eabi/10.3.1/../../../../arm-none-eabi/lib/thumb/v7-m/nofp\libg.a
LOAD c:/program files (x86)/gnu arm embedded toolchain/10 2021.07/bin/../lib/gcc/arm-none-eabi/10.3.1/../../../../arm-none-eabi/lib/thumb/v7-m/nofp\libc.a
END GROUP
LOAD c:/program files (x86)/gnu arm embedded toolchain/10 2021.07/bin/../lib/gcc/arm-none-eabi/10.3.1/thumb/v7-m/nofp/crtend.o
LOAD c:/program files (x86)/gnu arm embedded toolchain/10 2021.07/bin/../lib/gcc/arm-none-eabi/10.3.1/thumb/v7-m/nofp/crtn.o
                0x00004000                __stack_size__ = DEFINED (__stack_size__)?__stack_size__:0x4000
                0x20083ffc                __ram_end__ = ((ORIGIN (ram) + LENGTH (ram)) - 0x4)

.text           0x00080000     0xcddc
                0x00080000                . = ALIGN (0x4)
                0x00080000                _sfixed = .
 *(.vectors .vectors.*)
 .vectors       0x00080000       0xbc objdir/startup_sam3u.o
                0x00080000                exception_table
 *(.text .text.* .gnu.linkonce.t.*)
 .text          0x000800bc       0x40 c:/program files (x86)/gnu arm embedded toolchain/10 2021.07/bin/../lib/gcc/arm-none-eabi/10.3.1/thumb/v7-m/nofp/crtbegin.o
 .text.osc_get_rate
                0x000800fc       0x70 objdir/main_cw521.o
 .text.sysclk_get_main_hz
                0x0008016c       0x18 objdir/main_cw521.o
 .text.sysclk_get_peripheral_hz
                0x00080184       0x14 objdir/main_cw521.o
 .text.sysclk_enable_peripheral_clock
                0x00080198       0x1c objdir/main_cw521.o
 .text.sleepmgr_init
                0x000801b4       0x34 objdir/main_cw521.o
 .text.usart_serial_init
                0x000801e8      0x138 objdir/main_cw521.o
 .text.usart_serial_putchar
                0x00080320       0xc8 objdir/main_cw521.o
 .text.usart_serial_getchar
                0x000803e8       0xdc objdir/main_cw521.o
 .text.stdio_serial_init
                0x000804c4       0x68 objdir/main_cw521.o
 .text.main     0x0008052c      0x294 objdir/main_cw521.o
                0x0008052c                main
 .text.configure_console
                0x000807c0       0x44 objdir/main_cw521.o
 .text.ctrl_testmem
                0x00080804      0x140 objdir/naeusb_ballistic.o
                0x00080804                ctrl_testmem
 .text.ctrl_readmem_bulk
                0x00080944       0x4c objdir/naeusb_ballistic.o
                0x00080944                ctrl_readmem_bulk
 .text.ctrl_readmem_rng_bulk
                0x00080990       0x44 objdir/naeusb_ballistic.o
                0x00080990                ctrl_readmem_rng_bulk
 .text.ctrl_readmem_ctrl
                0x000809d4       0x4c objdir/naeusb_ballistic.o
                0x000809d4                ctrl_readmem_ctrl
 .text.xorshift128
                0x00080a20       0x68 objdir/naeusb_ballistic.o
                0x00080a20                xorshift128
 .text.ctrl_writemem_rng
                0x00080a88       0xdc objdir/naeusb_ballistic.o
                0x00080a88                ctrl_writemem_rng
 .text.ctrl_writemem_ctrl
                0x00080b64       0x70 objdir/naeusb_ballistic.o
                0x00080b64                ctrl_writemem_ctrl
 .text.ctrl_writemem_bulk
                0x00080bd4       0x48 objdir/naeusb_ballistic.o
                0x00080bd4                ctrl_writemem_bulk
 .text.ballistic_setup_out_received
                0x00080c1c       0xa4 objdir/naeusb_ballistic.o
                0x00080c1c                ballistic_setup_out_received
 .text.ballistic_setup_in_received
                0x00080cc0       0x58 objdir/naeusb_ballistic.o
                0x00080cc0                ballistic_setup_in_received
 .text.main_vendor_bulk_in_received
                0x00080d18       0x38 objdir/naeusb_ballistic.o
                0x00080d18                main_vendor_bulk_in_received
 .text.main_vendor_bulk_out_received
                0x00080d50       0x9c objdir/naeusb_ballistic.o
                0x00080d50                main_vendor_bulk_out_received
 .text.ballistic_register_handlers
                0x00080dec       0x24 objdir/naeusb_ballistic.o
                0x00080dec                ballistic_register_handlers
 .text.naeusb_add_in_handler
                0x00080e10       0x40 objdir/naeusb/naeusb.o
                0x00080e10                naeusb_add_in_handler
 .text.naeusb_add_out_handler
                0x00080e50       0x40 objdir/naeusb/naeusb.o
                0x00080e50                naeusb_add_out_handler
 .text.main_suspend_action
                0x00080e90       0x1c objdir/naeusb/naeusb.o
                0x00080e90                main_suspend_action
 .text.main_resume_action
                0x00080eac       0x10 objdir/naeusb/naeusb.o
                0x00080eac                main_resume_action
 .text.main_sof_action
                0x00080ebc       0x34 objdir/naeusb/naeusb.o
                0x00080ebc                main_sof_action
 .text.main_vendor_enable
                0x00080ef0       0x38 objdir/naeusb/naeusb.o
                0x00080ef0                main_vendor_enable
 .text.main_vendor_disable
                0x00080f28       0x18 objdir/naeusb/naeusb.o
                0x00080f28                main_vendor_disable
 .text.main_setup_out_received
                0x00080f40       0x68 objdir/naeusb/naeusb.o
                0x00080f40                main_setup_out_received
 .text.main_setup_in_received
                0x00080fa8       0x4c objdir/naeusb/naeusb.o
                0x00080fa8                main_setup_in_received
 .text.osc_enable
                0x00080ff4       0x84 objdir/naeusb/naeusb_default.o
 .text.osc_is_ready
                0x00081078       0x84 objdir/naeusb/naeusb_default.o
 .text.osc_wait_ready
                0x000810fc       0x30 objdir/naeusb/naeusb_default.o
 .text.udc_detach
                0x0008112c       0x10 objdir/naeusb/naeusb_default.o
 .text.naeusb_sam_cfg_out
                0x0008113c      0x100 objdir/naeusb/naeusb_default.o
                0x0008113c                naeusb_sam_cfg_out
 .text.naeusb_fw_version_in
                0x0008123c       0x34 objdir/naeusb/naeusb_default.o
                0x0008123c                naeusb_fw_version_in
 .text.naeusb_build_date_in
                0x00081270       0x58 objdir/naeusb/naeusb_default.o
                0x00081270                naeusb_build_date_in
 .text.naeusb_setup_out_received
                0x000812c8       0x28 objdir/naeusb/naeusb_default.o
                0x000812c8                naeusb_setup_out_received
 .text.naeusb_setup_in_received
                0x000812f0       0x34 objdir/naeusb/naeusb_default.o
                0x000812f0                naeusb_setup_in_received
 .text.naeusb_register_handlers
                0x00081324       0x24 objdir/naeusb/naeusb_default.o
                0x00081324                naeusb_register_handlers
 .text.udc_get_string_serial_name
                0x00081348       0x14 objdir/naeusb/udc.o
 .text.udc_get_interface_desc
                0x0008135c       0x14 objdir/naeusb/udc.o
                0x0008135c                udc_get_interface_desc
 .text.udc_get_eof_conf
                0x00081370       0x24 objdir/naeusb/udc.o
 .text.udc_next_desc_in_iface
                0x00081394       0x5c objdir/naeusb/udc.o
 .text.udc_update_iface_desc
                0x000813f0       0x9c objdir/naeusb/udc.o
 .text.udc_iface_disable
                0x0008148c       0xa0 objdir/naeusb/udc.o
 .text.udc_iface_enable
                0x0008152c       0x98 objdir/naeusb/udc.o
 .text.udc_start
                0x000815c4       0x10 objdir/naeusb/udc.o
                0x000815c4                udc_start
 .text.udc_reset
                0x000815d4       0x54 objdir/naeusb/udc.o
                0x000815d4                udc_reset
 .text.udc_sof_notify
                0x00081628       0x60 objdir/naeusb/udc.o
                0x00081628                udc_sof_notify
 .text.udc_req_std_dev_get_status
                0x00081688       0x2c objdir/naeusb/udc.o
 .text.udc_req_std_ep_get_status
                0x000816b4       0x44 objdir/naeusb/udc.o
 .text.udc_req_std_dev_clear_feature
                0x000816f8       0x3c objdir/naeusb/udc.o
 .text.udc_req_std_ep_clear_feature
                0x00081734       0x38 objdir/naeusb/udc.o
 .text.udc_req_std_dev_set_feature
                0x0008176c       0xbc objdir/naeusb/udc.o
 .text.udc_req_std_ep_set_feature
                0x00081828       0x48 objdir/naeusb/udc.o
 .text.udc_valid_address
                0x00081870       0x24 objdir/naeusb/udc.o
 .text.udc_req_std_dev_set_address
                0x00081894       0x28 objdir/naeusb/udc.o
 .text.udc_req_std_dev_get_str_desc
                0x000818bc       0xcc objdir/naeusb/udc.o
 .text.udc_req_std_dev_get_descriptor
                0x00081988      0x21c objdir/naeusb/udc.o
 .text.udc_req_std_dev_get_configuration
                0x00081ba4       0x2c objdir/naeusb/udc.o
 .text.udc_req_std_dev_set_configuration
                0x00081bd0      0x104 objdir/naeusb/udc.o
 .text.udc_req_std_iface_get_setting
                0x00081cd4       0x98 objdir/naeusb/udc.o
 .text.udc_req_std_iface_set_setting
                0x00081d6c       0x68 objdir/naeusb/udc.o
 .text.udc_reqstd
                0x00081dd4      0x190 objdir/naeusb/udc.o
 .text.udc_req_iface
                0x00081f64       0x98 objdir/naeusb/udc.o
 .text.udc_req_ep
                0x00081ffc       0x90 objdir/naeusb/udc.o
 .text.udc_process_setup
                0x0008208c       0xd0 objdir/naeusb/udc.o
                0x0008208c                udc_process_setup
 .text.FPGA_setlock
                0x0008215c       0x40 objdir/naeusb/usb_xmem.o
                0x0008215c                FPGA_setlock
 .text.FPGA_releaselock
                0x0008219c       0x18 objdir/naeusb/usb_xmem.o
                0x0008219c                FPGA_releaselock
 .text.FPGA_lockstatus
                0x000821b4       0x18 objdir/naeusb/usb_xmem.o
                0x000821b4                FPGA_lockstatus
 .text.flash_read_unique_id
                0x000821cc       0x6c objdir/flash_efc.o
                0x000821cc                flash_read_unique_id
 .text.usart_set_async_baudrate
                0x00082238       0x88 objdir/usart.o
                0x00082238                usart_set_async_baudrate
 .text.usart_reset
                0x000822c0       0x60 objdir/usart.o
                0x000822c0                usart_reset
 .text.usart_init_rs232
                0x00082320       0x84 objdir/usart.o
                0x00082320                usart_init_rs232
 .text.usart_enable_tx
                0x000823a4       0x18 objdir/usart.o
                0x000823a4                usart_enable_tx
 .text.usart_reset_tx
                0x000823bc       0x18 objdir/usart.o
                0x000823bc                usart_reset_tx
 .text.usart_enable_rx
                0x000823d4       0x18 objdir/usart.o
                0x000823d4                usart_enable_rx
 .text.usart_reset_rx
                0x000823ec       0x18 objdir/usart.o
                0x000823ec                usart_reset_rx
 .text.usart_reset_status
                0x00082404       0x1a objdir/usart.o
                0x00082404                usart_reset_status
 .text.usart_drive_DTR_pin_high
                0x0008241e       0x1a objdir/usart.o
                0x0008241e                usart_drive_DTR_pin_high
 .text.usart_drive_RTS_pin_high
                0x00082438       0x1a objdir/usart.o
                0x00082438                usart_drive_RTS_pin_high
 .text.usart_write
                0x00082452       0x30 objdir/usart.o
                0x00082452                usart_write
 .text.usart_read
                0x00082482       0x32 objdir/usart.o
                0x00082482                usart_read
 .text.usart_disable_writeprotect
                0x000824b4       0x20 objdir/usart.o
                0x000824b4                usart_disable_writeprotect
 .text.smc_set_setup_timing
                0x000824d4       0x2a objdir/smc.o
                0x000824d4                smc_set_setup_timing
 .text.smc_set_pulse_timing
                0x000824fe       0x2a objdir/smc.o
                0x000824fe                smc_set_pulse_timing
 .text.smc_set_cycle_timing
                0x00082528       0x2a objdir/smc.o
                0x00082528                smc_set_cycle_timing
 .text.smc_set_mode
                0x00082552       0x2a objdir/smc.o
                0x00082552                smc_set_mode
 .text.pio_handler_process
                0x0008257c       0xb4 objdir/pio_handler.o
                0x0008257c                pio_handler_process
 .text.PIOA_Handler
                0x00082630       0x18 objdir/pio_handler.o
                0x00082630                PIOA_Handler
 .text.PIOB_Handler
                0x00082648       0x18 objdir/pio_handler.o
                0x00082648                PIOB_Handler
 .text.PIOC_Handler
                0x00082660       0x18 objdir/pio_handler.o
                0x00082660                PIOC_Handler
 .text.NVIC_EnableIRQ
                0x00082678       0x30 objdir/udphs_device.o
 .text.NVIC_SetPriority
                0x000826a8       0x54 objdir/udphs_device.o
 .text.cpu_irq_save
                0x000826fc       0x3c objdir/udphs_device.o
 .text.cpu_irq_is_enabled_flags
                0x00082738       0x1e objdir/udphs_device.o
 *fill*         0x00082756        0x2 
 .text.cpu_irq_restore
                0x00082758       0x34 objdir/udphs_device.o
 .text.sleepmgr_lock_mode
                0x0008278c       0x38 objdir/udphs_device.o
 .text.sleepmgr_unlock_mode
                0x000827c4       0x38 objdir/udphs_device.o
 .text.udd_sleep_mode
                0x000827fc       0x58 objdir/udphs_device.o
 .text.UDPHS_Handler
                0x00082854      0x1c4 objdir/udphs_device.o
                0x00082854                UDPHS_Handler
 .text.udd_enable
                0x00082a18       0x9c objdir/udphs_device.o
                0x00082a18                udd_enable
 .text.udd_attach
                0x00082ab4       0xb8 objdir/udphs_device.o
                0x00082ab4                udd_attach
 .text.udd_detach
                0x00082b6c       0x44 objdir/udphs_device.o
                0x00082b6c                udd_detach
 .text.udd_is_high_speed
                0x00082bb0       0x24 objdir/udphs_device.o
                0x00082bb0                udd_is_high_speed
 .text.udd_set_address
                0x00082bd4       0x44 objdir/udphs_device.o
                0x00082bd4                udd_set_address
 .text.udd_getaddress
                0x00082c18       0x1c objdir/udphs_device.o
                0x00082c18                udd_getaddress
 .text.udd_get_frame_number
                0x00082c34       0x20 objdir/udphs_device.o
                0x00082c34                udd_get_frame_number
 .text.udd_set_setup_payload
                0x00082c54       0x28 objdir/udphs_device.o
                0x00082c54                udd_set_setup_payload
 .text.udd_ep_alloc
                0x00082c7c      0x3b8 objdir/udphs_device.o
                0x00082c7c                udd_ep_alloc
 .text.udd_ep_free
                0x00083034       0x80 objdir/udphs_device.o
                0x00083034                udd_ep_free
 .text.udd_ep_is_halted
                0x000830b4       0x68 objdir/udphs_device.o
                0x000830b4                udd_ep_is_halted
 .text.udd_ep_set_halt
                0x0008311c      0x114 objdir/udphs_device.o
                0x0008311c                udd_ep_set_halt
 .text.udd_ep_clear_halt
                0x00083230      0x130 objdir/udphs_device.o
                0x00083230                udd_ep_clear_halt
 .text.udd_ep_run
                0x00083360      0x108 objdir/udphs_device.o
                0x00083360                udd_ep_run
 .text.udd_ep_abort
                0x00083468       0x88 objdir/udphs_device.o
                0x00083468                udd_ep_abort
 .text.udd_test_mode_j
                0x000834f0       0x34 objdir/udphs_device.o
                0x000834f0                udd_test_mode_j
 .text.udd_test_mode_k
                0x00083524       0x34 objdir/udphs_device.o
                0x00083524                udd_test_mode_k
 .text.udd_test_mode_se0_nak
                0x00083558       0x24 objdir/udphs_device.o
                0x00083558                udd_test_mode_se0_nak
 .text.udd_test_mode_packet
                0x0008357c       0xcc objdir/udphs_device.o
                0x0008357c                udd_test_mode_packet
 .text.udd_reset_ep_ctrl
                0x00083648       0x80 objdir/udphs_device.o
 .text.udd_ctrl_init
                0x000836c8       0x5c objdir/udphs_device.o
 .text.udd_ctrl_setup_received
                0x00083724      0x140 objdir/udphs_device.o
 .text.udd_ctrl_in_sent
                0x00083864      0x168 objdir/udphs_device.o
 .text.udd_ctrl_out_received
                0x000839cc      0x1bc objdir/udphs_device.o
 .text.udd_ctrl_underflow
                0x00083b88       0x44 objdir/udphs_device.o
 .text.udd_ctrl_overflow
                0x00083bcc       0x34 objdir/udphs_device.o
 .text.udd_ctrl_stall_data
                0x00083c00       0x24 objdir/udphs_device.o
 .text.udd_ctrl_send_zlp_in
                0x00083c24       0x64 objdir/udphs_device.o
 .text.udd_ctrl_send_zlp_out
                0x00083c88       0x44 objdir/udphs_device.o
 .text.udd_ctrl_endofrequest
                0x00083ccc       0x1c objdir/udphs_device.o
 .text.udd_ctrl_interrupt
                0x00083ce8       0xe4 objdir/udphs_device.o
 .text.udd_ep_job_table_reset
                0x00083dcc       0x5c objdir/udphs_device.o
 .text.udd_ep_job_table_kill
                0x00083e28       0x48 objdir/udphs_device.o
 .text.udd_ep_abort_job
                0x00083e70       0x3c objdir/udphs_device.o
 .text.udd_ep_finish_job
                0x00083eac       0x70 objdir/udphs_device.o
 .text.udd_ep_trans_done
                0x00083f1c      0x1e8 objdir/udphs_device.o
 .text.udd_ep_interrupt
                0x00084104      0x1f4 objdir/udphs_device.o
 .text._write   0x000842f8       0x6c objdir/write.o
                0x000842f8                _write
 .text.LED_Off  0x00084364       0x5c objdir/led.o
                0x00084364                LED_Off
 .text.LED_On   0x000843c0       0x5c objdir/led.o
                0x000843c0                LED_On
 .text.Reset_Handler
                0x0008441c       0xa8 objdir/startup_sam3u.o
                0x0008441c                Reset_Handler
 .text.osc_enable
                0x000844c4       0x84 objdir/sysclk.o
 .text.osc_is_ready
                0x00084548       0x84 objdir/sysclk.o
 .text.osc_get_rate
                0x000845cc       0x70 objdir/sysclk.o
 .text.osc_wait_ready
                0x0008463c       0x30 objdir/sysclk.o
 .text.pll_config_init
                0x0008466c       0x6c objdir/sysclk.o
 .text.pll_enable
                0x000846d8       0x40 objdir/sysclk.o
 .text.pll_is_locked
                0x00084718       0x2c objdir/sysclk.o
 .text.pll_enable_source
                0x00084744       0x38 objdir/sysclk.o
 .text.pll_wait_for_lock
                0x0008477c       0x24 objdir/sysclk.o
 .text.sysclk_get_main_hz
                0x000847a0       0x18 objdir/sysclk.o
 .text.sysclk_get_cpu_hz
                0x000847b8       0x14 objdir/sysclk.o
 .text.sysclk_enable_usb
                0x000847cc       0x40 objdir/sysclk.o
                0x000847cc                sysclk_enable_usb
 .text.sysclk_init
                0x0008480c       0x8c objdir/sysclk.o
                0x0008480c                sysclk_init
 .text.pmc_switch_mck_to_mainck
                0x00084898       0x80 objdir/pmc.o
                0x00084898                pmc_switch_mck_to_mainck
 .text.pmc_switch_mck_to_pllack
                0x00084918       0x80 objdir/pmc.o
                0x00084918                pmc_switch_mck_to_pllack
 .text.pmc_switch_sclk_to_32kxtal
                0x00084998       0x38 objdir/pmc.o
                0x00084998                pmc_switch_sclk_to_32kxtal
 .text.pmc_osc_is_ready_32kxtal
                0x000849d0       0x34 objdir/pmc.o
                0x000849d0                pmc_osc_is_ready_32kxtal
 .text.pmc_osc_enable_fastrc
                0x00084a04       0x5c objdir/pmc.o
                0x00084a04                pmc_osc_enable_fastrc
 .text.pmc_osc_is_ready_fastrc
                0x00084a60       0x18 objdir/pmc.o
                0x00084a60                pmc_osc_is_ready_fastrc
 .text.pmc_osc_enable_main_xtal
                0x00084a78       0x50 objdir/pmc.o
                0x00084a78                pmc_osc_enable_main_xtal
 .text.pmc_osc_bypass_main_xtal
                0x00084ac8       0x34 objdir/pmc.o
                0x00084ac8                pmc_osc_bypass_main_xtal
 .text.pmc_osc_is_ready_main_xtal
                0x00084afc       0x18 objdir/pmc.o
                0x00084afc                pmc_osc_is_ready_main_xtal
 .text.pmc_osc_is_ready_mainck
                0x00084b14       0x18 objdir/pmc.o
                0x00084b14                pmc_osc_is_ready_mainck
 .text.pmc_mainck_osc_select
                0x00084b2c       0x40 objdir/pmc.o
                0x00084b2c                pmc_mainck_osc_select
 .text.pmc_disable_pllack
                0x00084b6c       0x18 objdir/pmc.o
                0x00084b6c                pmc_disable_pllack
 .text.pmc_is_locked_pllack
                0x00084b84       0x18 objdir/pmc.o
                0x00084b84                pmc_is_locked_pllack
 .text.pmc_is_locked_upll
                0x00084b9c       0x18 objdir/pmc.o
                0x00084b9c                pmc_is_locked_upll
 .text.pmc_enable_periph_clk
                0x00084bb4       0x4c objdir/pmc.o
                0x00084bb4                pmc_enable_periph_clk
 .text.pmc_disable_periph_clk
                0x00084c00       0x4c objdir/pmc.o
                0x00084c00                pmc_disable_periph_clk
 .text.pmc_set_fast_startup_input
                0x00084c4c       0x2c objdir/pmc.o
                0x00084c4c                pmc_set_fast_startup_input
 .text.udi_vendor_enable
                0x00084c78       0x40 objdir/udi_vendor.o
                0x00084c78                udi_vendor_enable
 .text.udi_vendor_disable
                0x00084cb8       0x1c objdir/udi_vendor.o
                0x00084cb8                udi_vendor_disable
 .text.udi_vendor_setup
                0x00084cd4       0x54 objdir/udi_vendor.o
                0x00084cd4                udi_vendor_setup
 .text.udi_vendor_getsetting
                0x00084d28       0x14 objdir/udi_vendor.o
                0x00084d28                udi_vendor_getsetting
 .text.udi_vendor_bulk_in_run
                0x00084d3c       0x2c objdir/udi_vendor.o
                0x00084d3c                udi_vendor_bulk_in_run
 .text.udi_vendor_bulk_out_run
                0x00084d68       0x2c objdir/udi_vendor.o
                0x00084d68                udi_vendor_bulk_out_run
 .text.cpu_irq_save
                0x00084d94       0x3c objdir/efc.o
 .text.cpu_irq_is_enabled_flags
                0x00084dd0       0x1e objdir/efc.o
 *fill*         0x00084dee        0x2 
 .text.cpu_irq_restore
                0x00084df0       0x34 objdir/efc.o
 .text.efc_perform_command
                0x00084e24       0x60 objdir/efc.o
                0x00084e24                efc_perform_command
 .text.pio_pull_up
                0x00084e84       0x2a objdir/pio.o
                0x00084e84                pio_pull_up
 .text.pio_set_peripheral
                0x00084eae       0x9e objdir/pio.o
                0x00084eae                pio_set_peripheral
 .text.pio_set_input
                0x00084f4c       0x80 objdir/pio.o
                0x00084f4c                pio_set_input
 .text.pio_set_output
                0x00084fcc       0x64 objdir/pio.o
                0x00084fcc                pio_set_output
 .text.pio_disable_interrupt
                0x00085030       0x1a objdir/pio.o
                0x00085030                pio_disable_interrupt
 .text.pio_get_interrupt_status
                0x0008504a       0x16 objdir/pio.o
                0x0008504a                pio_get_interrupt_status
 .text.pio_get_interrupt_mask
                0x00085060       0x16 objdir/pio.o
                0x00085060                pio_get_interrupt_mask
 *fill*         0x00085076        0x2 
 .text.pio_set_pin_high
                0x00085078       0x30 objdir/pio.o
                0x00085078                pio_set_pin_high
 .text.pio_set_pin_low
                0x000850a8       0x30 objdir/pio.o
                0x000850a8                pio_set_pin_low
 .text.pio_configure_pin
                0x000850d8      0x130 objdir/pio.o
                0x000850d8                pio_configure_pin
 .text.pio_configure_pin_group
                0x00085208       0xdc objdir/pio.o
                0x00085208                pio_configure_pin_group
 .text.pio_get_pin_group
                0x000852e4       0x24 objdir/pio.o
                0x000852e4                pio_get_pin_group
 .text.Dummy_Handler
                0x00085308        0x6 objdir/exceptions.o
                0x00085308                DebugMon_Handler
                0x00085308                DMAC_Handler
                0x00085308                HardFault_Handler
                0x00085308                TC2_Handler
                0x00085308                SPI_Handler
                0x00085308                SysTick_Handler
                0x00085308                USART3_Handler
                0x00085308                TWI1_Handler
                0x00085308                PendSV_Handler
                0x00085308                NMI_Handler
                0x00085308                ADC_Handler
                0x00085308                SMC_Handler
                0x00085308                USART0_Handler
                0x00085308                RTT_Handler
                0x00085308                EFC1_Handler
                0x00085308                ADC12B_Handler
                0x00085308                RTC_Handler
                0x00085308                UsageFault_Handler
                0x00085308                WDT_Handler
                0x00085308                TC1_Handler
                0x00085308                HSMCI_Handler
                0x00085308                Dummy_Handler
                0x00085308                TWI0_Handler
                0x00085308                USART1_Handler
                0x00085308                SSC_Handler
                0x00085308                EFC0_Handler
                0x00085308                PMC_Handler
                0x00085308                PWM_Handler
                0x00085308                MemManage_Handler
                0x00085308                SUPC_Handler
                0x00085308                SVC_Handler
                0x00085308                USART2_Handler
                0x00085308                UART_Handler
                0x00085308                BusFault_Handler
                0x00085308                RSTC_Handler
                0x00085308                TC0_Handler
 *fill*         0x0008530e        0x2 
 .text.pmc_is_wakeup_clocks_restored
                0x00085310       0x2c objdir/sleep.o
                0x00085310                pmc_is_wakeup_clocks_restored
 .text._sbrk    0x0008533c       0x58 objdir/syscalls.o
                0x0008533c                _sbrk
 .text._close   0x00085394       0x16 objdir/syscalls.o
                0x00085394                _close
 .text._fstat   0x000853aa       0x1e objdir/syscalls.o
                0x000853aa                _fstat
 .text._isatty  0x000853c8       0x14 objdir/syscalls.o
                0x000853c8                _isatty
 .text._lseek   0x000853dc       0x18 objdir/syscalls.o
                0x000853dc                _lseek
 .text._exit    0x000853f4       0x1c objdir/syscalls.o
                0x000853f4                _exit
 .text._kill    0x00085410       0x14 objdir/syscalls.o
                0x00085410                _kill
 .text._getpid  0x00085424       0x10 objdir/syscalls.o
                0x00085424                _getpid
 .text.uart_init
                0x00085434       0x60 objdir/uart.o
                0x00085434                uart_init
 .text.uart_write
                0x00085494       0x2e objdir/uart.o
                0x00085494                uart_write
 .text.uart_read
                0x000854c2       0x30 objdir/uart.o
                0x000854c2                uart_read
 *fill*         0x000854f2        0x2 
 .text.sysclk_enable_peripheral_clock
                0x000854f4       0x1c objdir/init.o
 .text.ioport_init
                0x00085510       0x20 objdir/init.o
 .text.iopins_normal
                0x00085530       0x54 objdir/init.o
                0x00085530                iopins_normal
 .text.board_init
                0x00085584       0x24 objdir/init.o
                0x00085584                board_init
 .text.cpu_irq_enter_critical
                0x000855a8       0x58 objdir/interrupt_sam_nvic.o
                0x000855a8                cpu_irq_enter_critical
 .text.cpu_irq_leave_critical
                0x00085600       0x44 objdir/interrupt_sam_nvic.o
                0x00085600                cpu_irq_leave_critical
 .text._read    0x00085644       0x54 objdir/read.o
                0x00085644                _read
 .text.SystemCoreClockUpdate
                0x00085698      0x184 objdir/system_sam3u.o
                0x00085698                SystemCoreClockUpdate
 .text.ui_init  0x0008581c       0x20 objdir/ui_cw305.o
                0x0008581c                ui_init
 .text.ui_powerdown
                0x0008583c       0x28 objdir/ui_cw305.o
                0x0008583c                ui_powerdown
 .text.ui_wakeup
                0x00085864       0x1c objdir/ui_cw305.o
                0x00085864                ui_wakeup
 .text.ui_process
                0x00085880       0x78 objdir/ui_cw305.o
                0x00085880                ui_process
 .text.__libc_init_array
                0x000858f8       0x48 c:/program files (x86)/gnu arm embedded toolchain/10 2021.07/bin/../lib/gcc/arm-none-eabi/10.3.1/../../../../arm-none-eabi/lib/thumb/v7-m/nofp\libg.a(lib_a-init.o)
                0x000858f8                __libc_init_array
 .text.iprintf  0x00085940       0x28 c:/program files (x86)/gnu arm embedded toolchain/10 2021.07/bin/../lib/gcc/arm-none-eabi/10.3.1/../../../../arm-none-eabi/lib/thumb/v7-m/nofp\libg.a(lib_a-iprintf.o)
                0x00085940                iprintf
 .text          0x00085968       0xec c:/program files (x86)/gnu arm embedded toolchain/10 2021.07/bin/../lib/gcc/arm-none-eabi/10.3.1/../../../../arm-none-eabi/lib/thumb/v7-m/nofp\libg.a(lib_a-memcpy.o)
                0x00085968                memcpy
 .text.memset   0x00085a54       0xa4 c:/program files (x86)/gnu arm embedded toolchain/10 2021.07/bin/../lib/gcc/arm-none-eabi/10.3.1/../../../../arm-none-eabi/lib/thumb/v7-m/nofp\libg.a(lib_a-memset.o)
                0x00085a54                memset
 .text.setbuf   0x00085af8       0x10 c:/program files (x86)/gnu arm embedded toolchain/10 2021.07/bin/../lib/gcc/arm-none-eabi/10.3.1/../../../../arm-none-eabi/lib/thumb/v7-m/nofp\libg.a(lib_a-setbuf.o)
                0x00085af8                setbuf
 .text.setvbuf  0x00085b08      0x1b0 c:/program files (x86)/gnu arm embedded toolchain/10 2021.07/bin/../lib/gcc/arm-none-eabi/10.3.1/../../../../arm-none-eabi/lib/thumb/v7-m/nofp\libg.a(lib_a-setvbuf.o)
                0x00085b08                setvbuf
 .text.sprintf  0x00085cb8       0x44 c:/program files (x86)/gnu arm embedded toolchain/10 2021.07/bin/../lib/gcc/arm-none-eabi/10.3.1/../../../../arm-none-eabi/lib/thumb/v7-m/nofp\libg.a(lib_a-sprintf.o)
                0x00085cb8                sprintf
 .text.strlen   0x00085cfc       0x5c c:/program files (x86)/gnu arm embedded toolchain/10 2021.07/bin/../lib/gcc/arm-none-eabi/10.3.1/../../../../arm-none-eabi/lib/thumb/v7-m/nofp\libg.a(lib_a-strlen-stub.o)
                0x00085cfc                strlen
 .text.strncpy  0x00085d58       0x68 c:/program files (x86)/gnu arm embedded toolchain/10 2021.07/bin/../lib/gcc/arm-none-eabi/10.3.1/../../../../arm-none-eabi/lib/thumb/v7-m/nofp\libg.a(lib_a-strncpy.o)
                0x00085d58                strncpy
 .text._svfprintf_r
                0x00085dc0     0x1aa4 c:/program files (x86)/gnu arm embedded toolchain/10 2021.07/bin/../lib/gcc/arm-none-eabi/10.3.1/../../../../arm-none-eabi/lib/thumb/v7-m/nofp\libg.a(lib_a-svfprintf.o)
                0x00085dc0                _svfprintf_r
 .text.__sprint_r.part.0
                0x00087864       0x78 c:/program files (x86)/gnu arm embedded toolchain/10 2021.07/bin/../lib/gcc/arm-none-eabi/10.3.1/../../../../arm-none-eabi/lib/thumb/v7-m/nofp\libg.a(lib_a-vfiprintf.o)
 .text._vfiprintf_r
                0x000878dc      0xd98 c:/program files (x86)/gnu arm embedded toolchain/10 2021.07/bin/../lib/gcc/arm-none-eabi/10.3.1/../../../../arm-none-eabi/lib/thumb/v7-m/nofp\libg.a(lib_a-vfiprintf.o)
                0x000878dc                _vfiprintf_r
 .text.__sbprintf
                0x00088674       0x84 c:/program files (x86)/gnu arm embedded toolchain/10 2021.07/bin/../lib/gcc/arm-none-eabi/10.3.1/../../../../arm-none-eabi/lib/thumb/v7-m/nofp\libg.a(lib_a-vfiprintf.o)
 .text.__swsetup_r
                0x000886f8       0xd4 c:/program files (x86)/gnu arm embedded toolchain/10 2021.07/bin/../lib/gcc/arm-none-eabi/10.3.1/../../../../arm-none-eabi/lib/thumb/v7-m/nofp\libg.a(lib_a-wsetup.o)
                0x000886f8                __swsetup_r
 .text.startup.register_fini
                0x000887cc       0x14 c:/program files (x86)/gnu arm embedded toolchain/10 2021.07/bin/../lib/gcc/arm-none-eabi/10.3.1/../../../../arm-none-eabi/lib/thumb/v7-m/nofp\libg.a(lib_a-__call_atexit.o)
 .text.atexit   0x000887e0        0xc c:/program files (x86)/gnu arm embedded toolchain/10 2021.07/bin/../lib/gcc/arm-none-eabi/10.3.1/../../../../arm-none-eabi/lib/thumb/v7-m/nofp\libg.a(lib_a-atexit.o)
                0x000887e0                atexit
 .text.quorem   0x000887ec      0x12c c:/program files (x86)/gnu arm embedded toolchain/10 2021.07/bin/../lib/gcc/arm-none-eabi/10.3.1/../../../../arm-none-eabi/lib/thumb/v7-m/nofp\libg.a(lib_a-dtoa.o)
 .text._dtoa_r  0x00088918      0xecc c:/program files (x86)/gnu arm embedded toolchain/10 2021.07/bin/../lib/gcc/arm-none-eabi/10.3.1/../../../../arm-none-eabi/lib/thumb/v7-m/nofp\libg.a(lib_a-dtoa.o)
                0x00088918                _dtoa_r
 .text.__sflush_r
                0x000897e4      0x124 c:/program files (x86)/gnu arm embedded toolchain/10 2021.07/bin/../lib/gcc/arm-none-eabi/10.3.1/../../../../arm-none-eabi/lib/thumb/v7-m/nofp\libg.a(lib_a-fflush.o)
                0x000897e4                __sflush_r
 .text._fflush_r
                0x00089908       0x5c c:/program files (x86)/gnu arm embedded toolchain/10 2021.07/bin/../lib/gcc/arm-none-eabi/10.3.1/../../../../arm-none-eabi/lib/thumb/v7-m/nofp\libg.a(lib_a-fflush.o)
                0x00089908                _fflush_r
 .text._cleanup_r
                0x00089964        0xc c:/program files (x86)/gnu arm embedded toolchain/10 2021.07/bin/../lib/gcc/arm-none-eabi/10.3.1/../../../../arm-none-eabi/lib/thumb/v7-m/nofp\libg.a(lib_a-findfp.o)
                0x00089964                _cleanup_r
 .text.__sinit  0x00089970      0x10c c:/program files (x86)/gnu arm embedded toolchain/10 2021.07/bin/../lib/gcc/arm-none-eabi/10.3.1/../../../../arm-none-eabi/lib/thumb/v7-m/nofp\libg.a(lib_a-findfp.o)
                0x00089970                __sinit
 .text.__sfp_lock_acquire
                0x00089a7c        0xc c:/program files (x86)/gnu arm embedded toolchain/10 2021.07/bin/../lib/gcc/arm-none-eabi/10.3.1/../../../../arm-none-eabi/lib/thumb/v7-m/nofp\libg.a(lib_a-findfp.o)
                0x00089a7c                __sfp_lock_acquire
 .text.__sfp_lock_release
                0x00089a88        0xc c:/program files (x86)/gnu arm embedded toolchain/10 2021.07/bin/../lib/gcc/arm-none-eabi/10.3.1/../../../../arm-none-eabi/lib/thumb/v7-m/nofp\libg.a(lib_a-findfp.o)
                0x00089a88                __sfp_lock_release
 .text.__libc_fini_array
                0x00089a94       0x2c c:/program files (x86)/gnu arm embedded toolchain/10 2021.07/bin/../lib/gcc/arm-none-eabi/10.3.1/../../../../arm-none-eabi/lib/thumb/v7-m/nofp\libg.a(lib_a-fini.o)
                0x00089a94                __libc_fini_array
 .text.__fputwc
                0x00089ac0       0xa0 c:/program files (x86)/gnu arm embedded toolchain/10 2021.07/bin/../lib/gcc/arm-none-eabi/10.3.1/../../../../arm-none-eabi/lib/thumb/v7-m/nofp\libg.a(lib_a-fputwc.o)
                0x00089ac0                __fputwc
 .text._fputwc_r
                0x00089b60       0x68 c:/program files (x86)/gnu arm embedded toolchain/10 2021.07/bin/../lib/gcc/arm-none-eabi/10.3.1/../../../../arm-none-eabi/lib/thumb/v7-m/nofp\libg.a(lib_a-fputwc.o)
                0x00089b60                _fputwc_r
 .text._malloc_trim_r
                0x00089bc8       0xa0 c:/program files (x86)/gnu arm embedded toolchain/10 2021.07/bin/../lib/gcc/arm-none-eabi/10.3.1/../../../../arm-none-eabi/lib/thumb/v7-m/nofp\libg.a(lib_a-freer.o)
                0x00089bc8                _malloc_trim_r
 .text._free_r  0x00089c68      0x200 c:/program files (x86)/gnu arm embedded toolchain/10 2021.07/bin/../lib/gcc/arm-none-eabi/10.3.1/../../../../arm-none-eabi/lib/thumb/v7-m/nofp\libg.a(lib_a-freer.o)
                0x00089c68                _free_r
 .text.__sfvwrite_r
                0x00089e68      0x2f0 c:/program files (x86)/gnu arm embedded toolchain/10 2021.07/bin/../lib/gcc/arm-none-eabi/10.3.1/../../../../arm-none-eabi/lib/thumb/v7-m/nofp\libg.a(lib_a-fvwrite.o)
                0x00089e68                __sfvwrite_r
 .text._fwalk_reent
                0x0008a158       0x48 c:/program files (x86)/gnu arm embedded toolchain/10 2021.07/bin/../lib/gcc/arm-none-eabi/10.3.1/../../../../arm-none-eabi/lib/thumb/v7-m/nofp\libg.a(lib_a-fwalk.o)
                0x0008a158                _fwalk_reent
 .text.__locale_mb_cur_max
                0x0008a1a0        0xc c:/program files (x86)/gnu arm embedded toolchain/10 2021.07/bin/../lib/gcc/arm-none-eabi/10.3.1/../../../../arm-none-eabi/lib/thumb/v7-m/nofp\libg.a(lib_a-locale.o)
                0x0008a1a0                __locale_mb_cur_max
 .text._localeconv_r
                0x0008a1ac        0x8 c:/program files (x86)/gnu arm embedded toolchain/10 2021.07/bin/../lib/gcc/arm-none-eabi/10.3.1/../../../../arm-none-eabi/lib/thumb/v7-m/nofp\libg.a(lib_a-localeconv.o)
                0x0008a1ac                _localeconv_r
 .text.__retarget_lock_init_recursive
                0x0008a1b4        0x4 c:/program files (x86)/gnu arm embedded toolchain/10 2021.07/bin/../lib/gcc/arm-none-eabi/10.3.1/../../../../arm-none-eabi/lib/thumb/v7-m/nofp\libg.a(lib_a-lock.o)
                0x0008a1b4                __retarget_lock_init_recursive
 .text.__retarget_lock_close_recursive
                0x0008a1b8        0x4 c:/program files (x86)/gnu arm embedded toolchain/10 2021.07/bin/../lib/gcc/arm-none-eabi/10.3.1/../../../../arm-none-eabi/lib/thumb/v7-m/nofp\libg.a(lib_a-lock.o)
                0x0008a1b8                __retarget_lock_close_recursive
 .text.__retarget_lock_acquire_recursive
                0x0008a1bc        0x4 c:/program files (x86)/gnu arm embedded toolchain/10 2021.07/bin/../lib/gcc/arm-none-eabi/10.3.1/../../../../arm-none-eabi/lib/thumb/v7-m/nofp\libg.a(lib_a-lock.o)
                0x0008a1bc                __retarget_lock_acquire_recursive
 .text.__retarget_lock_release_recursive
                0x0008a1c0        0x4 c:/program files (x86)/gnu arm embedded toolchain/10 2021.07/bin/../lib/gcc/arm-none-eabi/10.3.1/../../../../arm-none-eabi/lib/thumb/v7-m/nofp\libg.a(lib_a-lock.o)
                0x0008a1c0                __retarget_lock_release_recursive
 .text.__smakebuf_r
                0x0008a1c4       0xe0 c:/program files (x86)/gnu arm embedded toolchain/10 2021.07/bin/../lib/gcc/arm-none-eabi/10.3.1/../../../../arm-none-eabi/lib/thumb/v7-m/nofp\libg.a(lib_a-makebuf.o)
                0x0008a1c4                __smakebuf_r
 .text.__swhatbuf_r
                0x0008a2a4       0x60 c:/program files (x86)/gnu arm embedded toolchain/10 2021.07/bin/../lib/gcc/arm-none-eabi/10.3.1/../../../../arm-none-eabi/lib/thumb/v7-m/nofp\libg.a(lib_a-makebuf.o)
                0x0008a2a4                __swhatbuf_r
 .text.malloc   0x0008a304       0x10 c:/program files (x86)/gnu arm embedded toolchain/10 2021.07/bin/../lib/gcc/arm-none-eabi/10.3.1/../../../../arm-none-eabi/lib/thumb/v7-m/nofp\libg.a(lib_a-malloc.o)
                0x0008a304                malloc
 .text._malloc_r
                0x0008a314      0x558 c:/program files (x86)/gnu arm embedded toolchain/10 2021.07/bin/../lib/gcc/arm-none-eabi/10.3.1/../../../../arm-none-eabi/lib/thumb/v7-m/nofp\libg.a(lib_a-mallocr.o)
                0x0008a314                _malloc_r
 .text.__ascii_mbtowc
                0x0008a86c       0x2c c:/program files (x86)/gnu arm embedded toolchain/10 2021.07/bin/../lib/gcc/arm-none-eabi/10.3.1/../../../../arm-none-eabi/lib/thumb/v7-m/nofp\libg.a(lib_a-mbtowc_r.o)
                0x0008a86c                __ascii_mbtowc
 .text.memchr   0x0008a898       0x90 c:/program files (x86)/gnu arm embedded toolchain/10 2021.07/bin/../lib/gcc/arm-none-eabi/10.3.1/../../../../arm-none-eabi/lib/thumb/v7-m/nofp\libg.a(lib_a-memchr-stub.o)
                0x0008a898                memchr
 .text.memmove  0x0008a928       0xf8 c:/program files (x86)/gnu arm embedded toolchain/10 2021.07/bin/../lib/gcc/arm-none-eabi/10.3.1/../../../../arm-none-eabi/lib/thumb/v7-m/nofp\libg.a(lib_a-memmove.o)
                0x0008a928                memmove
 .text.__malloc_lock
                0x0008aa20        0xc c:/program files (x86)/gnu arm embedded toolchain/10 2021.07/bin/../lib/gcc/arm-none-eabi/10.3.1/../../../../arm-none-eabi/lib/thumb/v7-m/nofp\libg.a(lib_a-mlock.o)
                0x0008aa20                __malloc_lock
 .text.__malloc_unlock
                0x0008aa2c        0xc c:/program files (x86)/gnu arm embedded toolchain/10 2021.07/bin/../lib/gcc/arm-none-eabi/10.3.1/../../../../arm-none-eabi/lib/thumb/v7-m/nofp\libg.a(lib_a-mlock.o)
                0x0008aa2c                __malloc_unlock
 .text._Balloc  0x0008aa38       0x4c c:/program files (x86)/gnu arm embedded toolchain/10 2021.07/bin/../lib/gcc/arm-none-eabi/10.3.1/../../../../arm-none-eabi/lib/thumb/v7-m/nofp\libg.a(lib_a-mprec.o)
                0x0008aa38                _Balloc
 .text._Bfree   0x0008aa84       0x14 c:/program files (x86)/gnu arm embedded toolchain/10 2021.07/bin/../lib/gcc/arm-none-eabi/10.3.1/../../../../arm-none-eabi/lib/thumb/v7-m/nofp\libg.a(lib_a-mprec.o)
                0x0008aa84                _Bfree
 .text.__multadd
                0x0008aa98       0xa4 c:/program files (x86)/gnu arm embedded toolchain/10 2021.07/bin/../lib/gcc/arm-none-eabi/10.3.1/../../../../arm-none-eabi/lib/thumb/v7-m/nofp\libg.a(lib_a-mprec.o)
                0x0008aa98                __multadd
 .text.__hi0bits
                0x0008ab3c       0x40 c:/program files (x86)/gnu arm embedded toolchain/10 2021.07/bin/../lib/gcc/arm-none-eabi/10.3.1/../../../../arm-none-eabi/lib/thumb/v7-m/nofp\libg.a(lib_a-mprec.o)
                0x0008ab3c                __hi0bits
 .text.__lo0bits
                0x0008ab7c       0x58 c:/program files (x86)/gnu arm embedded toolchain/10 2021.07/bin/../lib/gcc/arm-none-eabi/10.3.1/../../../../arm-none-eabi/lib/thumb/v7-m/nofp\libg.a(lib_a-mprec.o)
                0x0008ab7c                __lo0bits
 .text.__i2b    0x0008abd4       0x5c c:/program files (x86)/gnu arm embedded toolchain/10 2021.07/bin/../lib/gcc/arm-none-eabi/10.3.1/../../../../arm-none-eabi/lib/thumb/v7-m/nofp\libg.a(lib_a-mprec.o)
                0x0008abd4                __i2b
 .text.__multiply
                0x0008ac30      0x15c c:/program files (x86)/gnu arm embedded toolchain/10 2021.07/bin/../lib/gcc/arm-none-eabi/10.3.1/../../../../arm-none-eabi/lib/thumb/v7-m/nofp\libg.a(lib_a-mprec.o)
                0x0008ac30                __multiply
 .text.__pow5mult
                0x0008ad8c       0xb8 c:/program files (x86)/gnu arm embedded toolchain/10 2021.07/bin/../lib/gcc/arm-none-eabi/10.3.1/../../../../arm-none-eabi/lib/thumb/v7-m/nofp\libg.a(lib_a-mprec.o)
                0x0008ad8c                __pow5mult
 .text.__lshift
                0x0008ae44       0xec c:/program files (x86)/gnu arm embedded toolchain/10 2021.07/bin/../lib/gcc/arm-none-eabi/10.3.1/../../../../arm-none-eabi/lib/thumb/v7-m/nofp\libg.a(lib_a-mprec.o)
                0x0008ae44                __lshift
 .text.__mcmp   0x0008af30       0x40 c:/program files (x86)/gnu arm embedded toolchain/10 2021.07/bin/../lib/gcc/arm-none-eabi/10.3.1/../../../../arm-none-eabi/lib/thumb/v7-m/nofp\libg.a(lib_a-mprec.o)
                0x0008af30                __mcmp
 .text.__mdiff  0x0008af70      0x14c c:/program files (x86)/gnu arm embedded toolchain/10 2021.07/bin/../lib/gcc/arm-none-eabi/10.3.1/../../../../arm-none-eabi/lib/thumb/v7-m/nofp\libg.a(lib_a-mprec.o)
                0x0008af70                __mdiff
 .text.__d2b    0x0008b0bc       0xc4 c:/program files (x86)/gnu arm embedded toolchain/10 2021.07/bin/../lib/gcc/arm-none-eabi/10.3.1/../../../../arm-none-eabi/lib/thumb/v7-m/nofp\libg.a(lib_a-mprec.o)
                0x0008b0bc                __d2b
 .text._realloc_r
                0x0008b180      0x3dc c:/program files (x86)/gnu arm embedded toolchain/10 2021.07/bin/../lib/gcc/arm-none-eabi/10.3.1/../../../../arm-none-eabi/lib/thumb/v7-m/nofp\libg.a(lib_a-reallocr.o)
                0x0008b180                _realloc_r
 .text.frexp    0x0008b55c       0x70 c:/program files (x86)/gnu arm embedded toolchain/10 2021.07/bin/../lib/gcc/arm-none-eabi/10.3.1/../../../../arm-none-eabi/lib/thumb/v7-m/nofp\libg.a(lib_a-s_frexp.o)
                0x0008b55c                frexp
 .text._sbrk_r  0x0008b5cc       0x24 c:/program files (x86)/gnu arm embedded toolchain/10 2021.07/bin/../lib/gcc/arm-none-eabi/10.3.1/../../../../arm-none-eabi/lib/thumb/v7-m/nofp\libg.a(lib_a-sbrkr.o)
                0x0008b5cc                _sbrk_r
 .text.__sread  0x0008b5f0       0x24 c:/program files (x86)/gnu arm embedded toolchain/10 2021.07/bin/../lib/gcc/arm-none-eabi/10.3.1/../../../../arm-none-eabi/lib/thumb/v7-m/nofp\libg.a(lib_a-stdio.o)
                0x0008b5f0                __sread
 .text.__swrite
                0x0008b614       0x40 c:/program files (x86)/gnu arm embedded toolchain/10 2021.07/bin/../lib/gcc/arm-none-eabi/10.3.1/../../../../arm-none-eabi/lib/thumb/v7-m/nofp\libg.a(lib_a-stdio.o)
                0x0008b614                __swrite
 .text.__sseek  0x0008b654       0x20 c:/program files (x86)/gnu arm embedded toolchain/10 2021.07/bin/../lib/gcc/arm-none-eabi/10.3.1/../../../../arm-none-eabi/lib/thumb/v7-m/nofp\libg.a(lib_a-stdio.o)
                0x0008b654                __sseek
 .text.__sclose
                0x0008b674        0x8 c:/program files (x86)/gnu arm embedded toolchain/10 2021.07/bin/../lib/gcc/arm-none-eabi/10.3.1/../../../../arm-none-eabi/lib/thumb/v7-m/nofp\libg.a(lib_a-stdio.o)
                0x0008b674                __sclose
 .text.__ssprint_r
                0x0008b67c       0xfc c:/program files (x86)/gnu arm embedded toolchain/10 2021.07/bin/../lib/gcc/arm-none-eabi/10.3.1/../../../../arm-none-eabi/lib/thumb/v7-m/nofp\libg.a(lib_a-svfiprintf.o)
                0x0008b67c                __ssprint_r
 .text.__swbuf_r
                0x0008b778       0xb0 c:/program files (x86)/gnu arm embedded toolchain/10 2021.07/bin/../lib/gcc/arm-none-eabi/10.3.1/../../../../arm-none-eabi/lib/thumb/v7-m/nofp\libg.a(lib_a-wbuf.o)
                0x0008b778                __swbuf_r
 .text._wcrtomb_r
                0x0008b828       0x3c c:/program files (x86)/gnu arm embedded toolchain/10 2021.07/bin/../lib/gcc/arm-none-eabi/10.3.1/../../../../arm-none-eabi/lib/thumb/v7-m/nofp\libg.a(lib_a-wcrtomb.o)
                0x0008b828                _wcrtomb_r
 .text.__ascii_wctomb
                0x0008b864       0x1c c:/program files (x86)/gnu arm embedded toolchain/10 2021.07/bin/../lib/gcc/arm-none-eabi/10.3.1/../../../../arm-none-eabi/lib/thumb/v7-m/nofp\libg.a(lib_a-wctomb_r.o)
                0x0008b864                __ascii_wctomb
 .text._write_r
                0x0008b880       0x2c c:/program files (x86)/gnu arm embedded toolchain/10 2021.07/bin/../lib/gcc/arm-none-eabi/10.3.1/../../../../arm-none-eabi/lib/thumb/v7-m/nofp\libg.a(lib_a-writer.o)
                0x0008b880                _write_r
 .text.__register_exitproc
                0x0008b8ac       0x8c c:/program files (x86)/gnu arm embedded toolchain/10 2021.07/bin/../lib/gcc/arm-none-eabi/10.3.1/../../../../arm-none-eabi/lib/thumb/v7-m/nofp\libg.a(lib_a-__atexit.o)
                0x0008b8ac                __register_exitproc
 .text.__assert_func
                0x0008b938       0x40 c:/program files (x86)/gnu arm embedded toolchain/10 2021.07/bin/../lib/gcc/arm-none-eabi/10.3.1/../../../../arm-none-eabi/lib/thumb/v7-m/nofp\libg.a(lib_a-assert.o)
                0x0008b938                __assert_func
 .text._calloc_r
                0x0008b978       0x78 c:/program files (x86)/gnu arm embedded toolchain/10 2021.07/bin/../lib/gcc/arm-none-eabi/10.3.1/../../../../arm-none-eabi/lib/thumb/v7-m/nofp\libg.a(lib_a-callocr.o)
                0x0008b978                _calloc_r
 .text._close_r
                0x0008b9f0       0x24 c:/program files (x86)/gnu arm embedded toolchain/10 2021.07/bin/../lib/gcc/arm-none-eabi/10.3.1/../../../../arm-none-eabi/lib/thumb/v7-m/nofp\libg.a(lib_a-closer.o)
                0x0008b9f0                _close_r
 .text.__errno  0x0008ba14        0xc c:/program files (x86)/gnu arm embedded toolchain/10 2021.07/bin/../lib/gcc/arm-none-eabi/10.3.1/../../../../arm-none-eabi/lib/thumb/v7-m/nofp\libg.a(lib_a-errno.o)
                0x0008ba14                __errno
 .text._fclose_r
                0x0008ba20       0xcc c:/program files (x86)/gnu arm embedded toolchain/10 2021.07/bin/../lib/gcc/arm-none-eabi/10.3.1/../../../../arm-none-eabi/lib/thumb/v7-m/nofp\libg.a(lib_a-fclose.o)
                0x0008ba20                _fclose_r
 .text.fiprintf
                0x0008baec       0x28 c:/program files (x86)/gnu arm embedded toolchain/10 2021.07/bin/../lib/gcc/arm-none-eabi/10.3.1/../../../../arm-none-eabi/lib/thumb/v7-m/nofp\libg.a(lib_a-fiprintf.o)
                0x0008baec                fiprintf
 .text._fstat_r
                0x0008bb14       0x28 c:/program files (x86)/gnu arm embedded toolchain/10 2021.07/bin/../lib/gcc/arm-none-eabi/10.3.1/../../../../arm-none-eabi/lib/thumb/v7-m/nofp\libg.a(lib_a-fstatr.o)
                0x0008bb14                _fstat_r
 .text._isatty_r
                0x0008bb3c       0x24 c:/program files (x86)/gnu arm embedded toolchain/10 2021.07/bin/../lib/gcc/arm-none-eabi/10.3.1/../../../../arm-none-eabi/lib/thumb/v7-m/nofp\libg.a(lib_a-isattyr.o)
                0x0008bb3c                _isatty_r
 .text._lseek_r
                0x0008bb60       0x2c c:/program files (x86)/gnu arm embedded toolchain/10 2021.07/bin/../lib/gcc/arm-none-eabi/10.3.1/../../../../arm-none-eabi/lib/thumb/v7-m/nofp\libg.a(lib_a-lseekr.o)
                0x0008bb60                _lseek_r
 .text._read_r  0x0008bb8c       0x2c c:/program files (x86)/gnu arm embedded toolchain/10 2021.07/bin/../lib/gcc/arm-none-eabi/10.3.1/../../../../arm-none-eabi/lib/thumb/v7-m/nofp\libg.a(lib_a-readr.o)
                0x0008bb8c                _read_r
 .text.abort    0x0008bbb8       0x10 c:/program files (x86)/gnu arm embedded toolchain/10 2021.07/bin/../lib/gcc/arm-none-eabi/10.3.1/../../../../arm-none-eabi/lib/thumb/v7-m/nofp\libg.a(lib_a-abort.o)
                0x0008bbb8                abort
 .text.raise    0x0008bbc8       0x5c c:/program files (x86)/gnu arm embedded toolchain/10 2021.07/bin/../lib/gcc/arm-none-eabi/10.3.1/../../../../arm-none-eabi/lib/thumb/v7-m/nofp\libg.a(lib_a-signal.o)
                0x0008bbc8                raise
 .text._kill_r  0x0008bc24       0x28 c:/program files (x86)/gnu arm embedded toolchain/10 2021.07/bin/../lib/gcc/arm-none-eabi/10.3.1/../../../../arm-none-eabi/lib/thumb/v7-m/nofp\libg.a(lib_a-signalr.o)
                0x0008bc24                _kill_r
 .text._getpid_r
                0x0008bc4c        0x4 c:/program files (x86)/gnu arm embedded toolchain/10 2021.07/bin/../lib/gcc/arm-none-eabi/10.3.1/../../../../arm-none-eabi/lib/thumb/v7-m/nofp\libg.a(lib_a-signalr.o)
                0x0008bc4c                _getpid_r
 .text          0x0008bc50      0x378 c:/program files (x86)/gnu arm embedded toolchain/10 2021.07/bin/../lib/gcc/arm-none-eabi/10.3.1/thumb/v7-m/nofp\libgcc.a(_arm_addsubdf3.o)
                0x0008bc50                __aeabi_drsub
                0x0008bc58                __aeabi_dsub
                0x0008bc58                __subdf3
                0x0008bc5c                __aeabi_dadd
                0x0008bc5c                __adddf3
                0x0008bed4                __floatunsidf
                0x0008bed4                __aeabi_ui2d
                0x0008bef4                __floatsidf
                0x0008bef4                __aeabi_i2d
                0x0008bf18                __aeabi_f2d
                0x0008bf18                __extendsfdf2
                0x0008bf5c                __floatundidf
                0x0008bf5c                __aeabi_ul2d
                0x0008bf6c                __floatdidf
                0x0008bf6c                __aeabi_l2d
 .text          0x0008bfc8      0x424 c:/program files (x86)/gnu arm embedded toolchain/10 2021.07/bin/../lib/gcc/arm-none-eabi/10.3.1/thumb/v7-m/nofp\libgcc.a(_arm_muldivdf3.o)
                0x0008bfc8                __aeabi_dmul
                0x0008bfc8                __muldf3
                0x0008c21c                __divdf3
                0x0008c21c                __aeabi_ddiv
 .text          0x0008c3ec      0x110 c:/program files (x86)/gnu arm embedded toolchain/10 2021.07/bin/../lib/gcc/arm-none-eabi/10.3.1/thumb/v7-m/nofp\libgcc.a(_arm_cmpdf2.o)
                0x0008c3ec                __gtdf2
                0x0008c3ec                __gedf2
                0x0008c3f4                __ltdf2
                0x0008c3f4                __ledf2
                0x0008c3fc                __nedf2
                0x0008c3fc                __eqdf2
                0x0008c3fc                __cmpdf2
                0x0008c478                __aeabi_cdrcmple
                0x0008c488                __aeabi_cdcmpeq
                0x0008c488                __aeabi_cdcmple
                0x0008c498                __aeabi_dcmpeq
                0x0008c4ac                __aeabi_dcmplt
                0x0008c4c0                __aeabi_dcmple
                0x0008c4d4                __aeabi_dcmpge
                0x0008c4e8                __aeabi_dcmpgt
 .text          0x0008c4fc       0x2c c:/program files (x86)/gnu arm embedded toolchain/10 2021.07/bin/../lib/gcc/arm-none-eabi/10.3.1/thumb/v7-m/nofp\libgcc.a(_arm_unorddf2.o)
                0x0008c4fc                __unorddf2
                0x0008c4fc                __aeabi_dcmpun
 .text          0x0008c528       0x50 c:/program files (x86)/gnu arm embedded toolchain/10 2021.07/bin/../lib/gcc/arm-none-eabi/10.3.1/thumb/v7-m/nofp\libgcc.a(_arm_fixdfsi.o)
                0x0008c528                __aeabi_d2iz
                0x0008c528                __fixdfsi
 .text          0x0008c578       0x30 c:/program files (x86)/gnu arm embedded toolchain/10 2021.07/bin/../lib/gcc/arm-none-eabi/10.3.1/thumb/v7-m/nofp\libgcc.a(_aeabi_uldivmod.o)
                0x0008c578                __aeabi_uldivmod
 .text          0x0008c5a8      0x2d4 c:/program files (x86)/gnu arm embedded toolchain/10 2021.07/bin/../lib/gcc/arm-none-eabi/10.3.1/thumb/v7-m/nofp\libgcc.a(_udivmoddi4.o)
                0x0008c5a8                __udivmoddi4
 .text          0x0008c87c        0x4 c:/program files (x86)/gnu arm embedded toolchain/10 2021.07/bin/../lib/gcc/arm-none-eabi/10.3.1/thumb/v7-m/nofp\libgcc.a(_dvmd_tls.o)
                0x0008c87c                __aeabi_idiv0
                0x0008c87c                __aeabi_ldiv0
 *(.glue_7t)
 .glue_7t       0x0008c880        0x0 linker stubs
 *(.glue_7)
 .glue_7        0x0008c880        0x0 linker stubs
 *(.rodata .rodata* .gnu.linkonce.r.*)
 .rodata        0x0008c880       0xb4 objdir/main_cw521.o
 .rodata.BUILD_DATE
                0x0008c934        0xc objdir/naeusb/naeusb_default.o
 .rodata.BUILD_TIME
                0x0008c940        0x9 objdir/naeusb/naeusb_default.o
 *fill*         0x0008c949        0x3 
 .rodata        0x0008c94c       0x35 objdir/udphs_device.o
 *fill*         0x0008c981        0x3 
 .rodata.LED_DESCRIPTOR
                0x0008c984       0x18 objdir/led.o
 .rodata        0x0008c99c       0x19 objdir/syscalls.o
 *fill*         0x0008c9b5        0x3 
 .rodata._global_impure_ptr
                0x0008c9b8        0x4 c:/program files (x86)/gnu arm embedded toolchain/10 2021.07/bin/../lib/gcc/arm-none-eabi/10.3.1/../../../../arm-none-eabi/lib/thumb/v7-m/nofp\libg.a(lib_a-impure.o)
                0x0008c9b8                _global_impure_ptr
 .rodata._svfprintf_r.str1.4
                0x0008c9bc       0x42 c:/program files (x86)/gnu arm embedded toolchain/10 2021.07/bin/../lib/gcc/arm-none-eabi/10.3.1/../../../../arm-none-eabi/lib/thumb/v7-m/nofp\libg.a(lib_a-svfprintf.o)
 *fill*         0x0008c9fe        0x2 
 .rodata.blanks.1
                0x0008ca00       0x10 c:/program files (x86)/gnu arm embedded toolchain/10 2021.07/bin/../lib/gcc/arm-none-eabi/10.3.1/../../../../arm-none-eabi/lib/thumb/v7-m/nofp\libg.a(lib_a-svfprintf.o)
 .rodata.zeroes.0
                0x0008ca10       0x10 c:/program files (x86)/gnu arm embedded toolchain/10 2021.07/bin/../lib/gcc/arm-none-eabi/10.3.1/../../../../arm-none-eabi/lib/thumb/v7-m/nofp\libg.a(lib_a-svfprintf.o)
 .rodata._vfiprintf_r.str1.4
                0x0008ca20       0x2f c:/program files (x86)/gnu arm embedded toolchain/10 2021.07/bin/../lib/gcc/arm-none-eabi/10.3.1/../../../../arm-none-eabi/lib/thumb/v7-m/nofp\libg.a(lib_a-vfiprintf.o)
 .rodata.blanks.1
                0x0008ca20       0x10 c:/program files (x86)/gnu arm embedded toolchain/10 2021.07/bin/../lib/gcc/arm-none-eabi/10.3.1/../../../../arm-none-eabi/lib/thumb/v7-m/nofp\libg.a(lib_a-vfiprintf.o)
 .rodata.zeroes.0
                0x0008ca30       0x10 c:/program files (x86)/gnu arm embedded toolchain/10 2021.07/bin/../lib/gcc/arm-none-eabi/10.3.1/../../../../arm-none-eabi/lib/thumb/v7-m/nofp\libg.a(lib_a-vfiprintf.o)
 .rodata._dtoa_r.str1.4
                0x0008ca40       0xa2 c:/program files (x86)/gnu arm embedded toolchain/10 2021.07/bin/../lib/gcc/arm-none-eabi/10.3.1/../../../../arm-none-eabi/lib/thumb/v7-m/nofp\libg.a(lib_a-dtoa.o)
                                 0xa6 (size before relaxing)
 *fill*         0x0008cae2        0x2 
 .rodata._setlocale_r.str1.4
                0x0008cae4        0xa c:/program files (x86)/gnu arm embedded toolchain/10 2021.07/bin/../lib/gcc/arm-none-eabi/10.3.1/../../../../arm-none-eabi/lib/thumb/v7-m/nofp\libg.a(lib_a-locale.o)
                                  0xd (size before relaxing)
 *fill*         0x0008caee        0x2 
 .rodata.str1.4
                0x0008caf0        0x2 c:/program files (x86)/gnu arm embedded toolchain/10 2021.07/bin/../lib/gcc/arm-none-eabi/10.3.1/../../../../arm-none-eabi/lib/thumb/v7-m/nofp\libg.a(lib_a-locale.o)
 *fill*         0x0008caf2        0x2 
 .rodata.__multadd.str1.4
                0x0008caf4       0x7f c:/program files (x86)/gnu arm embedded toolchain/10 2021.07/bin/../lib/gcc/arm-none-eabi/10.3.1/../../../../arm-none-eabi/lib/thumb/v7-m/nofp\libg.a(lib_a-mprec.o)
                                 0x93 (size before relaxing)
 *fill*         0x0008cb73        0x5 
 .rodata.__mprec_bigtens
                0x0008cb78       0x28 c:/program files (x86)/gnu arm embedded toolchain/10 2021.07/bin/../lib/gcc/arm-none-eabi/10.3.1/../../../../arm-none-eabi/lib/thumb/v7-m/nofp\libg.a(lib_a-mprec.o)
                0x0008cb78                __mprec_bigtens
 .rodata.__mprec_tens
                0x0008cba0       0xc8 c:/program files (x86)/gnu arm embedded toolchain/10 2021.07/bin/../lib/gcc/arm-none-eabi/10.3.1/../../../../arm-none-eabi/lib/thumb/v7-m/nofp\libg.a(lib_a-mprec.o)
                0x0008cba0                __mprec_tens
 .rodata.p05.0  0x0008cc68        0xc c:/program files (x86)/gnu arm embedded toolchain/10 2021.07/bin/../lib/gcc/arm-none-eabi/10.3.1/../../../../arm-none-eabi/lib/thumb/v7-m/nofp\libg.a(lib_a-mprec.o)
 .rodata.__assert_func.str1.4
                0x0008cc74       0x3f c:/program files (x86)/gnu arm embedded toolchain/10 2021.07/bin/../lib/gcc/arm-none-eabi/10.3.1/../../../../arm-none-eabi/lib/thumb/v7-m/nofp\libg.a(lib_a-assert.o)
                                 0x43 (size before relaxing)
 *fill*         0x0008ccb3        0x1 
 .rodata._ctype_
                0x0008ccb4      0x101 c:/program files (x86)/gnu arm embedded toolchain/10 2021.07/bin/../lib/gcc/arm-none-eabi/10.3.1/../../../../arm-none-eabi/lib/thumb/v7-m/nofp\libg.a(lib_a-ctype_.o)
                0x0008ccb4                _ctype_
 *(.ARM.extab* .gnu.linkonce.armextab.*)
                0x0008cdb8                . = ALIGN (0x4)
 *fill*         0x0008cdb5        0x3 
 *(.init)
 .init          0x0008cdb8        0x4 c:/program files (x86)/gnu arm embedded toolchain/10 2021.07/bin/../lib/gcc/arm-none-eabi/10.3.1/thumb/v7-m/nofp/crti.o
                0x0008cdb8                _init
 .init          0x0008cdbc        0x8 c:/program files (x86)/gnu arm embedded toolchain/10 2021.07/bin/../lib/gcc/arm-none-eabi/10.3.1/thumb/v7-m/nofp/crtn.o
                0x0008cdc4                . = ALIGN (0x4)
                0x0008cdc4                __preinit_array_start = .
 *(.preinit_array)
                0x0008cdc4                __preinit_array_end = .
                0x0008cdc4                . = ALIGN (0x4)
                0x0008cdc4                __init_array_start = .
 *(SORT_BY_NAME(.init_array.*))
 .init_array.00000
                0x0008cdc4        0x4 c:/program files (x86)/gnu arm embedded toolchain/10 2021.07/bin/../lib/gcc/arm-none-eabi/10.3.1/../../../../arm-none-eabi/lib/thumb/v7-m/nofp\libg.a(lib_a-__call_atexit.o)
 *(.init_array)
 .init_array    0x0008cdc8        0x4 c:/program files (x86)/gnu arm embedded toolchain/10 2021.07/bin/../lib/gcc/arm-none-eabi/10.3.1/thumb/v7-m/nofp/crtbegin.o
                0x0008cdcc                __init_array_end = .
                0x0008cdcc                . = ALIGN (0x4)
 *crtbegin.o(.ctors)
 *(EXCLUDE_FILE(*crtend.o) .ctors)
 *(SORT_BY_NAME(.ctors.*))
 *crtend.o(.ctors)
                0x0008cdcc                . = ALIGN (0x4)
 *(.fini)
 .fini          0x0008cdcc        0x4 c:/program files (x86)/gnu arm embedded toolchain/10 2021.07/bin/../lib/gcc/arm-none-eabi/10.3.1/thumb/v7-m/nofp/crti.o
                0x0008cdcc                _fini
 .fini          0x0008cdd0        0x8 c:/program files (x86)/gnu arm embedded toolchain/10 2021.07/bin/../lib/gcc/arm-none-eabi/10.3.1/thumb/v7-m/nofp/crtn.o
                0x0008cdd8                . = ALIGN (0x4)
                0x0008cdd8                __fini_array_start = .
 *(.fini_array)
 .fini_array    0x0008cdd8        0x4 c:/program files (x86)/gnu arm embedded toolchain/10 2021.07/bin/../lib/gcc/arm-none-eabi/10.3.1/thumb/v7-m/nofp/crtbegin.o
 *(SORT_BY_NAME(.fini_array.*))
                0x0008cddc                __fini_array_end = .
 *crtbegin.o(.dtors)
 *(EXCLUDE_FILE(*crtend.o) .dtors)
 *(SORT_BY_NAME(.dtors.*))
 *crtend.o(.dtors)
                0x0008cddc                . = ALIGN (0x4)
                0x0008cddc                _efixed = .
                [!provide]                PROVIDE (__exidx_start = .)

.vfp11_veneer   0x0008cddc        0x0
 .vfp11_veneer  0x0008cddc        0x0 linker stubs

.v4_bx          0x0008cddc        0x0
 .v4_bx         0x0008cddc        0x0 linker stubs

.iplt           0x0008cddc        0x0
 .iplt          0x0008cddc        0x0 c:/program files (x86)/gnu arm embedded toolchain/10 2021.07/bin/../lib/gcc/arm-none-eabi/10.3.1/thumb/v7-m/nofp/crtbegin.o

.igot.plt       0x0008cddc        0x0
 .igot.plt      0x0008cddc        0x0 c:/program files (x86)/gnu arm embedded toolchain/10 2021.07/bin/../lib/gcc/arm-none-eabi/10.3.1/thumb/v7-m/nofp/crtbegin.o

.ARM.exidx      0x0008cddc        0x8
 *(.ARM.exidx* .gnu.linkonce.armexidx.*)
 .ARM.exidx     0x0008cddc        0x8 c:/program files (x86)/gnu arm embedded toolchain/10 2021.07/bin/../lib/gcc/arm-none-eabi/10.3.1/thumb/v7-m/nofp\libgcc.a(_udivmoddi4.o)
                [!provide]                PROVIDE (__exidx_end = .)

.eh_frame       0x0008cde4        0x0
 .eh_frame      0x0008cde4        0x0 c:/program files (x86)/gnu arm embedded toolchain/10 2021.07/bin/../lib/gcc/arm-none-eabi/10.3.1/thumb/v7-m/nofp/crtbegin.o

.rel.dyn        0x0008cde4        0x0
 .rel.iplt      0x0008cde4        0x0 c:/program files (x86)/gnu arm embedded toolchain/10 2021.07/bin/../lib/gcc/arm-none-eabi/10.3.1/thumb/v7-m/nofp/crtbegin.o
                0x0008cde4                . = ALIGN (0x4)
                0x0008cde4                _etext = .

.relocate       0x20000000      0xe30 load address 0x0008cde4
                0x20000000                . = ALIGN (0x4)
                0x20000000                _srelocate = .
 *(.ramfunc .ramfunc.*)
 .ramfunc       0x20000000      0x100 objdir/efc.o
                0x20000000                efc_perform_read_sequence
                0x200000b4                efc_write_fmr
                0x200000ce                efc_perform_fcr
 .ramfunc       0x20000100      0x170 objdir/system_sam3u.o
                0x20000100                SystemInit
                0x200001d0                system_init_flash
 *(.data .data.*)
 .data.usb_serial_number
                0x20000270       0x21 objdir/main_cw521.o
                0x20000270                usb_serial_number
 *fill*         0x20000291        0x3 
 .data.sram_size
                0x20000294        0x4 objdir/naeusb_ballistic.o
                0x20000294                sram_size
 .data.main_b_vendor_enable
                0x20000298        0x1 objdir/naeusb/naeusb.o
 *fill*         0x20000299        0x3 
 .data.MS_OS_DESC
                0x2000029c       0x9e objdir/naeusb/udc.o
 *fill*         0x2000033a        0x2 
 .data.MS_BOS_PACKET
                0x2000033c       0x21 objdir/naeusb/udc.o
 *fill*         0x2000035d        0x3 
 .data.udc_string_desc_languageid
                0x20000360        0x4 objdir/naeusb/udc.o
 .data.udc_string_manufacturer_name
                0x20000364       0x16 objdir/naeusb/udc.o
 *fill*         0x2000037a        0x2 
 .data.udc_string_product_name
                0x2000037c       0x14 objdir/naeusb/udc.o
 .data.udc_string_desc
                0x20000390       0x42 objdir/naeusb/udc.o
 *fill*         0x200003d2        0x2 
 .data.xram     0x200003d4        0x4 objdir/naeusb/usb_xmem.o
                0x200003d4                xram
 .data.udi_api_vendor
                0x200003d8       0x14 objdir/udi_vendor.o
                0x200003d8                udi_api_vendor
 .data.g_interrupt_enabled
                0x200003ec        0x1 objdir/interrupt_sam_nvic.o
                0x200003ec                g_interrupt_enabled
 *fill*         0x200003ed        0x3 
 .data.udc_device_desc
                0x200003f0       0x12 objdir/udi_vendor_desc.o
                0x200003f0                udc_device_desc
 *fill*         0x20000402        0x2 
 .data.udc_device_qual
                0x20000404        0xa objdir/udi_vendor_desc.o
                0x20000404                udc_device_qual
 *fill*         0x2000040e        0x2 
 .data.udc_desc_fs
                0x20000410       0x20 objdir/udi_vendor_desc.o
                0x20000410                udc_desc_fs
 .data.udc_desc_hs
                0x20000430       0x20 objdir/udi_vendor_desc.o
                0x20000430                udc_desc_hs
 .data.udi_apis
                0x20000450        0x4 objdir/udi_vendor_desc.o
                0x20000450                udi_apis
 .data.udc_config_lsfs
                0x20000454        0x8 objdir/udi_vendor_desc.o
                0x20000454                udc_config_lsfs
 .data.udc_config_hs
                0x2000045c        0x8 objdir/udi_vendor_desc.o
                0x2000045c                udc_config_hs
 .data.udc_config
                0x20000464       0x18 objdir/udi_vendor_desc.o
                0x20000464                udc_config
 .data.SystemCoreClock
                0x2000047c        0x4 objdir/system_sam3u.o
                0x2000047c                SystemCoreClock
 .data._impure_ptr
                0x20000480        0x4 c:/program files (x86)/gnu arm embedded toolchain/10 2021.07/bin/../lib/gcc/arm-none-eabi/10.3.1/../../../../arm-none-eabi/lib/thumb/v7-m/nofp\libg.a(lib_a-impure.o)
                0x20000480                _impure_ptr
 *fill*         0x20000484        0x4 
 .data.impure_data
                0x20000488      0x428 c:/program files (x86)/gnu arm embedded toolchain/10 2021.07/bin/../lib/gcc/arm-none-eabi/10.3.1/../../../../arm-none-eabi/lib/thumb/v7-m/nofp\libg.a(lib_a-impure.o)
 .data.__atexit_recursive_mutex
                0x200008b0        0x4 c:/program files (x86)/gnu arm embedded toolchain/10 2021.07/bin/../lib/gcc/arm-none-eabi/10.3.1/../../../../arm-none-eabi/lib/thumb/v7-m/nofp\libg.a(lib_a-__call_atexit.o)
                0x200008b0                __atexit_recursive_mutex
 .data.__global_locale
                0x200008b4      0x16c c:/program files (x86)/gnu arm embedded toolchain/10 2021.07/bin/../lib/gcc/arm-none-eabi/10.3.1/../../../../arm-none-eabi/lib/thumb/v7-m/nofp\libg.a(lib_a-locale.o)
                0x200008b4                __global_locale
 .data.__malloc_av_
                0x20000a20      0x408 c:/program files (x86)/gnu arm embedded toolchain/10 2021.07/bin/../lib/gcc/arm-none-eabi/10.3.1/../../../../arm-none-eabi/lib/thumb/v7-m/nofp\libg.a(lib_a-mallocr.o)
                0x20000a20                __malloc_av_
 .data.__malloc_sbrk_base
                0x20000e28        0x4 c:/program files (x86)/gnu arm embedded toolchain/10 2021.07/bin/../lib/gcc/arm-none-eabi/10.3.1/../../../../arm-none-eabi/lib/thumb/v7-m/nofp\libg.a(lib_a-mallocr.o)
                0x20000e28                __malloc_sbrk_base
 .data.__malloc_trim_threshold
                0x20000e2c        0x4 c:/program files (x86)/gnu arm embedded toolchain/10 2021.07/bin/../lib/gcc/arm-none-eabi/10.3.1/../../../../arm-none-eabi/lib/thumb/v7-m/nofp\libg.a(lib_a-mallocr.o)
                0x20000e2c                __malloc_trim_threshold
                0x20000e30                . = ALIGN (0x4)
                0x20000e30                _erelocate = .

.bss            0x20000e30     0x29d0 load address 0x0008dc14
                0x20000e30                . = ALIGN (0x4)
                0x20000e30                _sbss = .
                0x20000e30                _szero = .
 *(.bss .bss.*)
 .bss           0x20000e30       0x1c c:/program files (x86)/gnu arm embedded toolchain/10 2021.07/bin/../lib/gcc/arm-none-eabi/10.3.1/thumb/v7-m/nofp/crtbegin.o
 .bss.state     0x20000e4c       0x10 objdir/naeusb_ballistic.o
 .bss.seed      0x20000e5c       0x10 objdir/naeusb_ballistic.o
 .bss.seeded    0x20000e6c        0x4 objdir/naeusb_ballistic.o
 .bss.blockendpoint_usage
                0x20000e70        0x1 objdir/naeusb_ballistic.o
 .bss.done      0x20000e71        0x1 objdir/naeusb_ballistic.o
 *fill*         0x20000e72        0x2 
 .bss.buffer    0x20000e74     0x2328 objdir/naeusb_ballistic.o
 .bss.found_err
                0x2000319c        0x4 objdir/naeusb_ballistic.o
 .bss.ctrlmemread_buf
                0x200031a0        0x4 objdir/naeusb_ballistic.o
 .bss.ctrlmemread_size
                0x200031a4        0x4 objdir/naeusb_ballistic.o
 .bss.bulkread_address
                0x200031a8        0x4 objdir/naeusb_ballistic.o
 .bss.bulkread_len
                0x200031ac        0x4 objdir/naeusb_ballistic.o
 .bss.naeusb_in_request_handlers
                0x200031b0       0x40 objdir/naeusb/naeusb.o
 .bss.naeusb_num_in_handlers
                0x200031f0        0x1 objdir/naeusb/naeusb.o
 *fill*         0x200031f1        0x3 
 .bss.naeusb_out_request_handlers
                0x200031f4       0x40 objdir/naeusb/naeusb.o
 .bss.naeusb_num_out_handlers
                0x20003234        0x1 objdir/naeusb/naeusb.o
 .bss.active    0x20003235        0x1 objdir/naeusb/naeusb.o
 *fill*         0x20003236        0x2 
 .bss.ctrlbuffer
                0x20003238       0x40 objdir/naeusb/naeusb.o
                0x20003238                ctrlbuffer
 .bss.respbuf   0x20003278       0x40 objdir/naeusb/naeusb.o
                0x20003278                respbuf
 .bss.main_buf_loopback
                0x200032b8      0x400 objdir/naeusb/naeusb.o
                0x200032b8                main_buf_loopback
 .bss.udc_device_status
                0x200036b8        0x2 objdir/naeusb/udc.o
 .bss.udc_num_configuration
                0x200036ba        0x1 objdir/naeusb/udc.o
 *fill*         0x200036bb        0x1 
 .bss.udc_ptr_conf
                0x200036bc        0x4 objdir/naeusb/udc.o
 .bss.udc_ptr_iface
                0x200036c0        0x4 objdir/naeusb/udc.o
 .bss.udc_ep_status.1
                0x200036c4        0x2 objdir/naeusb/udc.o
 .bss.udc_iface_setting.0
                0x200036c6        0x1 objdir/naeusb/udc.o
 .bss._fpga_locked
                0x200036c7        0x1 objdir/naeusb/usb_xmem.o
 .bss.ul_reg_val.5
                0x200036c8        0x4 objdir/usart.o
 .bss.gs_interrupt_sources
                0x200036cc       0x70 objdir/pio_handler.o
 .bss.udd_b_idle
                0x2000373c        0x1 objdir/udphs_device.o
 *fill*         0x2000373d        0x3 
 .bss.udd_g_ctrlreq
                0x20003740       0x18 objdir/udphs_device.o
                0x20003740                udd_g_ctrlreq
 .bss.udd_ep_control_state
                0x20003758        0x1 objdir/udphs_device.o
 *fill*         0x20003759        0x1 
 .bss.udd_ctrl_prev_payload_buf_cnt
                0x2000375a        0x2 objdir/udphs_device.o
 .bss.udd_ctrl_payload_buf_cnt
                0x2000375c        0x2 objdir/udphs_device.o
 *fill*         0x2000375e        0x2 
 .bss.udd_ep_job
                0x20003760       0x30 objdir/udphs_device.o
 .bss.b_shortpacket.0
                0x20003790        0x1 objdir/udphs_device.o
 *fill*         0x20003791        0x3 
 .bss.stdio_base
                0x20003794        0x4 objdir/write.o
                0x20003794                stdio_base
 .bss.ptr_put   0x20003798        0x4 objdir/write.o
                0x20003798                ptr_put
 .bss.udi_vendor_alternate_setting
                0x2000379c        0x1 objdir/udi_vendor.o
 .bss.b_is_sleep_clock_used
                0x2000379d        0x1 objdir/sleep.o
 *fill*         0x2000379e        0x2 
 .bss.heap.0    0x200037a0        0x4 objdir/syscalls.o
 .bss.cpu_irq_critical_section_counter
                0x200037a4        0x4 objdir/interrupt_sam_nvic.o
 .bss.cpu_irq_prev_interrupt_state
                0x200037a8        0x1 objdir/interrupt_sam_nvic.o
 *fill*         0x200037a9        0x3 
 .bss.ptr_get   0x200037ac        0x4 objdir/read.o
                0x200037ac                ptr_get
 .bss.sleepmgr_locks
                0x200037b0        0x6 objdir/sleepmgr.o
                0x200037b0                sleepmgr_locks
 *fill*         0x200037b6        0x2 
 .bss.__lock___atexit_recursive_mutex
                0x200037b8        0x1 c:/program files (x86)/gnu arm embedded toolchain/10 2021.07/bin/../lib/gcc/arm-none-eabi/10.3.1/../../../../arm-none-eabi/lib/thumb/v7-m/nofp\libg.a(lib_a-lock.o)
                0x200037b8                __lock___atexit_recursive_mutex
 *fill*         0x200037b9        0x3 
 .bss.__lock___malloc_recursive_mutex
                0x200037bc        0x1 c:/program files (x86)/gnu arm embedded toolchain/10 2021.07/bin/../lib/gcc/arm-none-eabi/10.3.1/../../../../arm-none-eabi/lib/thumb/v7-m/nofp\libg.a(lib_a-lock.o)
                0x200037bc                __lock___malloc_recursive_mutex
 *fill*         0x200037bd        0x3 
 .bss.__lock___sfp_recursive_mutex
                0x200037c0        0x1 c:/program files (x86)/gnu arm embedded toolchain/10 2021.07/bin/../lib/gcc/arm-none-eabi/10.3.1/../../../../arm-none-eabi/lib/thumb/v7-m/nofp\libg.a(lib_a-lock.o)
                0x200037c0                __lock___sfp_recursive_mutex
 *fill*         0x200037c1        0x3 
 .bss.__lock___sinit_recursive_mutex
                0x200037c4        0x1 c:/program files (x86)/gnu arm embedded toolchain/10 2021.07/bin/../lib/gcc/arm-none-eabi/10.3.1/../../../../arm-none-eabi/lib/thumb/v7-m/nofp\libg.a(lib_a-lock.o)
                0x200037c4                __lock___sinit_recursive_mutex
 *fill*         0x200037c5        0x3 
 .bss.__malloc_current_mallinfo
                0x200037c8       0x28 c:/program files (x86)/gnu arm embedded toolchain/10 2021.07/bin/../lib/gcc/arm-none-eabi/10.3.1/../../../../arm-none-eabi/lib/thumb/v7-m/nofp\libg.a(lib_a-mallocr.o)
                0x200037c8                __malloc_current_mallinfo
 .bss.__malloc_max_sbrked_mem
                0x200037f0        0x4 c:/program files (x86)/gnu arm embedded toolchain/10 2021.07/bin/../lib/gcc/arm-none-eabi/10.3.1/../../../../arm-none-eabi/lib/thumb/v7-m/nofp\libg.a(lib_a-mallocr.o)
                0x200037f0                __malloc_max_sbrked_mem
 .bss.__malloc_max_total_mem
                0x200037f4        0x4 c:/program files (x86)/gnu arm embedded toolchain/10 2021.07/bin/../lib/gcc/arm-none-eabi/10.3.1/../../../../arm-none-eabi/lib/thumb/v7-m/nofp\libg.a(lib_a-mallocr.o)
                0x200037f4                __malloc_max_total_mem
 .bss.__malloc_top_pad
                0x200037f8        0x4 c:/program files (x86)/gnu arm embedded toolchain/10 2021.07/bin/../lib/gcc/arm-none-eabi/10.3.1/../../../../arm-none-eabi/lib/thumb/v7-m/nofp\libg.a(lib_a-mallocr.o)
                0x200037f8                __malloc_top_pad
 .bss.errno     0x200037fc        0x4 c:/program files (x86)/gnu arm embedded toolchain/10 2021.07/bin/../lib/gcc/arm-none-eabi/10.3.1/../../../../arm-none-eabi/lib/thumb/v7-m/nofp\libg.a(lib_a-reent.o)
                0x200037fc                errno
 *(COMMON)
                0x20003800                . = ALIGN (0x4)
                0x20003800                _ebss = .
                0x20003800                _ezero = .

.stack          0x20080000     0x4000
                0x20080000                . = ALIGN (0x8)
                0x20080000                _sstack = .
                0x20084000                . = (. + __stack_size__)
 *fill*         0x20080000     0x4000 
                0x20084000                . = ALIGN (0x8)
                0x20084000                _estack = .
                0x20084000                . = ALIGN (0x4)
                0x20084000                _end = .
OUTPUT(cw521-SAM3U4E.elf elf32-littlearm)
LOAD linker stubs

.ARM.attributes
                0x00000000       0x29
 .ARM.attributes
                0x00000000       0x1d c:/program files (x86)/gnu arm embedded toolchain/10 2021.07/bin/../lib/gcc/arm-none-eabi/10.3.1/thumb/v7-m/nofp/crti.o
 .ARM.attributes
                0x0000001d       0x2d c:/program files (x86)/gnu arm embedded toolchain/10 2021.07/bin/../lib/gcc/arm-none-eabi/10.3.1/thumb/v7-m/nofp/crtbegin.o
 .ARM.attributes
                0x0000004a       0x2d objdir/main_cw521.o
 .ARM.attributes
                0x00000077       0x2d objdir/naeusb_ballistic.o
 .ARM.attributes
                0x000000a4       0x2d objdir/naeusb/naeusb.o
 .ARM.attributes
                0x000000d1       0x2d objdir/naeusb/naeusb_default.o
 .ARM.attributes
                0x000000fe       0x2d objdir/naeusb/udc.o
 .ARM.attributes
                0x0000012b       0x2d objdir/naeusb/usb_xmem.o
 .ARM.attributes
                0x00000158       0x2d objdir/flash_efc.o
 .ARM.attributes
                0x00000185       0x2d objdir/usart.o
 .ARM.attributes
                0x000001b2       0x2d objdir/smc.o
 .ARM.attributes
                0x000001df       0x2d objdir/pio_handler.o
 .ARM.attributes
                0x0000020c       0x2d objdir/udphs_device.o
 .ARM.attributes
                0x00000239       0x2d objdir/write.o
 .ARM.attributes
                0x00000266       0x2d objdir/led.o
 .ARM.attributes
                0x00000293       0x2d objdir/startup_sam3u.o
 .ARM.attributes
                0x000002c0       0x2d objdir/sysclk.o
 .ARM.attributes
                0x000002ed       0x2d objdir/pmc.o
 .ARM.attributes
                0x0000031a       0x2d objdir/udi_vendor.o
 .ARM.attributes
                0x00000347       0x2d objdir/efc.o
 .ARM.attributes
                0x00000374       0x2d objdir/pio.o
 .ARM.attributes
                0x000003a1       0x2d objdir/exceptions.o
 .ARM.attributes
                0x000003ce       0x2d objdir/sleep.o
 .ARM.attributes
                0x000003fb       0x2d objdir/syscalls.o
 .ARM.attributes
                0x00000428       0x2d objdir/uart.o
 .ARM.attributes
                0x00000455       0x2d objdir/init.o
 .ARM.attributes
                0x00000482       0x2d objdir/interrupt_sam_nvic.o
 .ARM.attributes
                0x000004af       0x2d objdir/read.o
 .ARM.attributes
                0x000004dc       0x33 objdir/udi_vendor_desc.o
 .ARM.attributes
                0x0000050f       0x2d objdir/system_sam3u.o
 .ARM.attributes
                0x0000053c       0x33 objdir/sleepmgr.o
 .ARM.attributes
                0x0000056f       0x2d objdir/ui_cw305.o
 .ARM.attributes
                0x0000059c       0x2d c:/program files (x86)/gnu arm embedded toolchain/10 2021.07/bin/../lib/gcc/arm-none-eabi/10.3.1/../../../../arm-none-eabi/lib/thumb/v7-m/nofp\libg.a(lib_a-impure.o)
 .ARM.attributes
                0x000005c9       0x2d c:/program files (x86)/gnu arm embedded toolchain/10 2021.07/bin/../lib/gcc/arm-none-eabi/10.3.1/../../../../arm-none-eabi/lib/thumb/v7-m/nofp\libg.a(lib_a-init.o)
 .ARM.attributes
                0x000005f6       0x2d c:/program files (x86)/gnu arm embedded toolchain/10 2021.07/bin/../lib/gcc/arm-none-eabi/10.3.1/../../../../arm-none-eabi/lib/thumb/v7-m/nofp\libg.a(lib_a-iprintf.o)
 .ARM.attributes
                0x00000623       0x1b c:/program files (x86)/gnu arm embedded toolchain/10 2021.07/bin/../lib/gcc/arm-none-eabi/10.3.1/../../../../arm-none-eabi/lib/thumb/v7-m/nofp\libg.a(lib_a-memcpy.o)
 .ARM.attributes
                0x0000063e       0x2d c:/program files (x86)/gnu arm embedded toolchain/10 2021.07/bin/../lib/gcc/arm-none-eabi/10.3.1/../../../../arm-none-eabi/lib/thumb/v7-m/nofp\libg.a(lib_a-memset.o)
 .ARM.attributes
                0x0000066b       0x2d c:/program files (x86)/gnu arm embedded toolchain/10 2021.07/bin/../lib/gcc/arm-none-eabi/10.3.1/../../../../arm-none-eabi/lib/thumb/v7-m/nofp\libg.a(lib_a-setbuf.o)
 .ARM.attributes
                0x00000698       0x2d c:/program files (x86)/gnu arm embedded toolchain/10 2021.07/bin/../lib/gcc/arm-none-eabi/10.3.1/../../../../arm-none-eabi/lib/thumb/v7-m/nofp\libg.a(lib_a-setvbuf.o)
 .ARM.attributes
                0x000006c5       0x2d c:/program files (x86)/gnu arm embedded toolchain/10 2021.07/bin/../lib/gcc/arm-none-eabi/10.3.1/../../../../arm-none-eabi/lib/thumb/v7-m/nofp\libg.a(lib_a-sprintf.o)
 .ARM.attributes
                0x000006f2       0x2d c:/program files (x86)/gnu arm embedded toolchain/10 2021.07/bin/../lib/gcc/arm-none-eabi/10.3.1/../../../../arm-none-eabi/lib/thumb/v7-m/nofp\libg.a(lib_a-strlen-stub.o)
 .ARM.attributes
                0x0000071f       0x2d c:/program files (x86)/gnu arm embedded toolchain/10 2021.07/bin/../lib/gcc/arm-none-eabi/10.3.1/../../../../arm-none-eabi/lib/thumb/v7-m/nofp\libg.a(lib_a-strncpy.o)
 .ARM.attributes
                0x0000074c       0x2d c:/program files (x86)/gnu arm embedded toolchain/10 2021.07/bin/../lib/gcc/arm-none-eabi/10.3.1/../../../../arm-none-eabi/lib/thumb/v7-m/nofp\libg.a(lib_a-svfprintf.o)
 .ARM.attributes
                0x00000779       0x2d c:/program files (x86)/gnu arm embedded toolchain/10 2021.07/bin/../lib/gcc/arm-none-eabi/10.3.1/../../../../arm-none-eabi/lib/thumb/v7-m/nofp\libg.a(lib_a-vfiprintf.o)
 .ARM.attributes
                0x000007a6       0x2d c:/program files (x86)/gnu arm embedded toolchain/10 2021.07/bin/../lib/gcc/arm-none-eabi/10.3.1/../../../../arm-none-eabi/lib/thumb/v7-m/nofp\libg.a(lib_a-wsetup.o)
 .ARM.attributes
                0x000007d3       0x2d c:/program files (x86)/gnu arm embedded toolchain/10 2021.07/bin/../lib/gcc/arm-none-eabi/10.3.1/../../../../arm-none-eabi/lib/thumb/v7-m/nofp\libg.a(lib_a-__call_atexit.o)
 .ARM.attributes
                0x00000800       0x2d c:/program files (x86)/gnu arm embedded toolchain/10 2021.07/bin/../lib/gcc/arm-none-eabi/10.3.1/../../../../arm-none-eabi/lib/thumb/v7-m/nofp\libg.a(lib_a-atexit.o)
 .ARM.attributes
                0x0000082d       0x2d c:/program files (x86)/gnu arm embedded toolchain/10 2021.07/bin/../lib/gcc/arm-none-eabi/10.3.1/../../../../arm-none-eabi/lib/thumb/v7-m/nofp\libg.a(lib_a-dtoa.o)
 .ARM.attributes
                0x0000085a       0x2d c:/program files (x86)/gnu arm embedded toolchain/10 2021.07/bin/../lib/gcc/arm-none-eabi/10.3.1/../../../../arm-none-eabi/lib/thumb/v7-m/nofp\libg.a(lib_a-fflush.o)
 .ARM.attributes
                0x00000887       0x2d c:/program files (x86)/gnu arm embedded toolchain/10 2021.07/bin/../lib/gcc/arm-none-eabi/10.3.1/../../../../arm-none-eabi/lib/thumb/v7-m/nofp\libg.a(lib_a-findfp.o)
 .ARM.attributes
                0x000008b4       0x2d c:/program files (x86)/gnu arm embedded toolchain/10 2021.07/bin/../lib/gcc/arm-none-eabi/10.3.1/../../../../arm-none-eabi/lib/thumb/v7-m/nofp\libg.a(lib_a-fini.o)
 .ARM.attributes
                0x000008e1       0x2d c:/program files (x86)/gnu arm embedded toolchain/10 2021.07/bin/../lib/gcc/arm-none-eabi/10.3.1/../../../../arm-none-eabi/lib/thumb/v7-m/nofp\libg.a(lib_a-fputwc.o)
 .ARM.attributes
                0x0000090e       0x2d c:/program files (x86)/gnu arm embedded toolchain/10 2021.07/bin/../lib/gcc/arm-none-eabi/10.3.1/../../../../arm-none-eabi/lib/thumb/v7-m/nofp\libg.a(lib_a-freer.o)
 .ARM.attributes
                0x0000093b       0x2d c:/program files (x86)/gnu arm embedded toolchain/10 2021.07/bin/../lib/gcc/arm-none-eabi/10.3.1/../../../../arm-none-eabi/lib/thumb/v7-m/nofp\libg.a(lib_a-fvwrite.o)
 .ARM.attributes
                0x00000968       0x2d c:/program files (x86)/gnu arm embedded toolchain/10 2021.07/bin/../lib/gcc/arm-none-eabi/10.3.1/../../../../arm-none-eabi/lib/thumb/v7-m/nofp\libg.a(lib_a-fwalk.o)
 .ARM.attributes
                0x00000995       0x2d c:/program files (x86)/gnu arm embedded toolchain/10 2021.07/bin/../lib/gcc/arm-none-eabi/10.3.1/../../../../arm-none-eabi/lib/thumb/v7-m/nofp\libg.a(lib_a-locale.o)
 .ARM.attributes
                0x000009c2       0x2d c:/program files (x86)/gnu arm embedded toolchain/10 2021.07/bin/../lib/gcc/arm-none-eabi/10.3.1/../../../../arm-none-eabi/lib/thumb/v7-m/nofp\libg.a(lib_a-localeconv.o)
 .ARM.attributes
                0x000009ef       0x2d c:/program files (x86)/gnu arm embedded toolchain/10 2021.07/bin/../lib/gcc/arm-none-eabi/10.3.1/../../../../arm-none-eabi/lib/thumb/v7-m/nofp\libg.a(lib_a-lock.o)
 .ARM.attributes
                0x00000a1c       0x2d c:/program files (x86)/gnu arm embedded toolchain/10 2021.07/bin/../lib/gcc/arm-none-eabi/10.3.1/../../../../arm-none-eabi/lib/thumb/v7-m/nofp\libg.a(lib_a-makebuf.o)
 .ARM.attributes
                0x00000a49       0x2d c:/program files (x86)/gnu arm embedded toolchain/10 2021.07/bin/../lib/gcc/arm-none-eabi/10.3.1/../../../../arm-none-eabi/lib/thumb/v7-m/nofp\libg.a(lib_a-malloc.o)
 .ARM.attributes
                0x00000a76       0x2d c:/program files (x86)/gnu arm embedded toolchain/10 2021.07/bin/../lib/gcc/arm-none-eabi/10.3.1/../../../../arm-none-eabi/lib/thumb/v7-m/nofp\libg.a(lib_a-mallocr.o)
 .ARM.attributes
                0x00000aa3       0x2d c:/program files (x86)/gnu arm embedded toolchain/10 2021.07/bin/../lib/gcc/arm-none-eabi/10.3.1/../../../../arm-none-eabi/lib/thumb/v7-m/nofp\libg.a(lib_a-mbtowc_r.o)
 .ARM.attributes
                0x00000ad0       0x2d c:/program files (x86)/gnu arm embedded toolchain/10 2021.07/bin/../lib/gcc/arm-none-eabi/10.3.1/../../../../arm-none-eabi/lib/thumb/v7-m/nofp\libg.a(lib_a-memchr-stub.o)
 .ARM.attributes
                0x00000afd       0x2d c:/program files (x86)/gnu arm embedded toolchain/10 2021.07/bin/../lib/gcc/arm-none-eabi/10.3.1/../../../../arm-none-eabi/lib/thumb/v7-m/nofp\libg.a(lib_a-memmove.o)
 .ARM.attributes
                0x00000b2a       0x2d c:/program files (x86)/gnu arm embedded toolchain/10 2021.07/bin/../lib/gcc/arm-none-eabi/10.3.1/../../../../arm-none-eabi/lib/thumb/v7-m/nofp\libg.a(lib_a-mlock.o)
 .ARM.attributes
                0x00000b57       0x2d c:/program files (x86)/gnu arm embedded toolchain/10 2021.07/bin/../lib/gcc/arm-none-eabi/10.3.1/../../../../arm-none-eabi/lib/thumb/v7-m/nofp\libg.a(lib_a-mprec.o)
 .ARM.attributes
                0x00000b84       0x2d c:/program files (x86)/gnu arm embedded toolchain/10 2021.07/bin/../lib/gcc/arm-none-eabi/10.3.1/../../../../arm-none-eabi/lib/thumb/v7-m/nofp\libg.a(lib_a-reallocr.o)
 .ARM.attributes
                0x00000bb1       0x2d c:/program files (x86)/gnu arm embedded toolchain/10 2021.07/bin/../lib/gcc/arm-none-eabi/10.3.1/../../../../arm-none-eabi/lib/thumb/v7-m/nofp\libg.a(lib_a-s_frexp.o)
 .ARM.attributes
                0x00000bde       0x2d c:/program files (x86)/gnu arm embedded toolchain/10 2021.07/bin/../lib/gcc/arm-none-eabi/10.3.1/../../../../arm-none-eabi/lib/thumb/v7-m/nofp\libg.a(lib_a-sbrkr.o)
 .ARM.attributes
                0x00000c0b       0x2d c:/program files (x86)/gnu arm embedded toolchain/10 2021.07/bin/../lib/gcc/arm-none-eabi/10.3.1/../../../../arm-none-eabi/lib/thumb/v7-m/nofp\libg.a(lib_a-stdio.o)
 .ARM.attributes
                0x00000c38       0x2d c:/program files (x86)/gnu arm embedded toolchain/10 2021.07/bin/../lib/gcc/arm-none-eabi/10.3.1/../../../../arm-none-eabi/lib/thumb/v7-m/nofp\libg.a(lib_a-svfiprintf.o)
 .ARM.attributes
                0x00000c65       0x2d c:/program files (x86)/gnu arm embedded toolchain/10 2021.07/bin/../lib/gcc/arm-none-eabi/10.3.1/../../../../arm-none-eabi/lib/thumb/v7-m/nofp\libg.a(lib_a-wbuf.o)
 .ARM.attributes
                0x00000c92       0x2d c:/program files (x86)/gnu arm embedded toolchain/10 2021.07/bin/../lib/gcc/arm-none-eabi/10.3.1/../../../../arm-none-eabi/lib/thumb/v7-m/nofp\libg.a(lib_a-wcrtomb.o)
 .ARM.attributes
                0x00000cbf       0x2d c:/program files (x86)/gnu arm embedded toolchain/10 2021.07/bin/../lib/gcc/arm-none-eabi/10.3.1/../../../../arm-none-eabi/lib/thumb/v7-m/nofp\libg.a(lib_a-wctomb_r.o)
 .ARM.attributes
                0x00000cec       0x2d c:/program files (x86)/gnu arm embedded toolchain/10 2021.07/bin/../lib/gcc/arm-none-eabi/10.3.1/../../../../arm-none-eabi/lib/thumb/v7-m/nofp\libg.a(lib_a-writer.o)
 .ARM.attributes
                0x00000d19       0x2d c:/program files (x86)/gnu arm embedded toolchain/10 2021.07/bin/../lib/gcc/arm-none-eabi/10.3.1/../../../../arm-none-eabi/lib/thumb/v7-m/nofp\libg.a(lib_a-__atexit.o)
 .ARM.attributes
                0x00000d46       0x2d c:/program files (x86)/gnu arm embedded toolchain/10 2021.07/bin/../lib/gcc/arm-none-eabi/10.3.1/../../../../arm-none-eabi/lib/thumb/v7-m/nofp\libg.a(lib_a-assert.o)
 .ARM.attributes
                0x00000d73       0x2d c:/program files (x86)/gnu arm embedded toolchain/10 2021.07/bin/../lib/gcc/arm-none-eabi/10.3.1/../../../../arm-none-eabi/lib/thumb/v7-m/nofp\libg.a(lib_a-callocr.o)
 .ARM.attributes