Archive member included to satisfy reference by file (symbol)

c:/program files (x86)/atmel/studio/7.0/toolchain/arm/arm-gnu-toolchain/bin/../lib/gcc/arm-none-eabi/6.3.1/../../../../arm-none-eabi/lib/thumb/v7-m\libg.a(lib_a-exit.o)
                              c:/program files (x86)/atmel/studio/7.0/toolchain/arm/arm-gnu-toolchain/bin/../lib/gcc/arm-none-eabi/6.3.1/../../../../arm-none-eabi/lib/thumb/v7-m/crt0.o (exit)
c:/program files (x86)/atmel/studio/7.0/toolchain/arm/arm-gnu-toolchain/bin/../lib/gcc/arm-none-eabi/6.3.1/../../../../arm-none-eabi/lib/thumb/v7-m\libg.a(lib_a-impure.o)
                              c:/program files (x86)/atmel/studio/7.0/toolchain/arm/arm-gnu-toolchain/bin/../lib/gcc/arm-none-eabi/6.3.1/../../../../arm-none-eabi/lib/thumb/v7-m\libg.a(lib_a-exit.o) (_global_impure_ptr)
c:/program files (x86)/atmel/studio/7.0/toolchain/arm/arm-gnu-toolchain/bin/../lib/gcc/arm-none-eabi/6.3.1/../../../../arm-none-eabi/lib/thumb/v7-m\libg.a(lib_a-init.o)
                              c:/program files (x86)/atmel/studio/7.0/toolchain/arm/arm-gnu-toolchain/bin/../lib/gcc/arm-none-eabi/6.3.1/../../../../arm-none-eabi/lib/thumb/v7-m/crt0.o (__libc_init_array)
c:/program files (x86)/atmel/studio/7.0/toolchain/arm/arm-gnu-toolchain/bin/../lib/gcc/arm-none-eabi/6.3.1/../../../../arm-none-eabi/lib/thumb/v7-m\libg.a(lib_a-iprintf.o)
                              objdir/main_cw521.o (iprintf)
c:/program files (x86)/atmel/studio/7.0/toolchain/arm/arm-gnu-toolchain/bin/../lib/gcc/arm-none-eabi/6.3.1/../../../../arm-none-eabi/lib/thumb/v7-m\libg.a(lib_a-memcpy.o)
                              objdir/flash_efc.o (memcpy)
c:/program files (x86)/atmel/studio/7.0/toolchain/arm/arm-gnu-toolchain/bin/../lib/gcc/arm-none-eabi/6.3.1/../../../../arm-none-eabi/lib/thumb/v7-m\libg.a(lib_a-memset.o)
                              c:/program files (x86)/atmel/studio/7.0/toolchain/arm/arm-gnu-toolchain/bin/../lib/gcc/arm-none-eabi/6.3.1/../../../../arm-none-eabi/lib/thumb/v7-m/crt0.o (memset)
c:/program files (x86)/atmel/studio/7.0/toolchain/arm/arm-gnu-toolchain/bin/../lib/gcc/arm-none-eabi/6.3.1/../../../../arm-none-eabi/lib/thumb/v7-m\libg.a(lib_a-setbuf.o)
                              objdir/main_cw521.o (setbuf)
c:/program files (x86)/atmel/studio/7.0/toolchain/arm/arm-gnu-toolchain/bin/../lib/gcc/arm-none-eabi/6.3.1/../../../../arm-none-eabi/lib/thumb/v7-m\libg.a(lib_a-setvbuf.o)
                              c:/program files (x86)/atmel/studio/7.0/toolchain/arm/arm-gnu-toolchain/bin/../lib/gcc/arm-none-eabi/6.3.1/../../../../arm-none-eabi/lib/thumb/v7-m\libg.a(lib_a-setbuf.o) (setvbuf)
c:/program files (x86)/atmel/studio/7.0/toolchain/arm/arm-gnu-toolchain/bin/../lib/gcc/arm-none-eabi/6.3.1/../../../../arm-none-eabi/lib/thumb/v7-m\libg.a(lib_a-sprintf.o)
                              objdir/main_cw521.o (sprintf)
c:/program files (x86)/atmel/studio/7.0/toolchain/arm/arm-gnu-toolchain/bin/../lib/gcc/arm-none-eabi/6.3.1/../../../../arm-none-eabi/lib/thumb/v7-m\libg.a(lib_a-svfprintf.o)
                              c:/program files (x86)/atmel/studio/7.0/toolchain/arm/arm-gnu-toolchain/bin/../lib/gcc/arm-none-eabi/6.3.1/../../../../arm-none-eabi/lib/thumb/v7-m\libg.a(lib_a-sprintf.o) (_svfprintf_r)
c:/program files (x86)/atmel/studio/7.0/toolchain/arm/arm-gnu-toolchain/bin/../lib/gcc/arm-none-eabi/6.3.1/../../../../arm-none-eabi/lib/thumb/v7-m\libg.a(lib_a-vfiprintf.o)
                              c:/program files (x86)/atmel/studio/7.0/toolchain/arm/arm-gnu-toolchain/bin/../lib/gcc/arm-none-eabi/6.3.1/../../../../arm-none-eabi/lib/thumb/v7-m\libg.a(lib_a-iprintf.o) (_vfiprintf_r)
c:/program files (x86)/atmel/studio/7.0/toolchain/arm/arm-gnu-toolchain/bin/../lib/gcc/arm-none-eabi/6.3.1/../../../../arm-none-eabi/lib/thumb/v7-m\libg.a(lib_a-wsetup.o)
                              c:/program files (x86)/atmel/studio/7.0/toolchain/arm/arm-gnu-toolchain/bin/../lib/gcc/arm-none-eabi/6.3.1/../../../../arm-none-eabi/lib/thumb/v7-m\libg.a(lib_a-vfiprintf.o) (__swsetup_r)
c:/program files (x86)/atmel/studio/7.0/toolchain/arm/arm-gnu-toolchain/bin/../lib/gcc/arm-none-eabi/6.3.1/../../../../arm-none-eabi/lib/thumb/v7-m\libg.a(lib_a-__call_atexit.o)
                              c:/program files (x86)/atmel/studio/7.0/toolchain/arm/arm-gnu-toolchain/bin/../lib/gcc/arm-none-eabi/6.3.1/../../../../arm-none-eabi/lib/thumb/v7-m\libg.a(lib_a-exit.o) (__call_exitprocs)
c:/program files (x86)/atmel/studio/7.0/toolchain/arm/arm-gnu-toolchain/bin/../lib/gcc/arm-none-eabi/6.3.1/../../../../arm-none-eabi/lib/thumb/v7-m\libg.a(lib_a-atexit.o)
                              c:/program files (x86)/atmel/studio/7.0/toolchain/arm/arm-gnu-toolchain/bin/../lib/gcc/arm-none-eabi/6.3.1/../../../../arm-none-eabi/lib/thumb/v7-m\libg.a(lib_a-__call_atexit.o) (atexit)
c:/program files (x86)/atmel/studio/7.0/toolchain/arm/arm-gnu-toolchain/bin/../lib/gcc/arm-none-eabi/6.3.1/../../../../arm-none-eabi/lib/thumb/v7-m\libg.a(lib_a-dtoa.o)
[...]
Memory Configuration

Name             Origin             Length             Attributes
flash0           0x00080000         0x00020000         w !xr
flash1           0x00100000         0x00020000         w !xr
sram0            0x20000000         0x00008000         w !xr
sram1            0x20080000         0x00004000         w !xr
rom              0x000e0000         0x00040000         xr
ram              0x20078000         0x0000c000         xrw
*default*        0x00000000         0xffffffff

Linker script and memory map

LOAD c:/program files (x86)/atmel/studio/7.0/toolchain/arm/arm-gnu-toolchain/bin/../lib/gcc/arm-none-eabi/6.3.1/thumb/v7-m/crti.o
LOAD c:/program files (x86)/atmel/studio/7.0/toolchain/arm/arm-gnu-toolchain/bin/../lib/gcc/arm-none-eabi/6.3.1/thumb/v7-m/crtbegin.o
LOAD c:/program files (x86)/atmel/studio/7.0/toolchain/arm/arm-gnu-toolchain/bin/../lib/gcc/arm-none-eabi/6.3.1/../../../../arm-none-eabi/lib/thumb/v7-m/crt0.o
LOAD objdir/main_cw521.o
LOAD objdir/usb.o
LOAD objdir/flash_efc.o
LOAD objdir/cycle_counter.o
LOAD objdir/usart.o
LOAD objdir/usb_xmem.o
LOAD objdir/smc.o
LOAD objdir/pio_handler.o
LOAD objdir/tasks.o
LOAD objdir/udphs_device.o
LOAD objdir/write.o
LOAD objdir/led.o
LOAD objdir/startup_sam3u.o
LOAD objdir/spi.o
LOAD objdir/sysclk.o
LOAD objdir/pmc.o
LOAD objdir/udi_vendor.o
LOAD objdir/efc.o
LOAD objdir/pio.o
LOAD objdir/exceptions.o
LOAD objdir/udc.o
LOAD objdir/chipid.o
LOAD objdir/twi.o
LOAD objdir/sleep.o
LOAD objdir/syscalls.o
LOAD objdir/uart.o
LOAD objdir/init.o
LOAD objdir/circbuffer.o
LOAD objdir/interrupt_sam_nvic.o
LOAD objdir/read.o
LOAD objdir/udi_vendor_desc.o
LOAD objdir/system_sam3u.o
LOAD objdir/tc.o
LOAD objdir/sleepmgr.o
LOAD objdir/ui_cw305.o
LOAD objdir/usart_serial.o
START GROUP
LOAD c:/program files (x86)/atmel/studio/7.0/toolchain/arm/arm-gnu-toolchain/bin/../lib/gcc/arm-none-eabi/6.3.1/../../../../arm-none-eabi/lib/thumb/v7-m\libm.a
END GROUP
LOAD c:/program files (x86)/atmel/studio/7.0/toolchain/arm/arm-gnu-toolchain/bin/../lib/gcc/arm-none-eabi/6.3.1/../../../../arm-none-eabi/lib/thumb/v7-m\libm.a
START GROUP
LOAD c:/program files (x86)/atmel/studio/7.0/toolchain/arm/arm-gnu-toolchain/bin/../lib/gcc/arm-none-eabi/6.3.1/thumb/v7-m\libgcc.a
LOAD c:/program files (x86)/atmel/studio/7.0/toolchain/arm/arm-gnu-toolchain/bin/../lib/gcc/arm-none-eabi/6.3.1/../../../../arm-none-eabi/lib/thumb/v7-m\libg.a
LOAD c:/program files (x86)/atmel/studio/7.0/toolchain/arm/arm-gnu-toolchain/bin/../lib/gcc/arm-none-eabi/6.3.1/../../../../arm-none-eabi/lib/thumb/v7-m\libc.a
END GROUP
LOAD c:/program files (x86)/atmel/studio/7.0/toolchain/arm/arm-gnu-toolchain/bin/../lib/gcc/arm-none-eabi/6.3.1/thumb/v7-m/crtend.o
LOAD c:/program files (x86)/atmel/studio/7.0/toolchain/arm/arm-gnu-toolchain/bin/../lib/gcc/arm-none-eabi/6.3.1/thumb/v7-m/crtn.o
                0x00004000                __stack_size__ = DEFINED (__stack_size__)?__stack_size__:0x4000
                0x20083ffc                __ram_end__ = ((ORIGIN (ram) + LENGTH (ram)) - 0x4)

.text           0x00080000     0xa044
                0x00080000                . = ALIGN (0x4)
                0x00080000                _sfixed = .
 *(.vectors .vectors.*)
 .vectors       0x00080000       0xbc objdir/startup_sam3u.o
                0x00080000                exception_table
 *(.text .text.* .gnu.linkonce.t.*)
 .text          0x000800bc       0x6c c:/program files (x86)/atmel/studio/7.0/toolchain/arm/arm-gnu-toolchain/bin/../lib/gcc/arm-none-eabi/6.3.1/thumb/v7-m/crtbegin.o
 .text.usart_serial_getchar
                0x00080128       0xa4 objdir/main_cw521.o
 .text.usart_serial_putchar
                0x000801cc       0x9c objdir/main_cw521.o
 .text.startup.main
                0x00080268      0x2d8 objdir/main_cw521.o
                0x00080268                main
 .text.do_task  0x00080540        0x4 objdir/main_cw521.o
                0x00080540                do_task
 .text.ctrl_testmem
                0x00080544      0x140 objdir/usb.o
                0x00080544                ctrl_testmem
 .text.ctrl_readmem_bulk
                0x00080684       0x64 objdir/usb.o
                0x00080684                ctrl_readmem_bulk
 .text.ctrl_readmem_ctrl
                0x000806e8       0x38 objdir/usb.o
                0x000806e8                ctrl_readmem_ctrl
 .text.ctrl_writemem_ctrl
                0x00080720       0x48 objdir/usb.o
                0x00080720                ctrl_writemem_ctrl
 .text.ctrl_writemem_bulk
                0x00080768       0x2c objdir/usb.o
                0x00080768                ctrl_writemem_bulk
 .text.main_vendor_bulk_in_received
                0x00080794       0x24 objdir/usb.o
                0x00080794                main_vendor_bulk_in_received
 .text.main_vendor_bulk_out_received
                0x000807b8       0x68 objdir/usb.o
                0x000807b8                main_vendor_bulk_out_received
 .text.ctrl_sam3ucfg_cb
                0x00080820       0x44 objdir/usb.o
 .text.main_suspend_action
                0x00080864        0x8 objdir/usb.o
                0x00080864                main_suspend_action
 .text.main_resume_action
                0x0008086c        0x8 objdir/usb.o
                0x0008086c                main_resume_action
 .text.main_sof_action
                0x00080874       0x24 objdir/usb.o
                0x00080874                main_sof_action
 .text.main_vendor_enable
                0x00080898       0x34 objdir/usb.o
                0x00080898                main_vendor_enable
 .text.main_vendor_disable
                0x000808cc        0xc objdir/usb.o
                0x000808cc                main_vendor_disable
 .text.ctrl_writemem_rng
                0x000808d8       0xa8 objdir/usb.o
                0x000808d8                ctrl_writemem_rng
 .text.main_setup_out_received
                0x00080980       0x9c objdir/usb.o
                0x00080980                main_setup_out_received
 .text.main_setup_in_received
                0x00080a1c       0x6c objdir/usb.o
                0x00080a1c                main_setup_in_received
 .text.flash_read_unique_id
                0x00080a88       0x4c objdir/flash_efc.o
                0x00080a88                flash_read_unique_id
 .text.usart_write
                0x00080ad4       0x14 objdir/usart.o
                0x00080ad4                usart_write
 .text.usart_read
                0x00080ae8       0x18 objdir/usart.o
                0x00080ae8                usart_read
 .text.FPGA_setlock
                0x00080b00        0xc objdir/usb_xmem.o
                0x00080b00                FPGA_setlock
 .text.FPGA_lockstatus
                0x00080b0c        0xc objdir/usb_xmem.o
                0x00080b0c                FPGA_lockstatus
 .text.smc_set_setup_timing
                0x00080b18        0xc objdir/smc.o
                0x00080b18                smc_set_setup_timing
 .text.smc_set_pulse_timing
                0x00080b24        0xc objdir/smc.o
                0x00080b24                smc_set_pulse_timing
 .text.smc_set_cycle_timing
                0x00080b30        0xc objdir/smc.o
                0x00080b30                smc_set_cycle_timing
 .text.smc_set_mode
                0x00080b3c       0x10 objdir/smc.o
                0x00080b3c                smc_set_mode
 .text.PIOA_Handler
                0x00080b4c       0xcc objdir/pio_handler.o
                0x00080b4c                PIOA_Handler
 .text.PIOB_Handler
                0x00080c18       0xcc objdir/pio_handler.o
                0x00080c18                PIOB_Handler
 .text.PIOC_Handler
                0x00080ce4       0xcc objdir/pio_handler.o
                0x00080ce4                PIOC_Handler
 .text.process_events
                0x00080db0       0x38 objdir/tasks.o
                0x00080db0                process_events
 .text.udd_ctrl_send_zlp_in
                0x00080de8       0x58 objdir/udphs_device.o
 .text.udd_ep_trans_done
                0x00080e40      0x1cc objdir/udphs_device.o
 .text.udd_ctrl_in_sent
                0x0008100c      0x1bc objdir/udphs_device.o
 .text.UDPHS_Handler
                0x000811c8      0x7e0 objdir/udphs_device.o
                0x000811c8                UDPHS_Handler
 .text.udd_attach
                0x000819a8       0xc4 objdir/udphs_device.o
                0x000819a8                udd_attach
 .text.udd_enable
                0x00081a6c       0xc4 objdir/udphs_device.o
                0x00081a6c                udd_enable
 .text.udd_is_high_speed
                0x00081b30       0x10 objdir/udphs_device.o
                0x00081b30                udd_is_high_speed
 .text.udd_set_address
                0x00081b40       0x28 objdir/udphs_device.o
                0x00081b40                udd_set_address
 .text.udd_getaddress
                0x00081b68       0x10 objdir/udphs_device.o
                0x00081b68                udd_getaddress
 .text.udd_get_frame_number
                0x00081b78       0x10 objdir/udphs_device.o
                0x00081b78                udd_get_frame_number
 .text.udd_set_setup_payload
                0x00081b88        0xc objdir/udphs_device.o
                0x00081b88                udd_set_setup_payload
 .text.udd_ep_alloc
                0x00081b94      0x3ac objdir/udphs_device.o
                0x00081b94                udd_ep_alloc
 .text.udd_ep_free
                0x00081f40       0x84 objdir/udphs_device.o
                0x00081f40                udd_ep_free
 .text.udd_ep_is_halted
                0x00081fc4       0x34 objdir/udphs_device.o
                0x00081fc4                udd_ep_is_halted
 .text.udd_ep_set_halt
                0x00081ff8       0xa4 objdir/udphs_device.o
                0x00081ff8                udd_ep_set_halt
 .text.udd_ep_clear_halt
                0x0008209c       0xd0 objdir/udphs_device.o
                0x0008209c                udd_ep_clear_halt
 .text.udd_ep_run
                0x0008216c       0xdc objdir/udphs_device.o
                0x0008216c                udd_ep_run
 .text.udd_ep_abort
                0x00082248       0x88 objdir/udphs_device.o
                0x00082248                udd_ep_abort
 .text.udd_test_mode_j
                0x000822d0       0x24 objdir/udphs_device.o
                0x000822d0                udd_test_mode_j
 .text.udd_test_mode_k
                0x000822f4       0x24 objdir/udphs_device.o
                0x000822f4                udd_test_mode_k
 .text.udd_test_mode_se0_nak
                0x00082318       0x18 objdir/udphs_device.o
                0x00082318                udd_test_mode_se0_nak
 .text.udd_test_mode_packet
                0x00082330       0x94 objdir/udphs_device.o
                0x00082330                udd_test_mode_packet
 .text._write   0x000823c4       0x54 objdir/write.o
                0x000823c4                _write
 .text.LED_Off  0x00082418       0x20 objdir/led.o
                0x00082418                LED_Off
 .text.LED_On   0x00082438       0x20 objdir/led.o
                0x00082438                LED_On
 .text.Reset_Handler
                0x00082458       0x8c objdir/startup_sam3u.o
                0x00082458                Reset_Handler
 .text.sysclk_enable_usb
                0x000824e4       0x34 objdir/sysclk.o
                0x000824e4                sysclk_enable_usb
 .text.sysclk_init
                0x00082518       0x7c objdir/sysclk.o
                0x00082518                sysclk_init
 .text.pmc_switch_mck_to_mainck
                0x00082594       0x58 objdir/pmc.o
                0x00082594                pmc_switch_mck_to_mainck
 .text.pmc_switch_mck_to_pllack
                0x000825ec       0x58 objdir/pmc.o
                0x000825ec                pmc_switch_mck_to_pllack
 .text.pmc_osc_enable_main_xtal
                0x00082644       0x28 objdir/pmc.o
                0x00082644                pmc_osc_enable_main_xtal
 .text.pmc_osc_is_ready_main_xtal
                0x0008266c       0x10 objdir/pmc.o
                0x0008266c                pmc_osc_is_ready_main_xtal
 .text.pmc_osc_is_ready_mainck
                0x0008267c       0x10 objdir/pmc.o
                0x0008267c                pmc_osc_is_ready_mainck
 .text.pmc_mainck_osc_select
                0x0008268c       0x28 objdir/pmc.o
                0x0008268c                pmc_mainck_osc_select
 .text.pmc_disable_pllack
                0x000826b4       0x10 objdir/pmc.o
                0x000826b4                pmc_disable_pllack
 .text.pmc_is_locked_pllack
                0x000826c4       0x10 objdir/pmc.o
                0x000826c4                pmc_is_locked_pllack
 .text.pmc_disable_upll_clock
                0x000826d4       0x10 objdir/pmc.o
                0x000826d4                pmc_disable_upll_clock
 .text.pmc_is_locked_upll
                0x000826e4       0x10 objdir/pmc.o
                0x000826e4                pmc_is_locked_upll
 .text.pmc_enable_periph_clk
                0x000826f4       0x28 objdir/pmc.o
                0x000826f4                pmc_enable_periph_clk
 .text.pmc_disable_periph_clk
                0x0008271c       0x28 objdir/pmc.o
                0x0008271c                pmc_disable_periph_clk
 .text.pmc_set_fast_startup_input
                0x00082744       0x14 objdir/pmc.o
                0x00082744                pmc_set_fast_startup_input
 .text.pmc_enable_waitmode
                0x00082758       0x34 objdir/pmc.o
                0x00082758                pmc_enable_waitmode
 .text.udi_vendor_getsetting
                0x0008278c        0xc objdir/udi_vendor.o
                0x0008278c                udi_vendor_getsetting
 .text.udi_vendor_disable
                0x00082798       0x14 objdir/udi_vendor.o
                0x00082798                udi_vendor_disable
 .text.udi_vendor_setup
                0x000827ac       0x30 objdir/udi_vendor.o
                0x000827ac                udi_vendor_setup
 .text.udi_vendor_enable
                0x000827dc       0x28 objdir/udi_vendor.o
                0x000827dc                udi_vendor_enable
 .text.udi_vendor_bulk_in_run
                0x00082804       0x1c objdir/udi_vendor.o
                0x00082804                udi_vendor_bulk_in_run
 .text.udi_vendor_bulk_out_run
                0x00082820       0x1c objdir/udi_vendor.o
                0x00082820                udi_vendor_bulk_out_run
 .text.pio_get_interrupt_status
                0x0008283c        0x4 objdir/pio.o
                0x0008283c                pio_get_interrupt_status
 .text.pio_get_interrupt_mask
                0x00082840        0x4 objdir/pio.o
                0x00082840                pio_get_interrupt_mask
 .text.pio_set_pin_high
                0x00082844       0x1c objdir/pio.o
                0x00082844                pio_set_pin_high
 .text.pio_set_pin_low
                0x00082860       0x1c objdir/pio.o
                0x00082860                pio_set_pin_low
 .text.pio_configure_pin
                0x0008287c       0xf8 objdir/pio.o
                0x0008287c                pio_configure_pin
 .text.pio_configure_pin_group
                0x00082974       0xc4 objdir/pio.o
                0x00082974                pio_configure_pin_group
 .text.Dummy_Handler
                0x00082a38        0x4 objdir/exceptions.o
                0x00082a38                DebugMon_Handler
                0x00082a38                DMAC_Handler
                0x00082a38                HardFault_Handler
                0x00082a38                TC2_Handler
                0x00082a38                SPI_Handler
                0x00082a38                SysTick_Handler
                0x00082a38                USART3_Handler
                0x00082a38                TWI1_Handler
                0x00082a38                PendSV_Handler
                0x00082a38                NMI_Handler
                0x00082a38                ADC_Handler
                0x00082a38                SMC_Handler
                0x00082a38                USART0_Handler
                0x00082a38                RTT_Handler
                0x00082a38                EFC1_Handler
                0x00082a38                ADC12B_Handler
                0x00082a38                RTC_Handler
                0x00082a38                UsageFault_Handler
                0x00082a38                WDT_Handler
                0x00082a38                TC1_Handler
                0x00082a38                HSMCI_Handler
                0x00082a38                Dummy_Handler
                0x00082a38                TWI0_Handler
                0x00082a38                USART1_Handler
                0x00082a38                SSC_Handler
                0x00082a38                EFC0_Handler
                0x00082a38                PMC_Handler
                0x00082a38                PWM_Handler
                0x00082a38                MemManage_Handler
                0x00082a38                SUPC_Handler
                0x00082a38                SVC_Handler
                0x00082a38                USART2_Handler
                0x00082a38                UART_Handler
                0x00082a38                BusFault_Handler
                0x00082a38                RSTC_Handler
                0x00082a38                TC0_Handler
 .text.udc_valid_address
                0x00082a3c       0x14 objdir/udc.o
 .text.udc_update_iface_desc.part.0
                0x00082a50       0x58 objdir/udc.o
 .text.udc_iface_enable
                0x00082aa8       0xac objdir/udc.o
 .text.udc_iface_disable.part.1
                0x00082b54       0xa4 objdir/udc.o
 .text.udc_get_interface_desc
                0x00082bf8        0xc objdir/udc.o
                0x00082bf8                udc_get_interface_desc
 .text.udc_start
                0x00082c04        0x8 objdir/udc.o
                0x00082c04                udc_start
 .text.udc_reset
                0x00082c0c       0x94 objdir/udc.o
                0x00082c0c                udc_reset
 .text.udc_sof_notify
                0x00082ca0       0x38 objdir/udc.o
                0x00082ca0                udc_sof_notify
 .text.udc_process_setup
                0x00082cd8      0x63c objdir/udc.o
                0x00082cd8                udc_process_setup
 .text.pmc_sleep
                0x00083314      0x27c objdir/sleep.o
                0x00083314                pmc_sleep
 .text.pmc_is_wakeup_clocks_restored
                0x00083590       0x10 objdir/sleep.o
                0x00083590                pmc_is_wakeup_clocks_restored
 .text._sbrk    0x000835a0       0x3c objdir/syscalls.o
                0x000835a0                _sbrk
 .text._close   0x000835dc        0x8 objdir/syscalls.o
                0x000835dc                _close
 .text._fstat   0x000835e4        0xc objdir/syscalls.o
                0x000835e4                _fstat
 .text._isatty  0x000835f0        0x4 objdir/syscalls.o
                0x000835f0                _isatty
 .text._lseek   0x000835f4        0x4 objdir/syscalls.o
                0x000835f4                _lseek
 .text.uart_init
                0x000835f8       0x3c objdir/uart.o
                0x000835f8                uart_init
 .text.uart_write
                0x00083634       0x10 objdir/uart.o
                0x00083634                uart_write
 .text.uart_read
                0x00083644       0x10 objdir/uart.o
                0x00083644                uart_read
 .text.board_init
                0x00083654       0x6c objdir/init.o
                0x00083654                board_init
 .text._read    0x000836c0       0x3c objdir/read.o
                0x000836c0                _read
 .text.SystemCoreClockUpdate
                0x000836fc      0x110 objdir/system_sam3u.o
                0x000836fc                SystemCoreClockUpdate
 .text.ui_init  0x0008380c       0x1c objdir/ui_cw305.o
                0x0008380c                ui_init
 .text.ui_powerdown
                0x00083828       0x24 objdir/ui_cw305.o
                0x00083828                ui_powerdown
 .text.ui_wakeup
                0x0008384c       0x1c objdir/ui_cw305.o
                0x0008384c                ui_wakeup
 .text.ui_process
                0x00083868       0x58 objdir/ui_cw305.o
                0x00083868                ui_process
 .text.__libc_init_array
                0x000838c0       0x50 c:/program files (x86)/atmel/studio/7.0/toolchain/arm/arm-gnu-toolchain/bin/../lib/gcc/arm-none-eabi/6.3.1/../../../../arm-none-eabi/lib/thumb/v7-m\libg.a(lib_a-init.o)
                0x000838c0                __libc_init_array
 .text.iprintf  0x00083910       0x28 c:/program files (x86)/atmel/studio/7.0/toolchain/arm/arm-gnu-toolchain/bin/../lib/gcc/arm-none-eabi/6.3.1/../../../../arm-none-eabi/lib/thumb/v7-m\libg.a(lib_a-iprintf.o)
                0x00083910                iprintf
 .text          0x00083938       0xec c:/program files (x86)/atmel/studio/7.0/toolchain/arm/arm-gnu-toolchain/bin/../lib/gcc/arm-none-eabi/6.3.1/../../../../arm-none-eabi/lib/thumb/v7-m\libg.a(lib_a-memcpy.o)
                0x00083938                memcpy
 .text.memset   0x00083a24       0x9c c:/program files (x86)/atmel/studio/7.0/toolchain/arm/arm-gnu-toolchain/bin/../lib/gcc/arm-none-eabi/6.3.1/../../../../arm-none-eabi/lib/thumb/v7-m\libg.a(lib_a-memset.o)
                0x00083a24                memset
 .text.setbuf   0x00083ac0       0x10 c:/program files (x86)/atmel/studio/7.0/toolchain/arm/arm-gnu-toolchain/bin/../lib/gcc/arm-none-eabi/6.3.1/../../../../arm-none-eabi/lib/thumb/v7-m\libg.a(lib_a-setbuf.o)
                0x00083ac0                setbuf
 .text.setvbuf  0x00083ad0      0x190 c:/program files (x86)/atmel/studio/7.0/toolchain/arm/arm-gnu-toolchain/bin/../lib/gcc/arm-none-eabi/6.3.1/../../../../arm-none-eabi/lib/thumb/v7-m\libg.a(lib_a-setvbuf.o)
                0x00083ad0                setvbuf
 .text.sprintf  0x00083c60       0x4c c:/program files (x86)/atmel/studio/7.0/toolchain/arm/arm-gnu-toolchain/bin/../lib/gcc/arm-none-eabi/6.3.1/../../../../arm-none-eabi/lib/thumb/v7-m\libg.a(lib_a-sprintf.o)
                0x00083c60                sprintf
 .text._svfprintf_r
                0x00083cac     0x1500 c:/program files (x86)/atmel/studio/7.0/toolchain/arm/arm-gnu-toolchain/bin/../lib/gcc/arm-none-eabi/6.3.1/../../../../arm-none-eabi/lib/thumb/v7-m\libg.a(lib_a-svfprintf.o)
                0x00083cac                _svfprintf_r
 .text.__sprint_r.part.0
                0x000851ac       0x80 c:/program files (x86)/atmel/studio/7.0/toolchain/arm/arm-gnu-toolchain/bin/../lib/gcc/arm-none-eabi/6.3.1/../../../../arm-none-eabi/lib/thumb/v7-m\libg.a(lib_a-vfiprintf.o)
 .text._vfiprintf_r
                0x0008522c      0xc88 c:/program files (x86)/atmel/studio/7.0/toolchain/arm/arm-gnu-toolchain/bin/../lib/gcc/arm-none-eabi/6.3.1/../../../../arm-none-eabi/lib/thumb/v7-m\libg.a(lib_a-vfiprintf.o)
                0x0008522c                _vfiprintf_r
 .text.__sbprintf
                0x00085eb4       0x88 c:/program files (x86)/atmel/studio/7.0/toolchain/arm/arm-gnu-toolchain/bin/../lib/gcc/arm-none-eabi/6.3.1/../../../../arm-none-eabi/lib/thumb/v7-m\libg.a(lib_a-vfiprintf.o)
 .text.__swsetup_r
                0x00085f3c       0xc8 c:/program files (x86)/atmel/studio/7.0/toolchain/arm/arm-gnu-toolchain/bin/../lib/gcc/arm-none-eabi/6.3.1/../../../../arm-none-eabi/lib/thumb/v7-m\libg.a(lib_a-wsetup.o)
                0x00085f3c                __swsetup_r
 .text.startup.register_fini
                0x00086004       0x14 c:/program files (x86)/atmel/studio/7.0/toolchain/arm/arm-gnu-toolchain/bin/../lib/gcc/arm-none-eabi/6.3.1/../../../../arm-none-eabi/lib/thumb/v7-m\libg.a(lib_a-__call_atexit.o)
 .text.atexit   0x00086018        0xc c:/program files (x86)/atmel/studio/7.0/toolchain/arm/arm-gnu-toolchain/bin/../lib/gcc/arm-none-eabi/6.3.1/../../../../arm-none-eabi/lib/thumb/v7-m\libg.a(lib_a-atexit.o)
                0x00086018                atexit
 .text.quorem   0x00086024      0x128 c:/program files (x86)/atmel/studio/7.0/toolchain/arm/arm-gnu-toolchain/bin/../lib/gcc/arm-none-eabi/6.3.1/../../../../arm-none-eabi/lib/thumb/v7-m\libg.a(lib_a-dtoa.o)
 *fill*         0x0008614c        0x4 
 .text._dtoa_r  0x00086150      0xe44 c:/program files (x86)/atmel/studio/7.0/toolchain/arm/arm-gnu-toolchain/bin/../lib/gcc/arm-none-eabi/6.3.1/../../../../arm-none-eabi/lib/thumb/v7-m\libg.a(lib_a-dtoa.o)
                0x00086150                _dtoa_r
 .text.__sflush_r
                0x00086f94      0x138 c:/program files (x86)/atmel/studio/7.0/toolchain/arm/arm-gnu-toolchain/bin/../lib/gcc/arm-none-eabi/6.3.1/../../../../arm-none-eabi/lib/thumb/v7-m\libg.a(lib_a-fflush.o)
                0x00086f94                __sflush_r
 .text._fflush_r
                0x000870cc       0x54 c:/program files (x86)/atmel/studio/7.0/toolchain/arm/arm-gnu-toolchain/bin/../lib/gcc/arm-none-eabi/6.3.1/../../../../arm-none-eabi/lib/thumb/v7-m\libg.a(lib_a-fflush.o)
                0x000870cc                _fflush_r
 .text._cleanup_r
                0x00087120        0xc c:/program files (x86)/atmel/studio/7.0/toolchain/arm/arm-gnu-toolchain/bin/../lib/gcc/arm-none-eabi/6.3.1/../../../../arm-none-eabi/lib/thumb/v7-m\libg.a(lib_a-findfp.o)
                0x00087120                _cleanup_r
 .text.std.isra.0
                0x0008712c       0x50 c:/program files (x86)/atmel/studio/7.0/toolchain/arm/arm-gnu-toolchain/bin/../lib/gcc/arm-none-eabi/6.3.1/../../../../arm-none-eabi/lib/thumb/v7-m\libg.a(lib_a-findfp.o)
 .text.__sinit  0x0008717c       0x60 c:/program files (x86)/atmel/studio/7.0/toolchain/arm/arm-gnu-toolchain/bin/../lib/gcc/arm-none-eabi/6.3.1/../../../../arm-none-eabi/lib/thumb/v7-m\libg.a(lib_a-findfp.o)
                0x0008717c                __sinit
 .text.__sfp_lock_acquire
                0x000871dc        0xc c:/program files (x86)/atmel/studio/7.0/toolchain/arm/arm-gnu-toolchain/bin/../lib/gcc/arm-none-eabi/6.3.1/../../../../arm-none-eabi/lib/thumb/v7-m\libg.a(lib_a-findfp.o)
                0x000871dc                __sfp_lock_acquire
 .text.__sfp_lock_release
                0x000871e8        0xc c:/program files (x86)/atmel/studio/7.0/toolchain/arm/arm-gnu-toolchain/bin/../lib/gcc/arm-none-eabi/6.3.1/../../../../arm-none-eabi/lib/thumb/v7-m\libg.a(lib_a-findfp.o)
                0x000871e8                __sfp_lock_release
 .text.__libc_fini_array
                0x000871f4       0x34 c:/program files (x86)/atmel/studio/7.0/toolchain/arm/arm-gnu-toolchain/bin/../lib/gcc/arm-none-eabi/6.3.1/../../../../arm-none-eabi/lib/thumb/v7-m\libg.a(lib_a-fini.o)
                0x000871f4                __libc_fini_array
 .text.__fputwc
                0x00087228       0x98 c:/program files (x86)/atmel/studio/7.0/toolchain/arm/arm-gnu-toolchain/bin/../lib/gcc/arm-none-eabi/6.3.1/../../../../arm-none-eabi/lib/thumb/v7-m\libg.a(lib_a-fputwc.o)
                0x00087228                __fputwc
 .text._fputwc_r
                0x000872c0       0x68 c:/program files (x86)/atmel/studio/7.0/toolchain/arm/arm-gnu-toolchain/bin/../lib/gcc/arm-none-eabi/6.3.1/../../../../arm-none-eabi/lib/thumb/v7-m\libg.a(lib_a-fputwc.o)
                0x000872c0                _fputwc_r
 .text._malloc_trim_r
                0x00087328       0xa0 c:/program files (x86)/atmel/studio/7.0/toolchain/arm/arm-gnu-toolchain/bin/../lib/gcc/arm-none-eabi/6.3.1/../../../../arm-none-eabi/lib/thumb/v7-m\libg.a(lib_a-freer.o)
                0x00087328                _malloc_trim_r
 .text._free_r  0x000873c8      0x1cc c:/program files (x86)/atmel/studio/7.0/toolchain/arm/arm-gnu-toolchain/bin/../lib/gcc/arm-none-eabi/6.3.1/../../../../arm-none-eabi/lib/thumb/v7-m\libg.a(lib_a-freer.o)
                0x000873c8                _free_r
 .text.__sfvwrite_r
                0x00087594      0x2f4 c:/program files (x86)/atmel/studio/7.0/toolchain/arm/arm-gnu-toolchain/bin/../lib/gcc/arm-none-eabi/6.3.1/../../../../arm-none-eabi/lib/thumb/v7-m\libg.a(lib_a-fvwrite.o)
                0x00087594                __sfvwrite_r
 .text._fwalk_reent
                0x00087888       0x50 c:/program files (x86)/atmel/studio/7.0/toolchain/arm/arm-gnu-toolchain/bin/../lib/gcc/arm-none-eabi/6.3.1/../../../../arm-none-eabi/lib/thumb/v7-m\libg.a(lib_a-fwalk.o)
                0x00087888                _fwalk_reent
 .text.__locale_mb_cur_max
                0x000878d8       0x1c c:/program files (x86)/atmel/studio/7.0/toolchain/arm/arm-gnu-toolchain/bin/../lib/gcc/arm-none-eabi/6.3.1/../../../../arm-none-eabi/lib/thumb/v7-m\libg.a(lib_a-locale.o)
                0x000878d8                __locale_mb_cur_max
 .text._localeconv_r
                0x000878f4       0x1c c:/program files (x86)/atmel/studio/7.0/toolchain/arm/arm-gnu-toolchain/bin/../lib/gcc/arm-none-eabi/6.3.1/../../../../arm-none-eabi/lib/thumb/v7-m\libg.a(lib_a-localeconv.o)
                0x000878f4                _localeconv_r
 .text.__retarget_lock_init_recursive
                0x00087910        0x4 c:/program files (x86)/atmel/studio/7.0/toolchain/arm/arm-gnu-toolchain/bin/../lib/gcc/arm-none-eabi/6.3.1/../../../../arm-none-eabi/lib/thumb/v7-m\libg.a(lib_a-lock.o)
                0x00087910                __retarget_lock_init_recursive
 .text.__retarget_lock_close_recursive
                0x00087914        0x4 c:/program files (x86)/atmel/studio/7.0/toolchain/arm/arm-gnu-toolchain/bin/../lib/gcc/arm-none-eabi/6.3.1/../../../../arm-none-eabi/lib/thumb/v7-m\libg.a(lib_a-lock.o)
                0x00087914                __retarget_lock_close_recursive
 .text.__retarget_lock_acquire_recursive
                0x00087918        0x4 c:/program files (x86)/atmel/studio/7.0/toolchain/arm/arm-gnu-toolchain/bin/../lib/gcc/arm-none-eabi/6.3.1/../../../../arm-none-eabi/lib/thumb/v7-m\libg.a(lib_a-lock.o)
                0x00087918                __retarget_lock_acquire_recursive
 .text.__retarget_lock_release_recursive
                0x0008791c        0x4 c:/program files (x86)/atmel/studio/7.0/toolchain/arm/arm-gnu-toolchain/bin/../lib/gcc/arm-none-eabi/6.3.1/../../../../arm-none-eabi/lib/thumb/v7-m\libg.a(lib_a-lock.o)
                0x0008791c                __retarget_lock_release_recursive
 .text.__swhatbuf_r
                0x00087920       0x5c c:/program files (x86)/atmel/studio/7.0/toolchain/arm/arm-gnu-toolchain/bin/../lib/gcc/arm-none-eabi/6.3.1/../../../../arm-none-eabi/lib/thumb/v7-m\libg.a(lib_a-makebuf.o)
                0x00087920                __swhatbuf_r
 .text.__smakebuf_r
                0x0008797c       0x94 c:/program files (x86)/atmel/studio/7.0/toolchain/arm/arm-gnu-toolchain/bin/../lib/gcc/arm-none-eabi/6.3.1/../../../../arm-none-eabi/lib/thumb/v7-m\libg.a(lib_a-makebuf.o)
                0x0008797c                __smakebuf_r
 .text.malloc   0x00087a10       0x10 c:/program files (x86)/atmel/studio/7.0/toolchain/arm/arm-gnu-toolchain/bin/../lib/gcc/arm-none-eabi/6.3.1/../../../../arm-none-eabi/lib/thumb/v7-m\libg.a(lib_a-malloc.o)
                0x00087a10                malloc
 .text._malloc_r
                0x00087a20      0x544 c:/program files (x86)/atmel/studio/7.0/toolchain/arm/arm-gnu-toolchain/bin/../lib/gcc/arm-none-eabi/6.3.1/../../../../arm-none-eabi/lib/thumb/v7-m\libg.a(lib_a-mallocr.o)
                0x00087a20                _malloc_r
 .text.__ascii_mbtowc
                0x00087f64       0x2c c:/program files (x86)/atmel/studio/7.0/toolchain/arm/arm-gnu-toolchain/bin/../lib/gcc/arm-none-eabi/6.3.1/../../../../arm-none-eabi/lib/thumb/v7-m\libg.a(lib_a-mbtowc_r.o)
                0x00087f64                __ascii_mbtowc
 .text.memchr   0x00087f90       0x8c c:/program files (x86)/atmel/studio/7.0/toolchain/arm/arm-gnu-toolchain/bin/../lib/gcc/arm-none-eabi/6.3.1/../../../../arm-none-eabi/lib/thumb/v7-m\libg.a(lib_a-memchr-stub.o)
                0x00087f90                memchr
 .text.memmove  0x0008801c       0xc8 c:/program files (x86)/atmel/studio/7.0/toolchain/arm/arm-gnu-toolchain/bin/../lib/gcc/arm-none-eabi/6.3.1/../../../../arm-none-eabi/lib/thumb/v7-m\libg.a(lib_a-memmove.o)
                0x0008801c                memmove
 .text.__malloc_lock
                0x000880e4        0xc c:/program files (x86)/atmel/studio/7.0/toolchain/arm/arm-gnu-toolchain/bin/../lib/gcc/arm-none-eabi/6.3.1/../../../../arm-none-eabi/lib/thumb/v7-m\libg.a(lib_a-mlock.o)
                0x000880e4                __malloc_lock
 .text.__malloc_unlock
                0x000880f0        0xc c:/program files (x86)/atmel/studio/7.0/toolchain/arm/arm-gnu-toolchain/bin/../lib/gcc/arm-none-eabi/6.3.1/../../../../arm-none-eabi/lib/thumb/v7-m\libg.a(lib_a-mlock.o)
                0x000880f0                __malloc_unlock
 .text._Balloc  0x000880fc       0x4c c:/program files (x86)/atmel/studio/7.0/toolchain/arm/arm-gnu-toolchain/bin/../lib/gcc/arm-none-eabi/6.3.1/../../../../arm-none-eabi/lib/thumb/v7-m\libg.a(lib_a-mprec.o)
                0x000880fc                _Balloc
 .text._Bfree   0x00088148       0x14 c:/program files (x86)/atmel/studio/7.0/toolchain/arm/arm-gnu-toolchain/bin/../lib/gcc/arm-none-eabi/6.3.1/../../../../arm-none-eabi/lib/thumb/v7-m\libg.a(lib_a-mprec.o)
                0x00088148                _Bfree
 .text.__multadd
                0x0008815c       0x84 c:/program files (x86)/atmel/studio/7.0/toolchain/arm/arm-gnu-toolchain/bin/../lib/gcc/arm-none-eabi/6.3.1/../../../../arm-none-eabi/lib/thumb/v7-m\libg.a(lib_a-mprec.o)
                0x0008815c                __multadd
 .text.__hi0bits
                0x000881e0       0x40 c:/program files (x86)/atmel/studio/7.0/toolchain/arm/arm-gnu-toolchain/bin/../lib/gcc/arm-none-eabi/6.3.1/../../../../arm-none-eabi/lib/thumb/v7-m\libg.a(lib_a-mprec.o)
                0x000881e0                __hi0bits
 .text.__lo0bits
                0x00088220       0x60 c:/program files (x86)/atmel/studio/7.0/toolchain/arm/arm-gnu-toolchain/bin/../lib/gcc/arm-none-eabi/6.3.1/../../../../arm-none-eabi/lib/thumb/v7-m\libg.a(lib_a-mprec.o)
                0x00088220                __lo0bits
 .text.__i2b    0x00088280       0x14 c:/program files (x86)/atmel/studio/7.0/toolchain/arm/arm-gnu-toolchain/bin/../lib/gcc/arm-none-eabi/6.3.1/../../../../arm-none-eabi/lib/thumb/v7-m\libg.a(lib_a-mprec.o)
                0x00088280                __i2b
 .text.__multiply
                0x00088294      0x124 c:/program files (x86)/atmel/studio/7.0/toolchain/arm/arm-gnu-toolchain/bin/../lib/gcc/arm-none-eabi/6.3.1/../../../../arm-none-eabi/lib/thumb/v7-m\libg.a(lib_a-mprec.o)
                0x00088294                __multiply
 .text.__pow5mult
                0x000883b8       0xa0 c:/program files (x86)/atmel/studio/7.0/toolchain/arm/arm-gnu-toolchain/bin/../lib/gcc/arm-none-eabi/6.3.1/../../../../arm-none-eabi/lib/thumb/v7-m\libg.a(lib_a-mprec.o)
                0x000883b8                __pow5mult
 .text.__lshift
                0x00088458       0xa0 c:/program files (x86)/atmel/studio/7.0/toolchain/arm/arm-gnu-toolchain/bin/../lib/gcc/arm-none-eabi/6.3.1/../../../../arm-none-eabi/lib/thumb/v7-m\libg.a(lib_a-mprec.o)
                0x00088458                __lshift
 .text.__mcmp   0x000884f8       0x38 c:/program files (x86)/atmel/studio/7.0/toolchain/arm/arm-gnu-toolchain/bin/../lib/gcc/arm-none-eabi/6.3.1/../../../../arm-none-eabi/lib/thumb/v7-m\libg.a(lib_a-mprec.o)
                0x000884f8                __mcmp
 .text.__mdiff  0x00088530      0x11c c:/program files (x86)/atmel/studio/7.0/toolchain/arm/arm-gnu-toolchain/bin/../lib/gcc/arm-none-eabi/6.3.1/../../../../arm-none-eabi/lib/thumb/v7-m\libg.a(lib_a-mprec.o)
                0x00088530                __mdiff
 .text.__d2b    0x0008864c       0xa8 c:/program files (x86)/atmel/studio/7.0/toolchain/arm/arm-gnu-toolchain/bin/../lib/gcc/arm-none-eabi/6.3.1/../../../../arm-none-eabi/lib/thumb/v7-m\libg.a(lib_a-mprec.o)
                0x0008864c                __d2b
 .text._realloc_r
                0x000886f4      0x36c c:/program files (x86)/atmel/studio/7.0/toolchain/arm/arm-gnu-toolchain/bin/../lib/gcc/arm-none-eabi/6.3.1/../../../../arm-none-eabi/lib/thumb/v7-m\libg.a(lib_a-reallocr.o)
                0x000886f4                _realloc_r
 .text._sbrk_r  0x00088a60       0x24 c:/program files (x86)/atmel/studio/7.0/toolchain/arm/arm-gnu-toolchain/bin/../lib/gcc/arm-none-eabi/6.3.1/../../../../arm-none-eabi/lib/thumb/v7-m\libg.a(lib_a-sbrkr.o)
                0x00088a60                _sbrk_r
 .text.__sread  0x00088a84       0x24 c:/program files (x86)/atmel/studio/7.0/toolchain/arm/arm-gnu-toolchain/bin/../lib/gcc/arm-none-eabi/6.3.1/../../../../arm-none-eabi/lib/thumb/v7-m\libg.a(lib_a-stdio.o)
                0x00088a84                __sread
 .text.__swrite
                0x00088aa8       0x3c c:/program files (x86)/atmel/studio/7.0/toolchain/arm/arm-gnu-toolchain/bin/../lib/gcc/arm-none-eabi/6.3.1/../../../../arm-none-eabi/lib/thumb/v7-m\libg.a(lib_a-stdio.o)
                0x00088aa8                __swrite
 .text.__sseek  0x00088ae4       0x20 c:/program files (x86)/atmel/studio/7.0/toolchain/arm/arm-gnu-toolchain/bin/../lib/gcc/arm-none-eabi/6.3.1/../../../../arm-none-eabi/lib/thumb/v7-m\libg.a(lib_a-stdio.o)
                0x00088ae4                __sseek
 .text.__sclose
                0x00088b04        0x8 c:/program files (x86)/atmel/studio/7.0/toolchain/arm/arm-gnu-toolchain/bin/../lib/gcc/arm-none-eabi/6.3.1/../../../../arm-none-eabi/lib/thumb/v7-m\libg.a(lib_a-stdio.o)
                0x00088b04                __sclose
 .text.strlen   0x00088b0c       0x5c c:/program files (x86)/atmel/studio/7.0/toolchain/arm/arm-gnu-toolchain/bin/../lib/gcc/arm-none-eabi/6.3.1/../../../../arm-none-eabi/lib/thumb/v7-m\libg.a(lib_a-strlen-stub.o)
                0x00088b0c                strlen
 .text.__ssprint_r
                0x00088b68       0xfc c:/program files (x86)/atmel/studio/7.0/toolchain/arm/arm-gnu-toolchain/bin/../lib/gcc/arm-none-eabi/6.3.1/../../../../arm-none-eabi/lib/thumb/v7-m\libg.a(lib_a-svfiprintf.o)
                0x00088b68                __ssprint_r
 .text.__swbuf_r
                0x00088c64       0xb0 c:/program files (x86)/atmel/studio/7.0/toolchain/arm/arm-gnu-toolchain/bin/../lib/gcc/arm-none-eabi/6.3.1/../../../../arm-none-eabi/lib/thumb/v7-m\libg.a(lib_a-wbuf.o)
                0x00088c64                __swbuf_r
 .text._wcrtomb_r
                0x00088d14       0x54 c:/program files (x86)/atmel/studio/7.0/toolchain/arm/arm-gnu-toolchain/bin/../lib/gcc/arm-none-eabi/6.3.1/../../../../arm-none-eabi/lib/thumb/v7-m\libg.a(lib_a-wcrtomb.o)
                0x00088d14                _wcrtomb_r
 .text.__ascii_wctomb
                0x00088d68       0x18 c:/program files (x86)/atmel/studio/7.0/toolchain/arm/arm-gnu-toolchain/bin/../lib/gcc/arm-none-eabi/6.3.1/../../../../arm-none-eabi/lib/thumb/v7-m\libg.a(lib_a-wctomb_r.o)
                0x00088d68                __ascii_wctomb
 .text._write_r
                0x00088d80       0x2c c:/program files (x86)/atmel/studio/7.0/toolchain/arm/arm-gnu-toolchain/bin/../lib/gcc/arm-none-eabi/6.3.1/../../../../arm-none-eabi/lib/thumb/v7-m\libg.a(lib_a-writer.o)
                0x00088d80                _write_r
 .text.__register_exitproc
                0x00088dac       0xc4 c:/program files (x86)/atmel/studio/7.0/toolchain/arm/arm-gnu-toolchain/bin/../lib/gcc/arm-none-eabi/6.3.1/../../../../arm-none-eabi/lib/thumb/v7-m\libg.a(lib_a-__atexit.o)
                0x00088dac                __register_exitproc
 .text._calloc_r
                0x00088e70       0x60 c:/program files (x86)/atmel/studio/7.0/toolchain/arm/arm-gnu-toolchain/bin/../lib/gcc/arm-none-eabi/6.3.1/../../../../arm-none-eabi/lib/thumb/v7-m\libg.a(lib_a-callocr.o)
                0x00088e70                _calloc_r
 .text._close_r
                0x00088ed0       0x24 c:/program files (x86)/atmel/studio/7.0/toolchain/arm/arm-gnu-toolchain/bin/../lib/gcc/arm-none-eabi/6.3.1/../../../../arm-none-eabi/lib/thumb/v7-m\libg.a(lib_a-closer.o)
                0x00088ed0                _close_r
 .text._fclose_r
                0x00088ef4       0xc4 c:/program files (x86)/atmel/studio/7.0/toolchain/arm/arm-gnu-toolchain/bin/../lib/gcc/arm-none-eabi/6.3.1/../../../../arm-none-eabi/lib/thumb/v7-m\libg.a(lib_a-fclose.o)
                0x00088ef4                _fclose_r
 .text._fstat_r
                0x00088fb8       0x28 c:/program files (x86)/atmel/studio/7.0/toolchain/arm/arm-gnu-toolchain/bin/../lib/gcc/arm-none-eabi/6.3.1/../../../../arm-none-eabi/lib/thumb/v7-m\libg.a(lib_a-fstatr.o)
                0x00088fb8                _fstat_r
 .text._isatty_r
                0x00088fe0       0x24 c:/program files (x86)/atmel/studio/7.0/toolchain/arm/arm-gnu-toolchain/bin/../lib/gcc/arm-none-eabi/6.3.1/../../../../arm-none-eabi/lib/thumb/v7-m\libg.a(lib_a-isattyr.o)
                0x00088fe0                _isatty_r
 .text._lseek_r
                0x00089004       0x2c c:/program files (x86)/atmel/studio/7.0/toolchain/arm/arm-gnu-toolchain/bin/../lib/gcc/arm-none-eabi/6.3.1/../../../../arm-none-eabi/lib/thumb/v7-m\libg.a(lib_a-lseekr.o)
                0x00089004                _lseek_r
 .text._read_r  0x00089030       0x2c c:/program files (x86)/atmel/studio/7.0/toolchain/arm/arm-gnu-toolchain/bin/../lib/gcc/arm-none-eabi/6.3.1/../../../../arm-none-eabi/lib/thumb/v7-m\libg.a(lib_a-readr.o)
                0x00089030                _read_r
 .text          0x0008905c      0x370 c:/program files (x86)/atmel/studio/7.0/toolchain/arm/arm-gnu-toolchain/bin/../lib/gcc/arm-none-eabi/6.3.1/thumb/v7-m\libgcc.a(_arm_addsubdf3.o)
                0x0008905c                __aeabi_drsub
                0x00089064                __aeabi_dsub
                0x00089064                __subdf3
                0x00089068                __aeabi_dadd
                0x00089068                __adddf3
                0x000892e0                __floatunsidf
                0x000892e0                __aeabi_ui2d
                0x00089300                __floatsidf
                0x00089300                __aeabi_i2d
                0x00089324                __aeabi_f2d
                0x00089324                __extendsfdf2
                0x00089360                __floatundidf
                0x00089360                __aeabi_ul2d
                0x00089370                __floatdidf
                0x00089370                __aeabi_l2d
 .text          0x000893cc      0x424 c:/program files (x86)/atmel/studio/7.0/toolchain/arm/arm-gnu-toolchain/bin/../lib/gcc/arm-none-eabi/6.3.1/thumb/v7-m\libgcc.a(_arm_muldivdf3.o)
                0x000893cc                __aeabi_dmul
                0x000893cc                __muldf3
                0x00089620                __divdf3
                0x00089620                __aeabi_ddiv
 .text          0x000897f0      0x110 c:/program files (x86)/atmel/studio/7.0/toolchain/arm/arm-gnu-toolchain/bin/../lib/gcc/arm-none-eabi/6.3.1/thumb/v7-m\libgcc.a(_arm_cmpdf2.o)
                0x000897f0                __gtdf2
                0x000897f0                __gedf2
                0x000897f8                __ltdf2
                0x000897f8                __ledf2
                0x00089800                __nedf2
                0x00089800                __eqdf2
                0x00089800                __cmpdf2
                0x0008987c                __aeabi_cdrcmple
                0x0008988c                __aeabi_cdcmpeq
                0x0008988c                __aeabi_cdcmple
                0x0008989c                __aeabi_dcmpeq
                0x000898b0                __aeabi_dcmplt
                0x000898c4                __aeabi_dcmple
                0x000898d8                __aeabi_dcmpge
                0x000898ec                __aeabi_dcmpgt
 .text          0x00089900       0x2c c:/program files (x86)/atmel/studio/7.0/toolchain/arm/arm-gnu-toolchain/bin/../lib/gcc/arm-none-eabi/6.3.1/thumb/v7-m\libgcc.a(_arm_unorddf2.o)
                0x00089900                __unorddf2
                0x00089900                __aeabi_dcmpun
 .text          0x0008992c       0x50 c:/program files (x86)/atmel/studio/7.0/toolchain/arm/arm-gnu-toolchain/bin/../lib/gcc/arm-none-eabi/6.3.1/thumb/v7-m\libgcc.a(_arm_fixdfsi.o)
                0x0008992c                __aeabi_d2iz
                0x0008992c                __fixdfsi
 .text          0x0008997c       0x30 c:/program files (x86)/atmel/studio/7.0/toolchain/arm/arm-gnu-toolchain/bin/../lib/gcc/arm-none-eabi/6.3.1/thumb/v7-m\libgcc.a(_aeabi_uldivmod.o)
                0x0008997c                __aeabi_uldivmod
 .text          0x000899ac      0x2dc c:/program files (x86)/atmel/studio/7.0/toolchain/arm/arm-gnu-toolchain/bin/../lib/gcc/arm-none-eabi/6.3.1/thumb/v7-m\libgcc.a(_udivmoddi4.o)
                0x000899ac                __udivmoddi4
 .text          0x00089c88        0x4 c:/program files (x86)/atmel/studio/7.0/toolchain/arm/arm-gnu-toolchain/bin/../lib/gcc/arm-none-eabi/6.3.1/thumb/v7-m\libgcc.a(_dvmd_tls.o)
                0x00089c88                __aeabi_idiv0
                0x00089c88                __aeabi_ldiv0
 *(.glue_7t)
 .glue_7t       0x00089c8c        0x0 linker stubs
 *(.glue_7)
 .glue_7        0x00089c8c        0x0 linker stubs
 *(.rodata .rodata* .gnu.linkonce.r.*)
 .rodata.main.str1.4
                0x00089c8c       0xb4 objdir/main_cw521.o
 .rodata        0x00089d40       0x35 objdir/udphs_device.o
 *fill*         0x00089d75        0x3 
 .rodata._global_impure_ptr
                0x00089d78        0x4 c:/program files (x86)/atmel/studio/7.0/toolchain/arm/arm-gnu-toolchain/bin/../lib/gcc/arm-none-eabi/6.3.1/../../../../arm-none-eabi/lib/thumb/v7-m\libg.a(lib_a-impure.o)
                0x00089d78                _global_impure_ptr
 .rodata._svfprintf_r.str1.4
                0x00089d7c       0x42 c:/program files (x86)/atmel/studio/7.0/toolchain/arm/arm-gnu-toolchain/bin/../lib/gcc/arm-none-eabi/6.3.1/../../../../arm-none-eabi/lib/thumb/v7-m\libg.a(lib_a-svfprintf.o)
 *fill*         0x00089dbe        0x2 
 .rodata.blanks.7223
                0x00089dc0       0x10 c:/program files (x86)/atmel/studio/7.0/toolchain/arm/arm-gnu-toolchain/bin/../lib/gcc/arm-none-eabi/6.3.1/../../../../arm-none-eabi/lib/thumb/v7-m\libg.a(lib_a-svfprintf.o)
 .rodata.zeroes.7224
                0x00089dd0       0x10 c:/program files (x86)/atmel/studio/7.0/toolchain/arm/arm-gnu-toolchain/bin/../lib/gcc/arm-none-eabi/6.3.1/../../../../arm-none-eabi/lib/thumb/v7-m\libg.a(lib_a-svfprintf.o)
 .rodata._vfiprintf_r.str1.4
                0x00089de0       0x2f c:/program files (x86)/atmel/studio/7.0/toolchain/arm/arm-gnu-toolchain/bin/../lib/gcc/arm-none-eabi/6.3.1/../../../../arm-none-eabi/lib/thumb/v7-m\libg.a(lib_a-vfiprintf.o)
 .rodata.blanks.7217
                0x00089de0       0x10 c:/program files (x86)/atmel/studio/7.0/toolchain/arm/arm-gnu-toolchain/bin/../lib/gcc/arm-none-eabi/6.3.1/../../../../arm-none-eabi/lib/thumb/v7-m\libg.a(lib_a-vfiprintf.o)
 .rodata.zeroes.7218
                0x00089df0       0x10 c:/program files (x86)/atmel/studio/7.0/toolchain/arm/arm-gnu-toolchain/bin/../lib/gcc/arm-none-eabi/6.3.1/../../../../arm-none-eabi/lib/thumb/v7-m\libg.a(lib_a-vfiprintf.o)
 .rodata._dtoa_r.str1.4
                0x00089e00       0x10 c:/program files (x86)/atmel/studio/7.0/toolchain/arm/arm-gnu-toolchain/bin/../lib/gcc/arm-none-eabi/6.3.1/../../../../arm-none-eabi/lib/thumb/v7-m\libg.a(lib_a-dtoa.o)
                                 0x12 (size before relaxing)
 .rodata._setlocale_r.str1.4
                0x00089e10        0xa c:/program files (x86)/atmel/studio/7.0/toolchain/arm/arm-gnu-toolchain/bin/../lib/gcc/arm-none-eabi/6.3.1/../../../../arm-none-eabi/lib/thumb/v7-m\libg.a(lib_a-locale.o)
                                  0xd (size before relaxing)
 *fill*         0x00089e1a        0x2 
 .rodata.str1.4
                0x00089e1c        0x4 c:/program files (x86)/atmel/studio/7.0/toolchain/arm/arm-gnu-toolchain/bin/../lib/gcc/arm-none-eabi/6.3.1/../../../../arm-none-eabi/lib/thumb/v7-m\libg.a(lib_a-locale.o)
                                  0x2 (size before relaxing)
 .rodata.__mprec_bigtens
                0x00089e20       0x28 c:/program files (x86)/atmel/studio/7.0/toolchain/arm/arm-gnu-toolchain/bin/../lib/gcc/arm-none-eabi/6.3.1/../../../../arm-none-eabi/lib/thumb/v7-m\libg.a(lib_a-mprec.o)
                0x00089e20                __mprec_bigtens
 .rodata.__mprec_tens
                0x00089e48       0xc8 c:/program files (x86)/atmel/studio/7.0/toolchain/arm/arm-gnu-toolchain/bin/../lib/gcc/arm-none-eabi/6.3.1/../../../../arm-none-eabi/lib/thumb/v7-m\libg.a(lib_a-mprec.o)
                0x00089e48                __mprec_tens
 .rodata.p05.6055
                0x00089f10        0xc c:/program files (x86)/atmel/studio/7.0/toolchain/arm/arm-gnu-toolchain/bin/../lib/gcc/arm-none-eabi/6.3.1/../../../../arm-none-eabi/lib/thumb/v7-m\libg.a(lib_a-mprec.o)
 .rodata._ctype_
                0x00089f1c      0x101 c:/program files (x86)/atmel/studio/7.0/toolchain/arm/arm-gnu-toolchain/bin/../lib/gcc/arm-none-eabi/6.3.1/../../../../arm-none-eabi/lib/thumb/v7-m\libg.a(lib_a-ctype_.o)
                0x00089f1c                _ctype_
 *(.ARM.extab* .gnu.linkonce.armextab.*)
                0x0008a020                . = ALIGN (0x4)
 *fill*         0x0008a01d        0x3 
 *(.init)
 .init          0x0008a020        0x4 c:/program files (x86)/atmel/studio/7.0/toolchain/arm/arm-gnu-toolchain/bin/../lib/gcc/arm-none-eabi/6.3.1/thumb/v7-m/crti.o
                0x0008a020                _init
 .init          0x0008a024        0x8 c:/program files (x86)/atmel/studio/7.0/toolchain/arm/arm-gnu-toolchain/bin/../lib/gcc/arm-none-eabi/6.3.1/thumb/v7-m/crtn.o
                0x0008a02c                . = ALIGN (0x4)
                0x0008a02c                __preinit_array_start = .
 *(.preinit_array)
                0x0008a02c                __preinit_array_end = .
                0x0008a02c                . = ALIGN (0x4)
                0x0008a02c                __init_array_start = .
 *(SORT(.init_array.*))
 .init_array.00000
                0x0008a02c        0x4 c:/program files (x86)/atmel/studio/7.0/toolchain/arm/arm-gnu-toolchain/bin/../lib/gcc/arm-none-eabi/6.3.1/../../../../arm-none-eabi/lib/thumb/v7-m\libg.a(lib_a-__call_atexit.o)
 *(.init_array)
 .init_array    0x0008a030        0x4 c:/program files (x86)/atmel/studio/7.0/toolchain/arm/arm-gnu-toolchain/bin/../lib/gcc/arm-none-eabi/6.3.1/thumb/v7-m/crtbegin.o
                0x0008a034                __init_array_end = .
                0x0008a034                . = ALIGN (0x4)
 *crtbegin.o(.ctors)
 *(EXCLUDE_FILE(*crtend.o) .ctors)
 *(SORT(.ctors.*))
 *crtend.o(.ctors)
                0x0008a034                . = ALIGN (0x4)
 *(.fini)
 .fini          0x0008a034        0x4 c:/program files (x86)/atmel/studio/7.0/toolchain/arm/arm-gnu-toolchain/bin/../lib/gcc/arm-none-eabi/6.3.1/thumb/v7-m/crti.o
                0x0008a034                _fini
 .fini          0x0008a038        0x8 c:/program files (x86)/atmel/studio/7.0/toolchain/arm/arm-gnu-toolchain/bin/../lib/gcc/arm-none-eabi/6.3.1/thumb/v7-m/crtn.o
                0x0008a040                . = ALIGN (0x4)
                0x0008a040                __fini_array_start = .
 *(.fini_array)
 .fini_array    0x0008a040        0x4 c:/program files (x86)/atmel/studio/7.0/toolchain/arm/arm-gnu-toolchain/bin/../lib/gcc/arm-none-eabi/6.3.1/thumb/v7-m/crtbegin.o
 *(SORT(.fini_array.*))
                0x0008a044                __fini_array_end = .
 *crtbegin.o(.dtors)
 *(EXCLUDE_FILE(*crtend.o) .dtors)
 *(SORT(.dtors.*))
 *crtend.o(.dtors)
                0x0008a044                . = ALIGN (0x4)
                0x0008a044                _efixed = .
                [!provide]                PROVIDE (__exidx_start, .)

.vfp11_veneer   0x0008a044        0x0
 .vfp11_veneer  0x0008a044        0x0 linker stubs

.v4_bx          0x0008a044        0x0
 .v4_bx         0x0008a044        0x0 linker stubs

.iplt           0x0008a044        0x0
 .iplt          0x0008a044        0x0 c:/program files (x86)/atmel/studio/7.0/toolchain/arm/arm-gnu-toolchain/bin/../lib/gcc/arm-none-eabi/6.3.1/thumb/v7-m/crtbegin.o

.ARM.exidx      0x0008a044        0x8
 *(.ARM.exidx* .gnu.linkonce.armexidx.*)
 .ARM.exidx     0x0008a044        0x8 c:/program files (x86)/atmel/studio/7.0/toolchain/arm/arm-gnu-toolchain/bin/../lib/gcc/arm-none-eabi/6.3.1/thumb/v7-m\libgcc.a(_udivmoddi4.o)
                [!provide]                PROVIDE (__exidx_end, .)

.eh_frame       0x0008a04c        0x0
 .eh_frame      0x0008a04c        0x0 c:/program files (x86)/atmel/studio/7.0/toolchain/arm/arm-gnu-toolchain/bin/../lib/gcc/arm-none-eabi/6.3.1/thumb/v7-m/crtbegin.o

.rel.dyn        0x0008a04c        0x0
 .rel.iplt      0x0008a04c        0x0 c:/program files (x86)/atmel/studio/7.0/toolchain/arm/arm-gnu-toolchain/bin/../lib/gcc/arm-none-eabi/6.3.1/thumb/v7-m/crtbegin.o

.jcr            0x0008a04c        0x0
 .jcr           0x0008a04c        0x0 c:/program files (x86)/atmel/studio/7.0/toolchain/arm/arm-gnu-toolchain/bin/../lib/gcc/arm-none-eabi/6.3.1/thumb/v7-m/crtbegin.o

.igot.plt       0x0008a04c        0x0
 .igot.plt      0x0008a04c        0x0 c:/program files (x86)/atmel/studio/7.0/toolchain/arm/arm-gnu-toolchain/bin/../lib/gcc/arm-none-eabi/6.3.1/thumb/v7-m/crtbegin.o
                0x0008a04c                . = ALIGN (0x4)
                0x0008a04c                _etext = .

.relocate       0x20000000      0xc88 load address 0x0008a04c
                0x20000000                . = ALIGN (0x4)
                0x20000000                _srelocate = .
 *(.ramfunc .ramfunc.*)
 .ramfunc       0x20000000       0x94 objdir/efc.o
                0x20000000                efc_perform_read_sequence
                0x20000078                efc_write_fmr
                0x2000007c                efc_perform_fcr
 .ramfunc       0x20000094       0xfc objdir/system_sam3u.o
                0x20000094                SystemInit
                0x20000124                system_init_flash
 *(.data .data.*)
 .data.usb_serial_number
                0x20000190       0x21 objdir/main_cw521.o
                0x20000190                usb_serial_number
 .data.main_b_vendor_enable
                0x200001b1        0x1 objdir/usb.o
 *fill*         0x200001b2        0x2 
 .data.sram_size
                0x200001b4        0x4 objdir/usb.o
                0x200001b4                sram_size
 .data.xram     0x200001b8        0x4 objdir/usb_xmem.o
                0x200001b8                xram
 .data.udi_api_vendor
                0x200001bc       0x14 objdir/udi_vendor.o
                0x200001bc                udi_api_vendor
 .data.udc_string_desc
                0x200001d0       0x42 objdir/udc.o
 *fill*         0x20000212        0x2 
 .data.udc_string_desc_languageid
                0x20000214        0x4 objdir/udc.o
 .data.udc_string_manufacturer_name
                0x20000218       0x16 objdir/udc.o
 *fill*         0x2000022e        0x2 
 .data.udc_string_product_name
                0x20000230       0x14 objdir/udc.o
 .data.g_interrupt_enabled
                0x20000244        0x1 objdir/interrupt_sam_nvic.o
                0x20000244                g_interrupt_enabled
 *fill*         0x20000245        0x3 
 .data.udc_config
                0x20000248       0x18 objdir/udi_vendor_desc.o
                0x20000248                udc_config
 .data.udc_config_hs
                0x20000260        0x8 objdir/udi_vendor_desc.o
                0x20000260                udc_config_hs
 .data.udc_config_lsfs
                0x20000268        0x8 objdir/udi_vendor_desc.o
                0x20000268                udc_config_lsfs
 .data.udc_desc_fs
                0x20000270       0x20 objdir/udi_vendor_desc.o
                0x20000270                udc_desc_fs
 .data.udc_desc_hs
                0x20000290       0x20 objdir/udi_vendor_desc.o
                0x20000290                udc_desc_hs
 .data.udc_device_desc
                0x200002b0       0x12 objdir/udi_vendor_desc.o
                0x200002b0                udc_device_desc
 *fill*         0x200002c2        0x2 
 .data.udc_device_qual
                0x200002c4        0xa objdir/udi_vendor_desc.o
                0x200002c4                udc_device_qual
 *fill*         0x200002ce        0x2 
 .data.udi_apis
                0x200002d0        0x4 objdir/udi_vendor_desc.o
                0x200002d0                udi_apis
 .data.SystemCoreClock
                0x200002d4        0x4 objdir/system_sam3u.o
                0x200002d4                SystemCoreClock
 .data._impure_ptr
                0x200002d8        0x4 c:/program files (x86)/atmel/studio/7.0/toolchain/arm/arm-gnu-toolchain/bin/../lib/gcc/arm-none-eabi/6.3.1/../../../../arm-none-eabi/lib/thumb/v7-m\libg.a(lib_a-impure.o)
                0x200002d8                _impure_ptr
 *fill*         0x200002dc        0x4 
 .data.impure_data
                0x200002e0      0x428 c:/program files (x86)/atmel/studio/7.0/toolchain/arm/arm-gnu-toolchain/bin/../lib/gcc/arm-none-eabi/6.3.1/../../../../arm-none-eabi/lib/thumb/v7-m\libg.a(lib_a-impure.o)
 .data.__atexit_recursive_mutex
                0x20000708        0x4 c:/program files (x86)/atmel/studio/7.0/toolchain/arm/arm-gnu-toolchain/bin/../lib/gcc/arm-none-eabi/6.3.1/../../../../arm-none-eabi/lib/thumb/v7-m\libg.a(lib_a-__call_atexit.o)
                0x20000708                __atexit_recursive_mutex
 .data.__global_locale
                0x2000070c      0x16c c:/program files (x86)/atmel/studio/7.0/toolchain/arm/arm-gnu-toolchain/bin/../lib/gcc/arm-none-eabi/6.3.1/../../../../arm-none-eabi/lib/thumb/v7-m\libg.a(lib_a-locale.o)
                0x2000070c                __global_locale
 .data.__malloc_av_
                0x20000878      0x408 c:/program files (x86)/atmel/studio/7.0/toolchain/arm/arm-gnu-toolchain/bin/../lib/gcc/arm-none-eabi/6.3.1/../../../../arm-none-eabi/lib/thumb/v7-m\libg.a(lib_a-mallocr.o)
                0x20000878                __malloc_av_
 .data.__malloc_sbrk_base
                0x20000c80        0x4 c:/program files (x86)/atmel/studio/7.0/toolchain/arm/arm-gnu-toolchain/bin/../lib/gcc/arm-none-eabi/6.3.1/../../../../arm-none-eabi/lib/thumb/v7-m\libg.a(lib_a-mallocr.o)
                0x20000c80                __malloc_sbrk_base
 .data.__malloc_trim_threshold
                0x20000c84        0x4 c:/program files (x86)/atmel/studio/7.0/toolchain/arm/arm-gnu-toolchain/bin/../lib/gcc/arm-none-eabi/6.3.1/../../../../arm-none-eabi/lib/thumb/v7-m\libg.a(lib_a-mallocr.o)
                0x20000c84                __malloc_trim_threshold
                0x20000c88                . = ALIGN (0x4)
                0x20000c88                _erelocate = .

.bss            0x20000c88     0x2958 load address 0x0008acd4
                0x20000c88                . = ALIGN (0x4)
                0x20000c88                _sbss = .
                0x20000c88                _szero = .
 *(.bss .bss.*)
 .bss           0x20000c88       0x1c c:/program files (x86)/atmel/studio/7.0/toolchain/arm/arm-gnu-toolchain/bin/../lib/gcc/arm-none-eabi/6.3.1/thumb/v7-m/crtbegin.o
 .bss.blockendpoint_usage
                0x20000ca4        0x1 objdir/usb.o
 *fill*         0x20000ca5        0x3 
 .bss.buffer    0x20000ca8     0x2328 objdir/usb.o
 .bss.bulkread_address
                0x20002fd0        0x4 objdir/usb.o
 .bss.ctrlbuffer
                0x20002fd4       0x40 objdir/usb.o
 .bss.ctrlmemread_buf
                0x20003014        0x4 objdir/usb.o
 .bss.ctrlmemread_size
                0x20003018        0x4 objdir/usb.o
 .bss.found_err
                0x2000301c        0x2 objdir/usb.o
 *fill*         0x2000301e        0x2 
 .bss.main_buf_loopback
                0x20003020      0x400 objdir/usb.o
 .bss.respbuf.9186
                0x20003420       0x40 objdir/usb.o
 .bss.seed      0x20003460       0x10 objdir/usb.o
 .bss.seeded    0x20003470        0x4 objdir/usb.o
 .bss.state     0x20003474       0x10 objdir/usb.o
 .bss._fpga_locked
                0x20003484        0x1 objdir/usb_xmem.o
 *fill*         0x20003485        0x3 
 .bss.gs_interrupt_sources
                0x20003488       0x70 objdir/pio_handler.o
 .bss.nextCnt.8935
                0x200034f8        0x4 objdir/tasks.o
 .bss.b_shortpacket.8363
                0x200034fc        0x1 objdir/udphs_device.o
 .bss.udd_b_idle
                0x200034fd        0x1 objdir/udphs_device.o
 .bss.udd_ctrl_payload_buf_cnt
                0x200034fe        0x2 objdir/udphs_device.o
 .bss.udd_ctrl_prev_payload_buf_cnt
                0x20003500        0x2 objdir/udphs_device.o
 .bss.udd_ep_control_state
                0x20003502        0x1 objdir/udphs_device.o
 *fill*         0x20003503        0x1 
 .bss.udd_ep_job
                0x20003504       0x30 objdir/udphs_device.o
 .bss.udi_vendor_alternate_setting
                0x20003534        0x1 objdir/udi_vendor.o
 *fill*         0x20003535        0x1 
 .bss.udc_device_status
                0x20003536        0x2 objdir/udc.o
 .bss.udc_ep_status.7285
                0x20003538        0x2 objdir/udc.o
 .bss.udc_iface_setting.7355
                0x2000353a        0x1 objdir/udc.o
 .bss.udc_num_configuration
                0x2000353b        0x1 objdir/udc.o
 .bss.udc_ptr_conf
                0x2000353c        0x4 objdir/udc.o
 .bss.udc_ptr_iface
                0x20003540        0x4 objdir/udc.o
 .bss.b_is_sleep_clock_used
                0x20003544        0x1 objdir/sleep.o
 *fill*         0x20003545        0x3 
 .bss.callback_clocks_restored
                0x20003548        0x4 objdir/sleep.o
 .bss.heap.5297
                0x2000354c        0x4 objdir/syscalls.o
 .bss.__malloc_current_mallinfo
                0x20003550       0x28 c:/program files (x86)/atmel/studio/7.0/toolchain/arm/arm-gnu-toolchain/bin/../lib/gcc/arm-none-eabi/6.3.1/../../../../arm-none-eabi/lib/thumb/v7-m\libg.a(lib_a-mallocr.o)
                0x20003550                __malloc_current_mallinfo
 .bss.__malloc_max_sbrked_mem
                0x20003578        0x4 c:/program files (x86)/atmel/studio/7.0/toolchain/arm/arm-gnu-toolchain/bin/../lib/gcc/arm-none-eabi/6.3.1/../../../../arm-none-eabi/lib/thumb/v7-m\libg.a(lib_a-mallocr.o)
                0x20003578                __malloc_max_sbrked_mem
 .bss.__malloc_max_total_mem
                0x2000357c        0x4 c:/program files (x86)/atmel/studio/7.0/toolchain/arm/arm-gnu-toolchain/bin/../lib/gcc/arm-none-eabi/6.3.1/../../../../arm-none-eabi/lib/thumb/v7-m\libg.a(lib_a-mallocr.o)
                0x2000357c                __malloc_max_total_mem
 .bss.__malloc_top_pad
                0x20003580        0x4 c:/program files (x86)/atmel/studio/7.0/toolchain/arm/arm-gnu-toolchain/bin/../lib/gcc/arm-none-eabi/6.3.1/../../../../arm-none-eabi/lib/thumb/v7-m\libg.a(lib_a-mallocr.o)
                0x20003580                __malloc_top_pad
 *(COMMON)
 COMMON         0x20003584        0x8 objdir/tasks.o
                0x20003584                timerEnabled
                0x20003588                task_tickCnt
 COMMON         0x2000358c       0x18 objdir/udphs_device.o
                0x2000358c                udd_g_ctrlreq
 COMMON         0x200035a4        0x8 objdir/write.o
                0x200035a4                ptr_put
                0x200035a8                stdio_base
 COMMON         0x200035ac        0x4 objdir/read.o
                0x200035ac                ptr_get
 COMMON         0x200035b0        0x6 objdir/sleepmgr.o
                0x200035b0                sleepmgr_locks
 *fill*         0x200035b6        0x2 
 COMMON         0x200035b8       0x21 c:/program files (x86)/atmel/studio/7.0/toolchain/arm/arm-gnu-toolchain/bin/../lib/gcc/arm-none-eabi/6.3.1/../../../../arm-none-eabi/lib/thumb/v7-m\libg.a(lib_a-lock.o)
                0x200035b8                __lock___atexit_recursive_mutex
                0x200035bc                __lock___arc4random_mutex
                0x200035c0                __lock___env_recursive_mutex
                0x200035c4                __lock___sinit_recursive_mutex
                0x200035c8                __lock___malloc_recursive_mutex
                0x200035cc                __lock___at_quick_exit_mutex
                0x200035d0                __lock___dd_hash_mutex
                0x200035d4                __lock___tz_mutex
                0x200035d8                __lock___sfp_recursive_mutex
 *fill*         0x200035d9        0x3 
 COMMON         0x200035dc        0x4 c:/program files (x86)/atmel/studio/7.0/toolchain/arm/arm-gnu-toolchain/bin/../lib/gcc/arm-none-eabi/6.3.1/../../../../arm-none-eabi/lib/thumb/v7-m\libg.a(lib_a-reent.o)
                0x200035dc                errno
                0x200035e0                . = ALIGN (0x4)
                0x200035e0                _ebss = .
                0x200035e0                _ezero = .

.stack          0x20080000     0x4000
                0x20080000                . = ALIGN (0x8)
                0x20080000                _sstack = .
                0x20084000                . = (. + __stack_size__)
 *fill*         0x20080000     0x4000 
                0x20084000                . = ALIGN (0x8)
                0x20084000                _estack = .
                0x20084000                . = ALIGN (0x4)
                0x20084000                _end = .
OUTPUT(cw521-CW521.elf elf32-littlearm)

.ARM.attributes
                0x00000000       0x29
 .ARM.attributes
                0x00000000       0x1d c:/program files (x86)/atmel/studio/7.0/toolchain/arm/arm-gnu-toolchain/bin/../lib/gcc/arm-none-eabi/6.3.1/thumb/v7-m/crti.o
 .ARM.attributes
                0x0000001d       0x2d c:/program files (x86)/atmel/studio/7.0/toolchain/arm/arm-gnu-toolchain/bin/../lib/gcc/arm-none-eabi/6.3.1/thumb/v7-m/crtbegin.o
 .ARM.attributes
                0x0000004a       0x33 objdir/main_cw521.o
 .ARM.attributes
                0x0000007d       0x33 objdir/usb.o
 .ARM.attributes
                0x000000b0       0x33 objdir/flash_efc.o
 .ARM.attributes
                0x000000e3       0x33 objdir/usart.o
 .ARM.attributes
                0x00000116       0x33 objdir/usb_xmem.o
 .ARM.attributes
                0x00000149       0x33 objdir/smc.o
 .ARM.attributes
                0x0000017c       0x33 objdir/pio_handler.o
 .ARM.attributes
                0x000001af       0x33 objdir/tasks.o
 .ARM.attributes
                0x000001e2       0x33 objdir/udphs_device.o
 .ARM.attributes
                0x00000215       0x33 objdir/write.o
 .ARM.attributes
                0x00000248       0x33 objdir/led.o
 .ARM.attributes
                0x0000027b       0x33 objdir/startup_sam3u.o
 .ARM.attributes
                0x000002ae       0x33 objdir/sysclk.o
 .ARM.attributes
                0x000002e1       0x33 objdir/pmc.o
 .ARM.attributes
                0x00000314       0x33 objdir/udi_vendor.o
 .ARM.attributes
                0x00000347       0x33 objdir/efc.o
 .ARM.attributes
                0x0000037a       0x33 objdir/pio.o
 .ARM.attributes
                0x000003ad       0x33 objdir/exceptions.o
 .ARM.attributes
                0x000003e0       0x33 objdir/udc.o
 .ARM.attributes
                0x00000413       0x33 objdir/sleep.o
 .ARM.attributes
                0x00000446       0x33 objdir/syscalls.o
 .ARM.attributes
                0x00000479       0x33 objdir/uart.o
 .ARM.attributes
                0x000004ac       0x33 objdir/init.o
 .ARM.attributes
                0x000004df       0x33 objdir/interrupt_sam_nvic.o
 .ARM.attributes
                0x00000512       0x33 objdir/read.o
 .ARM.attributes
                0x00000545       0x33 objdir/udi_vendor_desc.o
 .ARM.attributes
                0x00000578       0x33 objdir/system_sam3u.o
 .ARM.attributes
                0x000005ab       0x33 objdir/sleepmgr.o
 .ARM.attributes
                0x000005de       0x33 objdir/ui_cw305.o
 .ARM.attributes
                0x00000611       0x2d c:/program files (x86)/atmel/studio/7.0/toolchain/arm/arm-gnu-toolchain/bin/../lib/gcc/arm-none-eabi/6.3.1/../../../../arm-none-eabi/lib/thumb/v7-m\libg.a(lib_a-impure.o)
 .ARM.attributes
                0x0000063e       0x2d c:/program files (x86)/atmel/studio/7.0/toolchain/arm/arm-gnu-toolchain/bin/../lib/gcc/arm-none-eabi/6.3.1/../../../../arm-none-eabi/lib/thumb/v7-m\libg.a(lib_a-init.o)
 .ARM.attributes
                0x0000066b       0x2d c:/program files (x86)/atmel/studio/7.0/toolchain/arm/arm-gnu-toolchain/bin/../lib/gcc/arm-none-eabi/6.3.1/../../../../arm-none-eabi/lib/thumb/v7-m\libg.a(lib_a-iprintf.o)
 .ARM.attributes
                0x00000698       0x1b c:/program files (x86)/atmel/studio/7.0/toolchain/arm/arm-gnu-toolchain/bin/../lib/gcc/arm-none-eabi/6.3.1/../../../../arm-none-eabi/lib/thumb/v7-m\libg.a(lib_a-memcpy.o)
 .ARM.attributes
                0x000006b3       0x2d c:/program files (x86)/atmel/studio/7.0/toolchain/arm/arm-gnu-toolchain/bin/../lib/gcc/arm-none-eabi/6.3.1/../../../../arm-none-eabi/lib/thumb/v7-m\libg.a(lib_a-memset.o)
 .ARM.attributes
                0x000006e0       0x2d c:/program files (x86)/atmel/studio/7.0/toolchain/arm/arm-gnu-toolchain/bin/../lib/gcc/arm-none-eabi/6.3.1/../../../../arm-none-eabi/lib/thumb/v7-m\libg.a(lib_a-setbuf.o)
 .ARM.attributes
                0x0000070d       0x2d c:/program files (x86)/atmel/studio/7.0/toolchain/arm/arm-gnu-toolchain/bin/../lib/gcc/arm-none-eabi/6.3.1/../../../../arm-none-eabi/lib/thumb/v7-m\libg.a(lib_a-setvbuf.o)
 .ARM.attributes
                0x0000073a       0x2d c:/program files (x86)/atmel/studio/7.0/toolchain/arm/arm-gnu-toolchain/bin/../lib/gcc/arm-none-eabi/6.3.1/../../../../arm-none-eabi/lib/thumb/v7-m\libg.a(lib_a-sprintf.o)
 .ARM.attributes
                0x00000767       0x2d c:/program files (x86)/atmel/studio/7.0/toolchain/arm/arm-gnu-toolchain/bin/../lib/gcc/arm-none-eabi/6.3.1/../../../../arm-none-eabi/lib/thumb/v7-m\libg.a(lib_a-svfprintf.o)
 .ARM.attributes
                0x00000794       0x2d c:/program files (x86)/atmel/studio/7.0/toolchain/arm/arm-gnu-toolchain/bin/../lib/gcc/arm-none-eabi/6.3.1/../../../../arm-none-eabi/lib/thumb/v7-m\libg.a(lib_a-vfiprintf.o)
 .ARM.attributes
                0x000007c1       0x2d c:/program files (x86)/atmel/studio/7.0/toolchain/arm/arm-gnu-toolchain/bin/../lib/gcc/arm-none-eabi/6.3.1/../../../../arm-none-eabi/lib/thumb/v7-m\libg.a(lib_a-wsetup.o)
 .ARM.attributes
                0x000007ee       0x2d c:/program files (x86)/atmel/studio/7.0/toolchain/arm/arm-gnu-toolchain/bin/../lib/gcc/arm-none-eabi/6.3.1/../../../../arm-none-eabi/lib/thumb/v7-m\libg.a(lib_a-__call_atexit.o)
 .ARM.attributes
                0x0000081b       0x2d c:/program files (x86)/atmel/studio/7.0/toolchain/arm/arm-gnu-toolchain/bin/../lib/gcc/arm-none-eabi/6.3.1/../../../../arm-none-eabi/lib/thumb/v7-m\libg.a(lib_a-atexit.o)
 .ARM.attributes
                0x00000848       0x2d c:/program files (x86)/atmel/studio/7.0/toolchain/arm/arm-gnu-toolchain/bin/../lib/gcc/arm-none-eabi/6.3.1/../../../../arm-none-eabi/lib/thumb/v7-m\libg.a(lib_a-dtoa.o)
 .ARM.attributes
                0x00000875       0x2d c:/program files (x86)/atmel/studio/7.0/toolchain/arm/arm-gnu-toolchain/bin/../lib/gcc/arm-none-eabi/6.3.1/../../../../arm-none-eabi/lib/thumb/v7-m\libg.a(lib_a-fflush.o)
 .ARM.attributes
                0x000008a2       0x2d c:/program files (x86)/atmel/studio/7.0/toolchain/arm/arm-gnu-toolchain/bin/../lib/gcc/arm-none-eabi/6.3.1/../../../../arm-none-eabi/lib/thumb/v7-m\libg.a(lib_a-findfp.o)
 .ARM.attributes
                0x000008cf       0x2d c:/program files (x86)/atmel/studio/7.0/toolchain/arm/arm-gnu-toolchain/bin/../lib/gcc/arm-none-eabi/6.3.1/../../../../arm-none-eabi/lib/thumb/v7-m\libg.a(lib_a-fini.o)
 .ARM.attributes
                0x000008fc       0x2d c:/program files (x86)/atmel/studio/7.0/toolchain/arm/arm-gnu-toolchain/bin/../lib/gcc/arm-none-eabi/6.3.1/../../../../arm-none-eabi/lib/thumb/v7-m\libg.a(lib_a-fputwc.o)
 .ARM.attributes
                0x00000929       0x2d c:/program files (x86)/atmel/studio/7.0/toolchain/arm/arm-gnu-toolchain/bin/../lib/gcc/arm-none-eabi/6.3.1/../../../../arm-none-eabi/lib/thumb/v7-m\libg.a(lib_a-freer.o)
 .ARM.attributes
                0x00000956       0x2d c:/program files (x86)/atmel/studio/7.0/toolchain/arm/arm-gnu-toolchain/bin/../lib/gcc/arm-none-eabi/6.3.1/../../../../arm-none-eabi/lib/thumb/v7-m\libg.a(lib_a-fvwrite.o)
 .ARM.attributes
                0x00000983       0x2d c:/program files (x86)/atmel/studio/7.0/toolchain/arm/arm-gnu-toolchain/bin/../lib/gcc/arm-none-eabi/6.3.1/../../../../arm-none-eabi/lib/thumb/v7-m\libg.a(lib_a-fwalk.o)
 .ARM.attributes
                0x000009b0       0x2d c:/program files (x86)/atmel/studio/7.0/toolchain/arm/arm-gnu-toolchain/bin/../lib/gcc/arm-none-eabi/6.3.1/../../../../arm-none-eabi/lib/thumb/v7-m\libg.a(lib_a-locale.o)
 .ARM.attributes
                0x000009dd       0x2d c:/program files (x86)/atmel/studio/7.0/toolchain/arm/arm-gnu-toolchain/bin/../lib/gcc/arm-none-eabi/6.3.1/../../../../arm-none-eabi/lib/thumb/v7-m\libg.a(lib_a-localeconv.o)
 .ARM.attributes
                0x00000a0a       0x2d c:/program files (x86)/atmel/studio/7.0/toolchain/arm/arm-gnu-toolchain/bin/../lib/gcc/arm-none-eabi/6.3.1/../../../../arm-none-eabi/lib/thumb/v7-m\libg.a(lib_a-lock.o)
 .ARM.attributes
                0x00000a37       0x2d c:/program files (x86)/atmel/studio/7.0/toolchain/arm/arm-gnu-toolchain/bin/../lib/gcc/arm-none-eabi/6.3.1/../../../../arm-none-eabi/lib/thumb/v7-m\libg.a(lib_a-makebuf.o)
 .ARM.attributes
                0x00000a64       0x2d c:/program files (x86)/atmel/studio/7.0/toolchain/arm/arm-gnu-toolchain/bin/../lib/gcc/arm-none-eabi/6.3.1/../../../../arm-none-eabi/lib/thumb/v7-m\libg.a(lib_a-malloc.o)
 .ARM.attributes
                0x00000a91       0x2d c:/program files (x86)/atmel/studio/7.0/toolchain/arm/arm-gnu-toolchain/bin/../lib/gcc/arm-none-eabi/6.3.1/../../../../arm-none-eabi/lib/thumb/v7-m\libg.a(lib_a-mallocr.o)
 .ARM.attributes
                0x00000abe       0x2d c:/program files (x86)/atmel/studio/7.0/toolchain/arm/arm-gnu-toolchain/bin/../lib/gcc/arm-none-eabi/6.3.1/../../../../arm-none-eabi/lib/thumb/v7-m\libg.a(lib_a-mbtowc_r.o)
 .ARM.attributes
                0x00000aeb       0x2d c:/program files (x86)/atmel/studio/7.0/toolchain/arm/arm-gnu-toolchain/bin/../lib/gcc/arm-none-eabi/6.3.1/../../../../arm-none-eabi/lib/thumb/v7-m\libg.a(lib_a-memchr-stub.o)
 .ARM.attributes
                0x00000b18       0x2d c:/program files (x86)/atmel/studio/7.0/toolchain/arm/arm-gnu-toolchain/bin/../lib/gcc/arm-none-eabi/6.3.1/../../../../arm-none-eabi/lib/thumb/v7-m\libg.a(lib_a-memmove.o)
 .ARM.attributes
                0x00000b45       0x2d c:/program files (x86)/atmel/studio/7.0/toolchain/arm/arm-gnu-toolchain/bin/../lib/gcc/arm-none-eabi/6.3.1/../../../../arm-none-eabi/lib/thumb/v7-m\libg.a(lib_a-mlock.o)
 .ARM.attributes
                0x00000b72       0x2d c:/program files (x86)/atmel/studio/7.0/toolchain/arm/arm-gnu-toolchain/bin/../lib/gcc/arm-none-eabi/6.3.1/../../../../arm-none-eabi/lib/thumb/v7-m\libg.a(lib_a-mprec.o)
 .ARM.attributes
                0x00000b9f       0x2d c:/program files (x86)/atmel/studio/7.0/toolchain/arm/arm-gnu-toolchain/bin/../lib/gcc/arm-none-eabi/6.3.1/../../../../arm-none-eabi/lib/thumb/v7-m\libg.a(lib_a-reallocr.o)
 .ARM.attributes
                0x00000bcc       0x2d c:/program files (x86)/atmel/studio/7.0/toolchain/arm/arm-gnu-toolchain/bin/../lib/gcc/arm-none-eabi/6.3.1/../../../../arm-none-eabi/lib/thumb/v7-m\libg.a(lib_a-sbrkr.o)
 .ARM.attributes
                0x00000bf9       0x2d c:/program files (x86)/atmel/studio/7.0/toolchain/arm/arm-gnu-toolchain/bin/../lib/gcc/arm-none-eabi/6.3.1/../../../../arm-none-eabi/lib/thumb/v7-m\libg.a(lib_a-stdio.o)
 .ARM.attributes
                0x00000c26       0x2d c:/program files (x86)/atmel/studio/7.0/toolchain/arm/arm-gnu-toolchain/bin/../lib/gcc/arm-none-eabi/6.3.1/../../../../arm-none-eabi/lib/thumb/v7-m\libg.a(lib_a-strlen-stub.o)
 .ARM.attributes
                0x00000c53       0x2d c:/program files (x86)/atmel/studio/7.0/toolchain/arm/arm-gnu-toolchain/bin/../lib/gcc/arm-none-eabi/6.3.1/../../../../arm-none-eabi/lib/thumb/v7-m\libg.a(lib_a-svfiprintf.o)
 .ARM.attributes
                0x00000c80       0x2d c:/program files (x86)/atmel/studio/7.0/toolchain/arm/arm-gnu-toolchain/bin/../lib/gcc/arm-none-eabi/6.3.1/../../../../arm-none-eabi/lib/thumb/v7-m\libg.a(lib_a-wbuf.o)
 .ARM.attributes
                0x00000cad       0x2d c:/program files (x86)/atmel/studio/7.0/toolchain/arm/arm-gnu-toolchain/bin/../lib/gcc/arm-none-eabi/6.3.1/../../../../arm-none-eabi/lib/thumb/v7-m\libg.a(lib_a-wcrtomb.o)
 .ARM.attributes
                0x00000cda       0x2d c:/program files (x86)/atmel/studio/7.0/toolchain/arm/arm-gnu-toolchain/bin/../lib/gcc/arm-none-eabi/6.3.1/../../../../arm-none-eabi/lib/thumb/v7-m\libg.a(lib_a-wctomb_r.o)
 .ARM.attributes
                0x00000d07       0x2d c:/program files (x86)/atmel/studio/7.0/toolchain/arm/arm-gnu-toolchain/bin/../lib/gcc/arm-none-eabi/6.3.1/../../../../arm-none-eabi/lib/thumb/v7-m\libg.a(lib_a-writer.o)
 .ARM.attributes
                0x00000d34       0x2d c:/program files (x86)/atmel/studio/7.0/toolchain/arm/arm-gnu-toolchain/bin/../lib/gcc/arm-none-eabi/6.3.1/../../../../arm-none-eabi/lib/thumb/v7-m\libg.a(lib_a-__atexit.o)
 .ARM.attributes
                0x00000d61       0x2d c:/program files (x86)/atmel/studio/7.0/toolchain/arm/arm-gnu-toolchain/bin/../lib/gcc/arm-none-eabi/6.3.1/../../../../arm-none-eabi/lib/thumb/v7-m\libg.a(lib_a-callocr.o)
 .ARM.attributes
                0x00000d8e       0x2d c:/program files (x86)/atmel/studio/7.0/toolchain/arm/arm-gnu-toolchain/bin/../lib/gcc/arm-none-eabi/6.3.1/../../../../arm-none-eabi/lib/thumb/v7-m\libg.a(lib_a-closer.o)
 .ARM.attributes
                0x00000dbb       0x2d c:/program files (x86)/atmel/studio/7.0/toolchain/arm/arm-gnu-toolchain/bin/../lib/gcc/arm-none-eabi/6.3.1/../../../../arm-none-eabi/lib/thumb/v7-m\libg.a(lib_a-ctype_.o)
 .ARM.attributes
                0x00000de8       0x2d c:/program files (x86)/atmel/studio/7.0/toolchain/arm/arm-gnu-toolchain/bin/../lib/gcc/arm-none-eabi/6.3.1/../../../../arm-none-eabi/lib/thumb/v7-m\libg.a(lib_a-fclose.o)
 .ARM.attributes
                0x00000e15       0x2d c:/program files (x86)/atmel/studio/7.0/toolchain/arm/arm-gnu-toolchain/bin/../lib/gcc/arm-none-eabi/6.3.1/../../../../arm-none-eabi/lib/thumb/v7-m\libg.a(lib_a-fstatr.o)
 .ARM.attributes
                0x00000e42       0x2d c:/program files (x86)/atmel/studio/7.0/toolchain/arm/arm-gnu-toolchain/bin/../lib/gcc/arm-none-eabi/6.3.1/../../../../arm-none-eabi/lib/thumb/v7-m\libg.a(lib_a-isattyr.o)
 .ARM.attributes
                0x00000e6f       0x2d c:/program files (x86)/atmel/studio/7.0/toolchain/arm/arm-gnu-toolchain/bin/../lib/gcc/arm-none-eabi/6.3.1/../../../../arm-none-eabi/lib/thumb/v7-m\libg.a(lib_a-lseekr.o)
 .ARM.attributes
                0x00000e9c       0x2d c:/program files (x86)/atmel/studio/7.0/toolchain/arm/arm-gnu-toolchain/bin/../lib/gcc/arm-none-eabi/6.3.1/../../../../arm-none-eabi/lib/thumb/v7-m\libg.a(lib_a-readr.o)
 .ARM.attributes
                0x00000ec9       0x2d c:/program files (x86)/atmel/studio/7.0/toolchain/arm/arm-gnu-toolchain/bin/../lib/gcc/arm-none-eabi/6.3.1/../../../../arm-none-eabi/lib/thumb/v7-m\libg.a(lib_a-reent.o)
 .ARM.attributes
                0x00000ef6       0x1d c:/program files (x86)/atmel/studio/7.0/toolchain/arm/arm-gnu-toolchain/bin/../lib/gcc/arm-none-eabi/6.3.1/thumb/v7-m\libgcc.a(_arm_addsubdf3.o)
 .ARM.attributes
                0x00000f13       0x1d c:/program files (x86)/atmel/studio/7.0/toolchain/arm/arm-gnu-toolchain/bin/../lib/gcc/arm-none-eabi/6.3.1/thumb/v7-m\libgcc.a(_arm_muldivdf3.o)
 .ARM.attributes
                0x00000f30       0x1d c:/program files (x86)/atmel/studio/7.0/toolchain/arm/arm-gnu-toolchain/bin/../lib/gcc/arm-none-eabi/6.3.1/thumb/v7-m\libgcc.a(_arm_cmpdf2.o)
 .ARM.attributes
                0x00000f4d       0x1d c:/program files (x86)/atmel/studio/7.0/toolchain/arm/arm-gnu-toolchain/bin/../lib/gcc/arm-none-eabi/6.3.1/thumb/v7-m\libgcc.a(_arm_unorddf2.o)
 .ARM.attributes
                0x00000f6a       0x1d c:/program files (x86)/atmel/studio/7.0/toolchain/arm/arm-gnu-toolchain/bin/../lib/gcc/arm-none-eabi/6.3.1/thumb/v7-m\libgcc.a(_arm_fixdfsi.o)
 .ARM.attributes
                0x00000f87       0x1d c:/program files (x86)/atmel/studio/7.0/toolchain/arm/arm-gnu-toolchain/bin/../lib/gcc/arm-none-eabi/6.3.1/thumb/v7-m\libgcc.a(_aeabi_uldivmod.o)
 .ARM.attributes
                0x00000fa4       0x2d c:/program files (x86)/atmel/studio/7.0/toolchain/arm/arm-gnu-toolchain/bin/../lib/gcc/arm-none-eabi/6.3.1/thumb/v7-m\libgcc.a(_udivmoddi4.o)
 .ARM.attributes
                0x00000fd1       0x1d c:/program files (x86)/atmel/studio/7.0/toolchain/arm/arm-gnu-toolchain/bin/../lib/gcc/arm-none-eabi/6.3.1/thumb/v7-m\libgcc.a(_dvmd_tls.o)
 .ARM.attributes
                0x00000fee       0x1d c:/program files (x86)/atmel/studio/7.0/toolchain/arm/arm-gnu-toolchain/bin/../lib/gcc/arm-none-eabi/6.3.1/thumb/v7-m/crtn.o

.comment        0x00000000       0x59
 .comment       0x00000000       0x59 objdir/main_cw521.o
                                 0x5a (size before relaxing)
 .comment       0x00000059       0x5a objdir/usb.o
 .comment       0x00000059       0x5a objdir/flash_efc.o
 .comment       0x00000059       0x5a objdir/usart.o
 .comment       0x00000059       0x5a objdir/usb_xmem.o
 .comment       0x00000059       0x5a objdir/smc.o
 .comment       0x00000059       0x5a objdir/pio_handler.o
 .comment       0x00000059       0x5a objdir/tasks.o
 .comment       0x00000059       0x5a objdir/udphs_device.o
 .comment       0x00000059       0x5a objdir/write.o
 .comment       0x00000059       0x5a objdir/led.o
 .comment       0x00000059       0x5a objdir/startup_sam3u.o
 .comment       0x00000059       0x5a objdir/sysclk.o
 .comment       0x00000059       0x5a objdir/pmc.o
 .comment       0x00000059       0x5a objdir/udi_vendor.o
 .comment       0x00000059       0x5a objdir/efc.o
 .comment       0x00000059       0x5a objdir/pio.o
 .comment       0x00000059       0x5a objdir/exceptions.o
 .comment       0x00000059       0x5a objdir/udc.o
 .comment       0x00000059       0x5a objdir/sleep.o
 .comment       0x00000059       0x5a objdir/syscalls.o
 .comment       0x00000059       0x5a objdir/uart.o
 .comment       0x00000059       0x5a objdir/init.o
 .comment       0x00000059       0x5a objdir/interrupt_sam_nvic.o
 .comment       0x00000059       0x5a objdir/read.o
 .comment       0x00000059       0x5a objdir/udi_vendor_desc.o
 .comment       0x00000059       0x5a objdir/system_sam3u.o
 .comment       0x00000059       0x5a objdir/sleepmgr.o
 .comment       0x00000059       0x5a objdir/ui_cw305.o

.debug_info     0x00000000    0x260f6
 .debug_info    0x00000000     0x24ce objdir/main_cw521.o
 .debug_info    0x000024ce     0x19f2 objdir/usb.o
 .debug_info    0x00003ec0     0x1fa0 objdir/flash_efc.o
 .debug_info    0x00005e60     0x2b75 objdir/usart.o
 .debug_info    0x000089d5      0xfc2 objdir/usb_xmem.o
 .debug_info    0x00009997     0x12d6 objdir/smc.o
 .debug_info    0x0000ac6d     0x18f1 objdir/pio_handler.o
 .debug_info    0x0000c55e      0xf7f objdir/tasks.o
 .debug_info    0x0000d4dd     0x3fc2 objdir/udphs_device.o
 .debug_info    0x0001149f      0xac6 objdir/write.o
 .debug_info    0x00011f65      0xb27 objdir/led.o
 .debug_info    0x00012a8c      0xd45 objdir/startup_sam3u.o
 .debug_info    0x000137d1     0x129c objdir/sysclk.o
 .debug_info    0x00014a6d     0x18bd objdir/pmc.o
 .debug_info    0x0001632a     0x113a objdir/udi_vendor.o
 .debug_info    0x00017464     0x1014 objdir/efc.o
 .debug_info    0x00018478     0x1ebd objdir/pio.o
 .debug_info    0x0001a335      0xa39 objdir/exceptions.o
 .debug_info    0x0001ad6e     0x2013 objdir/udc.o
 .debug_info    0x0001cd81     0x12e1 objdir/sleep.o
 .debug_info    0x0001e062      0xde0 objdir/syscalls.o
 .debug_info    0x0001ee42     0x1198 objdir/uart.o
 .debug_info    0x0001ffda     0x110d objdir/init.o
 .debug_info    0x000210e7      0xb02 objdir/interrupt_sam_nvic.o
 .debug_info    0x00021be9      0xac9 objdir/read.o
 .debug_info    0x000226b2     0x119c objdir/udi_vendor_desc.o
 .debug_info    0x0002384e      0xd66 objdir/system_sam3u.o
 .debug_info    0x000245b4      0xa8e objdir/sleepmgr.o
 .debug_info    0x00025042     0x10b4 objdir/ui_cw305.o

.debug_abbrev   0x00000000     0x54b5
 .debug_abbrev  0x00000000      0x427 objdir/main_cw521.o
 .debug_abbrev  0x00000427      0x4fa objdir/usb.o
 .debug_abbrev  0x00000921      0x3b0 objdir/flash_efc.o
 .debug_abbrev  0x00000cd1      0x3ca objdir/usart.o
 .debug_abbrev  0x0000109b      0x202 objdir/usb_xmem.o
 .debug_abbrev  0x0000129d      0x29e objdir/smc.o
 .debug_abbrev  0x0000153b      0x3ca objdir/pio_handler.o
 .debug_abbrev  0x00001905      0x1ef objdir/tasks.o
 .debug_abbrev  0x00001af4      0x63c objdir/udphs_device.o
 .debug_abbrev  0x00002130      0x1e9 objdir/write.o
 .debug_abbrev  0x00002319      0x1fc objdir/led.o
 .debug_abbrev  0x00002515      0x217 objdir/startup_sam3u.o
 .debug_abbrev  0x0000272c      0x33a objdir/sysclk.o
 .debug_abbrev  0x00002a66      0x324 objdir/pmc.o
 .debug_abbrev  0x00002d8a      0x2c9 objdir/udi_vendor.o
 .debug_abbrev  0x00003053      0x3aa objdir/efc.o
 .debug_abbrev  0x000033fd      0x3d6 objdir/pio.o
 .debug_abbrev  0x000037d3      0x1a4 objdir/exceptions.o
 .debug_abbrev  0x00003977      0x461 objdir/udc.o
 .debug_abbrev  0x00003dd8      0x2f9 objdir/sleep.o
 .debug_abbrev  0x000040d1      0x280 objdir/syscalls.o
 .debug_abbrev  0x00004351      0x2d6 objdir/uart.o
 .debug_abbrev  0x00004627      0x2cb objdir/init.o
 .debug_abbrev  0x000048f2      0x22c objdir/interrupt_sam_nvic.o
 .debug_abbrev  0x00004b1e      0x1fe objdir/read.o
 .debug_abbrev  0x00004d1c      0x1d8 objdir/udi_vendor_desc.o
 .debug_abbrev  0x00004ef4      0x1ff objdir/system_sam3u.o
 .debug_abbrev  0x000050f3      0x1b2 objdir/sleepmgr.o
 .debug_abbrev  0x000052a5      0x210 objdir/ui_cw305.o

.debug_loc      0x00000000     0xa39a
 .debug_loc     0x00000000      0x3f4 objdir/main_cw521.o
 .debug_loc     0x000003f4      0x756 objdir/usb.o
 .debug_loc     0x00000b4a     0x187b objdir/flash_efc.o
 .debug_loc     0x000023c5     0x1bc9 objdir/usart.o
 .debug_loc     0x00003f8e      0x270 objdir/smc.o
 .debug_loc     0x000041fe      0x78c objdir/pio_handler.o
 .debug_loc     0x0000498a       0x20 objdir/tasks.o
 .debug_loc     0x000049aa     0x1e70 objdir/udphs_device.o
 .debug_loc     0x0000681a      0x13a objdir/write.o
 .debug_loc     0x00006954      0x13c objdir/led.o
 .debug_loc     0x00006a90       0x20 objdir/startup_sam3u.o
 .debug_loc     0x00006ab0      0x205 objdir/sysclk.o
 .debug_loc     0x00006cb5      0xa04 objdir/pmc.o
 .debug_loc     0x000076b9      0x1a6 objdir/udi_vendor.o
 .debug_loc     0x0000785f      0x4a9 objdir/efc.o
 .debug_loc     0x00007d08     0x10ca objdir/pio.o
 .debug_loc     0x00008dd2      0xa51 objdir/udc.o
 .debug_loc     0x00009823      0x52a objdir/sleep.o
 .debug_loc     0x00009d4d      0x179 objdir/syscalls.o
 .debug_loc     0x00009ec6      0x203 objdir/uart.o
 .debug_loc     0x0000a0c9       0x94 objdir/init.o
 .debug_loc     0x0000a15d       0x2c objdir/interrupt_sam_nvic.o
 .debug_loc     0x0000a189       0xd6 objdir/read.o
 .debug_loc     0x0000a25f       0x44 objdir/system_sam3u.o
 .debug_loc     0x0000a2a3       0xf7 objdir/ui_cw305.o

.debug_aranges  0x00000000      0xda8
 .debug_aranges
                0x00000000       0x38 objdir/main_cw521.o
 .debug_aranges
                0x00000038       0xb0 objdir/usb.o
 .debug_aranges
                0x000000e8       0xb0 objdir/flash_efc.o
 .debug_aranges
                0x00000198      0x210 objdir/usart.o
 .debug_aranges
                0x000003a8       0x28 objdir/usb_xmem.o
 .debug_aranges
                0x000003d0       0xe8 objdir/smc.o
 .debug_aranges
                0x000004b8       0x50 objdir/pio_handler.o
 .debug_aranges
                0x00000508       0x20 objdir/tasks.o
 .debug_aranges
                0x00000528       0xf8 objdir/udphs_device.o
 .debug_aranges
                0x00000620       0x20 objdir/write.o
 .debug_aranges
                0x00000640       0x28 objdir/led.o
 .debug_aranges
                0x00000668       0x20 objdir/startup_sam3u.o
 .debug_aranges
                0x00000688       0x40 objdir/sysclk.o
 .debug_aranges
                0x000006c8      0x1e0 objdir/pmc.o
 .debug_aranges
                0x000008a8       0x48 objdir/udi_vendor.o
 .debug_aranges
                0x000008f0       0x80 objdir/efc.o
 .debug_aranges
                0x00000970      0x130 objdir/pio.o
 .debug_aranges
                0x00000aa0       0x20 objdir/exceptions.o
 .debug_aranges
                0x00000ac0       0x68 objdir/udc.o
 .debug_aranges
                0x00000b28       0x30 objdir/sleep.o
 .debug_aranges
                0x00000b58       0x60 objdir/syscalls.o
 .debug_aranges
                0x00000bb8       0xe0 objdir/uart.o
 .debug_aranges
                0x00000c98       0x30 objdir/init.o
 .debug_aranges
                0x00000cc8       0x28 objdir/interrupt_sam_nvic.o
 .debug_aranges
                0x00000cf0       0x20 objdir/read.o
 .debug_aranges
                0x00000d10       0x18 objdir/udi_vendor_desc.o
 .debug_aranges
                0x00000d28       0x30 objdir/system_sam3u.o
 .debug_aranges
                0x00000d58       0x18 objdir/sleepmgr.o
 .debug_aranges
                0x00000d70       0x38 objdir/ui_cw305.o

.debug_ranges   0x00000000     0x2630
 .debug_ranges  0x00000000       0xc8 objdir/main_cw521.o
 .debug_ranges  0x000000c8      0x140 objdir/usb.o
 .debug_ranges  0x00000208      0x1c8 objdir/flash_efc.o
 .debug_ranges  0x000003d0      0x9f8 objdir/usart.o
 .debug_ranges  0x00000dc8       0x18 objdir/usb_xmem.o
 .debug_ranges  0x00000de0       0xd8 objdir/smc.o
 .debug_ranges  0x00000eb8       0xe0 objdir/pio_handler.o
 .debug_ranges  0x00000f98       0x10 objdir/tasks.o
 .debug_ranges  0x00000fa8      0x9e8 objdir/udphs_device.o
 .debug_ranges  0x00001990       0x10 objdir/write.o
 .debug_ranges  0x000019a0       0x18 objdir/led.o
 .debug_ranges  0x000019b8       0x10 objdir/startup_sam3u.o
 .debug_ranges  0x000019c8       0x30 objdir/sysclk.o
 .debug_ranges  0x000019f8      0x1e8 objdir/pmc.o
 .debug_ranges  0x00001be0       0x38 objdir/udi_vendor.o
 .debug_ranges  0x00001c18       0x90 objdir/efc.o
 .debug_ranges  0x00001ca8      0x3f8 objdir/pio.o
 .debug_ranges  0x000020a0       0x10 objdir/exceptions.o
 .debug_ranges  0x000020b0      0x308 objdir/udc.o
 .debug_ranges  0x000023b8       0x80 objdir/sleep.o
 .debug_ranges  0x00002438       0x50 objdir/syscalls.o
 .debug_ranges  0x00002488       0xd0 objdir/uart.o
 .debug_ranges  0x00002558       0x68 objdir/init.o
 .debug_ranges  0x000025c0       0x18 objdir/interrupt_sam_nvic.o
 .debug_ranges  0x000025d8       0x10 objdir/read.o
 .debug_ranges  0x000025e8       0x20 objdir/system_sam3u.o
 .debug_ranges  0x00002608       0x28 objdir/ui_cw305.o

.debug_macro    0x00000000    0x1a23c
 .debug_macro   0x00000000      0x829 objdir/main_cw521.o
 .debug_macro   0x00000829      0x8e6 objdir/main_cw521.o
 .debug_macro   0x0000110f      0x16d objdir/main_cw521.o
 .debug_macro   0x0000127c      0x4b5 objdir/main_cw521.o
 .debug_macro   0x00001731       0x76 objdir/main_cw521.o
 .debug_macro   0x000017a7       0x16 objdir/main_cw521.o
 .debug_macro   0x000017bd      0x6e1 objdir/main_cw521.o
 .debug_macro   0x00001e9e       0x22 objdir/main_cw521.o
 .debug_macro   0x00001ec0       0x87 objdir/main_cw521.o
 .debug_macro   0x00001f47       0x51 objdir/main_cw521.o
 .debug_macro   0x00001f98       0xef objdir/main_cw521.o
 .debug_macro   0x00002087       0x6a objdir/main_cw521.o
 .debug_macro   0x000020f1      0x1df objdir/main_cw521.o
 .debug_macro   0x000022d0       0x20 objdir/main_cw521.o
 .debug_macro   0x000022f0       0x3a objdir/main_cw521.o
 .debug_macro   0x0000232a       0x18 objdir/main_cw521.o
 .debug_macro   0x00002342      0xb08 objdir/main_cw521.o
 .debug_macro   0x00002e4a      0x419 objdir/main_cw521.o
 .debug_macro   0x00003263      0x46f objdir/main_cw521.o
 .debug_macro   0x000036d2      0x2b2 objdir/main_cw521.o
 .debug_macro   0x00003984      0x5d3 objdir/main_cw521.o
 .debug_macro   0x00003f57       0x82 objdir/main_cw521.o
 .debug_macro   0x00003fd9       0x1c objdir/main_cw521.o
 .debug_macro   0x00003ff5      0x699 objdir/main_cw521.o
 .debug_macro   0x0000468e      0x4ba objdir/main_cw521.o
 .debug_macro   0x00004b48       0xbe objdir/main_cw521.o
 .debug_macro   0x00004c06     0x233f objdir/main_cw521.o
 .debug_macro   0x00006f45      0x68d objdir/main_cw521.o
 .debug_macro   0x000075d2      0xa5f objdir/main_cw521.o
 .debug_macro   0x00008031       0x7c objdir/main_cw521.o
 .debug_macro   0x000080ad      0x261 objdir/main_cw521.o
 .debug_macro   0x0000830e       0x58 objdir/main_cw521.o
 .debug_macro   0x00008366      0x9a5 objdir/main_cw521.o
 .debug_macro   0x00008d0b      0x246 objdir/main_cw521.o
 .debug_macro   0x00008f51      0x4dc objdir/main_cw521.o
 .debug_macro   0x0000942d      0x6b0 objdir/main_cw521.o
 .debug_macro   0x00009add      0x560 objdir/main_cw521.o
 .debug_macro   0x0000a03d      0x34a objdir/main_cw521.o
 .debug_macro   0x0000a387      0x289 objdir/main_cw521.o
 .debug_macro   0x0000a610      0x751 objdir/main_cw521.o
 .debug_macro   0x0000ad61      0x6b2 objdir/main_cw521.o
 .debug_macro   0x0000b413       0x76 objdir/main_cw521.o
 .debug_macro   0x0000b489       0x82 objdir/main_cw521.o
 .debug_macro   0x0000b50b       0x76 objdir/main_cw521.o
 .debug_macro   0x0000b581       0x4c objdir/main_cw521.o
 .debug_macro   0x0000b5cd       0xe2 objdir/main_cw521.o
 .debug_macro   0x0000b6af       0x88 objdir/main_cw521.o
 .debug_macro   0x0000b737       0x88 objdir/main_cw521.o
 .debug_macro   0x0000b7bf      0x2c6 objdir/main_cw521.o
 .debug_macro   0x0000ba85       0xac objdir/main_cw521.o
 .debug_macro   0x0000bb31       0xac objdir/main_cw521.o
 .debug_macro   0x0000bbdd       0xac objdir/main_cw521.o
 .debug_macro   0x0000bc89       0xac objdir/main_cw521.o
 .debug_macro   0x0000bd35      0x24f objdir/main_cw521.o
 .debug_macro   0x0000bf84       0x7c objdir/main_cw521.o
 .debug_macro   0x0000c000       0x70 objdir/main_cw521.o
 .debug_macro   0x0000c070       0xee objdir/main_cw521.o
 .debug_macro   0x0000c15e      0x162 objdir/main_cw521.o
 .debug_macro   0x0000c2c0       0x64 objdir/main_cw521.o
 .debug_macro   0x0000c324       0x88 objdir/main_cw521.o